Archive member included to satisfy reference by file (symbol)

c:/program files (x86)/atmel/studio/7.0/toolchain/avr8/avr8-gnu-toolchain/bin/../lib/gcc/avr/5.4.0/avr5\libgcc.a(_udivmodsi4.o)
                              Lanzador.o (__udivmodsi4)
c:/program files (x86)/atmel/studio/7.0/toolchain/avr8/avr8-gnu-toolchain/bin/../lib/gcc/avr/5.4.0/avr5\libgcc.a(_exit.o)
                              C:/Program Files (x86)/Atmel/Studio/7.0/Packs/atmel/ATmega_DFP/1.7.374/gcc/dev/atmega640/avr5/crtatmega640.o (exit)
c:/program files (x86)/atmel/studio/7.0/toolchain/avr8/avr8-gnu-toolchain/bin/../lib/gcc/avr/5.4.0/avr5\libgcc.a(_tablejump2.o)
                              Displays.o (__tablejump2__)
c:/program files (x86)/atmel/studio/7.0/toolchain/avr8/avr8-gnu-toolchain/bin/../lib/gcc/avr/5.4.0/avr5\libgcc.a(_copy_data.o)
                              Bolera.o (__do_copy_data)
c:/program files (x86)/atmel/studio/7.0/toolchain/avr8/avr8-gnu-toolchain/bin/../lib/gcc/avr/5.4.0/avr5\libgcc.a(_clear_bss.o)
                              Displays.o (__do_clear_bss)

Allocating common symbols
Common symbol       size              file

ECPos               0x2               Elevadores.o
pulsador            0x2               Displays.o
ERpos               0x2               Elevadores.o

Discarded input sections

 .data          0x00000000        0x0 C:/Program Files (x86)/Atmel/Studio/7.0/Packs/atmel/ATmega_DFP/1.7.374/gcc/dev/atmega640/avr5/crtatmega640.o
 .bss           0x00000000        0x0 C:/Program Files (x86)/Atmel/Studio/7.0/Packs/atmel/ATmega_DFP/1.7.374/gcc/dev/atmega640/avr5/crtatmega640.o
 .text          0x00000000        0x0 Bolera.o
 .data          0x00000000        0x0 Bolera.o
 .bss           0x00000000        0x0 Bolera.o
 .text.pararVertical
                0x00000000       0x12 Bolera.o
 .text.getSensor1
                0x00000000        0xc Bolera.o
 .text.getSensor2
                0x00000000        0x8 Bolera.o
 .text.getSensor5
                0x00000000        0xc Bolera.o
 .text.getSensor6
                0x00000000        0xc Bolera.o
 .text.getOptico
                0x00000000       0x2a Bolera.o
 .text          0x00000000        0x0 ConfiguracionV1.o
 .data          0x00000000        0x0 ConfiguracionV1.o
 .bss           0x00000000        0x0 ConfiguracionV1.o
 .text          0x00000000        0x0 Displays.o
 .data          0x00000000        0x0 Displays.o
 .bss           0x00000000        0x0 Displays.o
 COMMON         0x00000000        0x2 Displays.o
 .text          0x00000000        0x0 Elevadores.o
 .data          0x00000000        0x0 Elevadores.o
 .bss           0x00000000        0x0 Elevadores.o
 .text.bajaER   0x00000000       0x12 Elevadores.o
 .text.subeER   0x00000000       0x12 Elevadores.o
 .text.getEstadoER
                0x00000000        0xa Elevadores.o
 .text.disparo  0x00000000       0x1e Elevadores.o
 .text.recarga  0x00000000       0x3a Elevadores.o
 .bss.disparador
                0x00000000        0x2 Elevadores.o
 .bss.rutina    0x00000000        0x2 Elevadores.o
 .text          0x00000000        0x0 Lanzador.o
 .data          0x00000000        0x0 Lanzador.o
 .bss           0x00000000        0x0 Lanzador.o
 .text.rightInterrupt
                0x00000000       0x18 Lanzador.o
 .text.middleInterrupt
                0x00000000       0x26 Lanzador.o
 .text.leftInterrupt
                0x00000000       0x18 Lanzador.o
 .text.setTime  0x00000000       0x1a Lanzador.o
 .text          0x00000000        0x0 main.o
 .data          0x00000000        0x0 main.o
 .bss           0x00000000        0x0 main.o
 .text          0x00000000        0x0 Sensores_bolos.o
 .data          0x00000000        0x0 Sensores_bolos.o
 .bss           0x00000000        0x0 Sensores_bolos.o
 .text.setup_Sensores
                0x00000000       0x18 Sensores_bolos.o
 .text          0x00000000        0x0 c:/program files (x86)/atmel/studio/7.0/toolchain/avr8/avr8-gnu-toolchain/bin/../lib/gcc/avr/5.4.0/avr5\libgcc.a(_udivmodsi4.o)
 .data          0x00000000        0x0 c:/program files (x86)/atmel/studio/7.0/toolchain/avr8/avr8-gnu-toolchain/bin/../lib/gcc/avr/5.4.0/avr5\libgcc.a(_udivmodsi4.o)
 .bss           0x00000000        0x0 c:/program files (x86)/atmel/studio/7.0/toolchain/avr8/avr8-gnu-toolchain/bin/../lib/gcc/avr/5.4.0/avr5\libgcc.a(_udivmodsi4.o)
 .text.libgcc.mul
                0x00000000        0x0 c:/program files (x86)/atmel/studio/7.0/toolchain/avr8/avr8-gnu-toolchain/bin/../lib/gcc/avr/5.4.0/avr5\libgcc.a(_udivmodsi4.o)
 .text.libgcc   0x00000000        0x0 c:/program files (x86)/atmel/studio/7.0/toolchain/avr8/avr8-gnu-toolchain/bin/../lib/gcc/avr/5.4.0/avr5\libgcc.a(_udivmodsi4.o)
 .text.libgcc.prologue
                0x00000000        0x0 c:/program files (x86)/atmel/studio/7.0/toolchain/avr8/avr8-gnu-toolchain/bin/../lib/gcc/avr/5.4.0/avr5\libgcc.a(_udivmodsi4.o)
 .text.libgcc.builtins
                0x00000000        0x0 c:/program files (x86)/atmel/studio/7.0/toolchain/avr8/avr8-gnu-toolchain/bin/../lib/gcc/avr/5.4.0/avr5\libgcc.a(_udivmodsi4.o)
 .text.libgcc.fmul
                0x00000000        0x0 c:/program files (x86)/atmel/studio/7.0/toolchain/avr8/avr8-gnu-toolchain/bin/../lib/gcc/avr/5.4.0/avr5\libgcc.a(_udivmodsi4.o)
 .text.libgcc.fixed
                0x00000000        0x0 c:/program files (x86)/atmel/studio/7.0/toolchain/avr8/avr8-gnu-toolchain/bin/../lib/gcc/avr/5.4.0/avr5\libgcc.a(_udivmodsi4.o)
 .text          0x00000000        0x0 c:/program files (x86)/atmel/studio/7.0/toolchain/avr8/avr8-gnu-toolchain/bin/../lib/gcc/avr/5.4.0/avr5\libgcc.a(_exit.o)
 .data          0x00000000        0x0 c:/program files (x86)/atmel/studio/7.0/toolchain/avr8/avr8-gnu-toolchain/bin/../lib/gcc/avr/5.4.0/avr5\libgcc.a(_exit.o)
 .bss           0x00000000        0x0 c:/program files (x86)/atmel/studio/7.0/toolchain/avr8/avr8-gnu-toolchain/bin/../lib/gcc/avr/5.4.0/avr5\libgcc.a(_exit.o)
 .text.libgcc.mul
                0x00000000        0x0 c:/program files (x86)/atmel/studio/7.0/toolchain/avr8/avr8-gnu-toolchain/bin/../lib/gcc/avr/5.4.0/avr5\libgcc.a(_exit.o)
 .text.libgcc.div
                0x00000000        0x0 c:/program files (x86)/atmel/studio/7.0/toolchain/avr8/avr8-gnu-toolchain/bin/../lib/gcc/avr/5.4.0/avr5\libgcc.a(_exit.o)
 .text.libgcc   0x00000000        0x0 c:/program files (x86)/atmel/studio/7.0/toolchain/avr8/avr8-gnu-toolchain/bin/../lib/gcc/avr/5.4.0/avr5\libgcc.a(_exit.o)
 .text.libgcc.prologue
                0x00000000        0x0 c:/program files (x86)/atmel/studio/7.0/toolchain/avr8/avr8-gnu-toolchain/bin/../lib/gcc/avr/5.4.0/avr5\libgcc.a(_exit.o)
 .text.libgcc.builtins
                0x00000000        0x0 c:/program files (x86)/atmel/studio/7.0/toolchain/avr8/avr8-gnu-toolchain/bin/../lib/gcc/avr/5.4.0/avr5\libgcc.a(_exit.o)
 .text.libgcc.fmul
                0x00000000        0x0 c:/program files (x86)/atmel/studio/7.0/toolchain/avr8/avr8-gnu-toolchain/bin/../lib/gcc/avr/5.4.0/avr5\libgcc.a(_exit.o)
 .text.libgcc.fixed
                0x00000000        0x0 c:/program files (x86)/atmel/studio/7.0/toolchain/avr8/avr8-gnu-toolchain/bin/../lib/gcc/avr/5.4.0/avr5\libgcc.a(_exit.o)
 .text          0x00000000        0x0 c:/program files (x86)/atmel/studio/7.0/toolchain/avr8/avr8-gnu-toolchain/bin/../lib/gcc/avr/5.4.0/avr5\libgcc.a(_tablejump2.o)
 .data          0x00000000        0x0 c:/program files (x86)/atmel/studio/7.0/toolchain/avr8/avr8-gnu-toolchain/bin/../lib/gcc/avr/5.4.0/avr5\libgcc.a(_tablejump2.o)
 .bss           0x00000000        0x0 c:/program files (x86)/atmel/studio/7.0/toolchain/avr8/avr8-gnu-toolchain/bin/../lib/gcc/avr/5.4.0/avr5\libgcc.a(_tablejump2.o)
 .text.libgcc.mul
                0x00000000        0x0 c:/program files (x86)/atmel/studio/7.0/toolchain/avr8/avr8-gnu-toolchain/bin/../lib/gcc/avr/5.4.0/avr5\libgcc.a(_tablejump2.o)
 .text.libgcc.div
                0x00000000        0x0 c:/program files (x86)/atmel/studio/7.0/toolchain/avr8/avr8-gnu-toolchain/bin/../lib/gcc/avr/5.4.0/avr5\libgcc.a(_tablejump2.o)
 .text.libgcc.prologue
                0x00000000        0x0 c:/program files (x86)/atmel/studio/7.0/toolchain/avr8/avr8-gnu-toolchain/bin/../lib/gcc/avr/5.4.0/avr5\libgcc.a(_tablejump2.o)
 .text.libgcc.builtins
                0x00000000        0x0 c:/program files (x86)/atmel/studio/7.0/toolchain/avr8/avr8-gnu-toolchain/bin/../lib/gcc/avr/5.4.0/avr5\libgcc.a(_tablejump2.o)
 .text.libgcc.fmul
                0x00000000        0x0 c:/program files (x86)/atmel/studio/7.0/toolchain/avr8/avr8-gnu-toolchain/bin/../lib/gcc/avr/5.4.0/avr5\libgcc.a(_tablejump2.o)
 .text.libgcc.fixed
                0x00000000        0x0 c:/program files (x86)/atmel/studio/7.0/toolchain/avr8/avr8-gnu-toolchain/bin/../lib/gcc/avr/5.4.0/avr5\libgcc.a(_tablejump2.o)
 .text          0x00000000        0x0 c:/program files (x86)/atmel/studio/7.0/toolchain/avr8/avr8-gnu-toolchain/bin/../lib/gcc/avr/5.4.0/avr5\libgcc.a(_copy_data.o)
 .data          0x00000000        0x0 c:/program files (x86)/atmel/studio/7.0/toolchain/avr8/avr8-gnu-toolchain/bin/../lib/gcc/avr/5.4.0/avr5\libgcc.a(_copy_data.o)
 .bss           0x00000000        0x0 c:/program files (x86)/atmel/studio/7.0/toolchain/avr8/avr8-gnu-toolchain/bin/../lib/gcc/avr/5.4.0/avr5\libgcc.a(_copy_data.o)
 .text.libgcc.mul
                0x00000000        0x0 c:/program files (x86)/atmel/studio/7.0/toolchain/avr8/avr8-gnu-toolchain/bin/../lib/gcc/avr/5.4.0/avr5\libgcc.a(_copy_data.o)
 .text.libgcc.div
                0x00000000        0x0 c:/program files (x86)/atmel/studio/7.0/toolchain/avr8/avr8-gnu-toolchain/bin/../lib/gcc/avr/5.4.0/avr5\libgcc.a(_copy_data.o)
 .text.libgcc   0x00000000        0x0 c:/program files (x86)/atmel/studio/7.0/toolchain/avr8/avr8-gnu-toolchain/bin/../lib/gcc/avr/5.4.0/avr5\libgcc.a(_copy_data.o)
 .text.libgcc.prologue
                0x00000000        0x0 c:/program files (x86)/atmel/studio/7.0/toolchain/avr8/avr8-gnu-toolchain/bin/../lib/gcc/avr/5.4.0/avr5\libgcc.a(_copy_data.o)
 .text.libgcc.builtins
                0x00000000        0x0 c:/program files (x86)/atmel/studio/7.0/toolchain/avr8/avr8-gnu-toolchain/bin/../lib/gcc/avr/5.4.0/avr5\libgcc.a(_copy_data.o)
 .text.libgcc.fmul
                0x00000000        0x0 c:/program files (x86)/atmel/studio/7.0/toolchain/avr8/avr8-gnu-toolchain/bin/../lib/gcc/avr/5.4.0/avr5\libgcc.a(_copy_data.o)
 .text.libgcc.fixed
                0x00000000        0x0 c:/program files (x86)/atmel/studio/7.0/toolchain/avr8/avr8-gnu-toolchain/bin/../lib/gcc/avr/5.4.0/avr5\libgcc.a(_copy_data.o)
 .text          0x00000000        0x0 c:/program files (x86)/atmel/studio/7.0/toolchain/avr8/avr8-gnu-toolchain/bin/../lib/gcc/avr/5.4.0/avr5\libgcc.a(_clear_bss.o)
 .data          0x00000000        0x0 c:/program files (x86)/atmel/studio/7.0/toolchain/avr8/avr8-gnu-toolchain/bin/../lib/gcc/avr/5.4.0/avr5\libgcc.a(_clear_bss.o)
 .bss           0x00000000        0x0 c:/program files (x86)/atmel/studio/7.0/toolchain/avr8/avr8-gnu-toolchain/bin/../lib/gcc/avr/5.4.0/avr5\libgcc.a(_clear_bss.o)
 .text.libgcc.mul
                0x00000000        0x0 c:/program files (x86)/atmel/studio/7.0/toolchain/avr8/avr8-gnu-toolchain/bin/../lib/gcc/avr/5.4.0/avr5\libgcc.a(_clear_bss.o)
 .text.libgcc.div
                0x00000000        0x0 c:/program files (x86)/atmel/studio/7.0/toolchain/avr8/avr8-gnu-toolchain/bin/../lib/gcc/avr/5.4.0/avr5\libgcc.a(_clear_bss.o)
 .text.libgcc   0x00000000        0x0 c:/program files (x86)/atmel/studio/7.0/toolchain/avr8/avr8-gnu-toolchain/bin/../lib/gcc/avr/5.4.0/avr5\libgcc.a(_clear_bss.o)
 .text.libgcc.prologue
                0x00000000        0x0 c:/program files (x86)/atmel/studio/7.0/toolchain/avr8/avr8-gnu-toolchain/bin/../lib/gcc/avr/5.4.0/avr5\libgcc.a(_clear_bss.o)
 .text.libgcc.builtins
                0x00000000        0x0 c:/program files (x86)/atmel/studio/7.0/toolchain/avr8/avr8-gnu-toolchain/bin/../lib/gcc/avr/5.4.0/avr5\libgcc.a(_clear_bss.o)
 .text.libgcc.fmul
                0x00000000        0x0 c:/program files (x86)/atmel/studio/7.0/toolchain/avr8/avr8-gnu-toolchain/bin/../lib/gcc/avr/5.4.0/avr5\libgcc.a(_clear_bss.o)
 .text.libgcc.fixed
                0x00000000        0x0 c:/program files (x86)/atmel/studio/7.0/toolchain/avr8/avr8-gnu-toolchain/bin/../lib/gcc/avr/5.4.0/avr5\libgcc.a(_clear_bss.o)

Memory Configuration

Name             Origin             Length             Attributes
text             0x00000000         0x00010000         xr
data             0x00800200         0x00002000         rw !x
eeprom           0x00810000         0x00001000         rw !x
fuse             0x00820000         0x00000003         rw !x
lock             0x00830000         0x00000400         rw !x
signature        0x00840000         0x00000400         rw !x
user_signatures  0x00850000         0x00000400         rw !x
*default*        0x00000000         0xffffffff

Linker script and memory map

Address of section .data set to 0x800200
LOAD C:/Program Files (x86)/Atmel/Studio/7.0/Packs/atmel/ATmega_DFP/1.7.374/gcc/dev/atmega640/avr5/crtatmega640.o
LOAD Bolera.o
LOAD ConfiguracionV1.o
LOAD Displays.o
LOAD Elevadores.o
LOAD Lanzador.o
LOAD main.o
LOAD Sensores_bolos.o
START GROUP
LOAD c:/program files (x86)/atmel/studio/7.0/toolchain/avr8/avr8-gnu-toolchain/bin/../lib/gcc/avr/5.4.0/../../../../avr/lib/avr5\libm.a
END GROUP
START GROUP
LOAD c:/program files (x86)/atmel/studio/7.0/toolchain/avr8/avr8-gnu-toolchain/bin/../lib/gcc/avr/5.4.0/avr5\libgcc.a
LOAD c:/program files (x86)/atmel/studio/7.0/toolchain/avr8/avr8-gnu-toolchain/bin/../lib/gcc/avr/5.4.0/../../../../avr/lib/avr5\libm.a
LOAD c:/program files (x86)/atmel/studio/7.0/toolchain/avr8/avr8-gnu-toolchain/bin/../lib/gcc/avr/5.4.0/../../../../avr/lib/avr5\libc.a
LOAD C:/Program Files (x86)/Atmel/Studio/7.0/Packs/atmel/ATmega_DFP/1.7.374/gcc/dev/atmega640/avr5\libatmega640.a
END GROUP
                0x00000000                __TEXT_REGION_ORIGIN__ = DEFINED (__TEXT_REGION_ORIGIN__)?__TEXT_REGION_ORIGIN__:0x0
                [0x00800200]                __DATA_REGION_ORIGIN__ = DEFINED (__DATA_REGION_ORIGIN__)?__DATA_REGION_ORIGIN__:0x800060
                [0x00010000]                __TEXT_REGION_LENGTH__ = DEFINED (__TEXT_REGION_LENGTH__)?__TEXT_REGION_LENGTH__:0x20000
                [0x00002000]                __DATA_REGION_LENGTH__ = DEFINED (__DATA_REGION_LENGTH__)?__DATA_REGION_LENGTH__:0xffa0
                [0x00001000]                __EEPROM_REGION_LENGTH__ = DEFINED (__EEPROM_REGION_LENGTH__)?__EEPROM_REGION_LENGTH__:0x10000
                [0x00000003]                __FUSE_REGION_LENGTH__ = DEFINED (__FUSE_REGION_LENGTH__)?__FUSE_REGION_LENGTH__:0x400
                0x00000400                __LOCK_REGION_LENGTH__ = DEFINED (__LOCK_REGION_LENGTH__)?__LOCK_REGION_LENGTH__:0x400
                0x00000400                __SIGNATURE_REGION_LENGTH__ = DEFINED (__SIGNATURE_REGION_LENGTH__)?__SIGNATURE_REGION_LENGTH__:0x400
                0x00000400                __USER_SIGNATURE_REGION_LENGTH__ = DEFINED (__USER_SIGNATURE_REGION_LENGTH__)?__USER_SIGNATURE_REGION_LENGTH__:0x400

.hash
 *(.hash)

.dynsym
 *(.dynsym)

.dynstr
 *(.dynstr)

.gnu.version
 *(.gnu.version)

.gnu.version_d
 *(.gnu.version_d)

.gnu.version_r
 *(.gnu.version_r)

.rel.init
 *(.rel.init)

.rela.init
 *(.rela.init)

.rel.text
 *(.rel.text)
 *(.rel.text.*)
 *(.rel.gnu.linkonce.t*)

.rela.text
 *(.rela.text)
 *(.rela.text.*)
 *(.rela.gnu.linkonce.t*)

.rel.fini
 *(.rel.fini)

.rela.fini
 *(.rela.fini)

.rel.rodata
 *(.rel.rodata)
 *(.rel.rodata.*)
 *(.rel.gnu.linkonce.r*)

.rela.rodata
 *(.rela.rodata)
 *(.rela.rodata.*)
 *(.rela.gnu.linkonce.r*)

.rel.data
 *(.rel.data)
 *(.rel.data.*)
 *(.rel.gnu.linkonce.d*)

.rela.data
 *(.rela.data)
 *(.rela.data.*)
 *(.rela.gnu.linkonce.d*)

.rel.ctors
 *(.rel.ctors)

.rela.ctors
 *(.rela.ctors)

.rel.dtors
 *(.rel.dtors)

.rela.dtors
 *(.rela.dtors)

.rel.got
 *(.rel.got)

.rela.got
 *(.rela.got)

.rel.bss
 *(.rel.bss)

.rela.bss
 *(.rela.bss)

.rel.plt
 *(.rel.plt)

.rela.plt
 *(.rela.plt)

.text           0x00000000      0xb5e
 *(.vectors)
 .vectors       0x00000000       0xe4 C:/Program Files (x86)/Atmel/Studio/7.0/Packs/atmel/ATmega_DFP/1.7.374/gcc/dev/atmega640/avr5/crtatmega640.o
                0x00000000                __vector_default
                0x00000000                __vectors
 *(.vectors)
 *(.progmem.gcc*)
 .progmem.gcc_sw_table.setDisplay
                0x000000e4       0x14 Displays.o
                0x000000f8                . = ALIGN (0x2)
                0x000000f8                __trampolines_start = .
 *(.trampolines)
 .trampolines   0x000000f8        0x0 linker stubs
 *(.trampolines*)
                0x000000f8                __trampolines_end = .
 *libprintf_flt.a:*(.progmem.data)
 *libc.a:*(.progmem.data)
 *(.progmem*)
                0x000000f8                . = ALIGN (0x2)
 *(.jumptables)
 *(.jumptables*)
 *(.lowtext)
 *(.lowtext*)
                0x000000f8                __ctors_start = .
 *(.ctors)
                0x000000f8                __ctors_end = .
                0x000000f8                __dtors_start = .
 *(.dtors)
                0x000000f8                __dtors_end = .
 SORT(*)(.ctors)
 SORT(*)(.dtors)
 *(.init0)
 .init0         0x000000f8        0x0 C:/Program Files (x86)/Atmel/Studio/7.0/Packs/atmel/ATmega_DFP/1.7.374/gcc/dev/atmega640/avr5/crtatmega640.o
                0x000000f8                __init
 *(.init0)
 *(.init1)
 *(.init1)
 *(.init2)
 .init2         0x000000f8        0xc C:/Program Files (x86)/Atmel/Studio/7.0/Packs/atmel/ATmega_DFP/1.7.374/gcc/dev/atmega640/avr5/crtatmega640.o
 *(.init2)
 *(.init3)
 *(.init3)
 *(.init4)
 .init4         0x00000104       0x16 c:/program files (x86)/atmel/studio/7.0/toolchain/avr8/avr8-gnu-toolchain/bin/../lib/gcc/avr/5.4.0/avr5\libgcc.a(_copy_data.o)
                0x00000104                __do_copy_data
 .init4         0x0000011a       0x10 c:/program files (x86)/atmel/studio/7.0/toolchain/avr8/avr8-gnu-toolchain/bin/../lib/gcc/avr/5.4.0/avr5\libgcc.a(_clear_bss.o)
                0x0000011a                __do_clear_bss
 *(.init4)
 *(.init5)
 *(.init5)
 *(.init6)
 *(.init6)
 *(.init7)
 *(.init7)
 *(.init8)
 *(.init8)
 *(.init9)
 .init9         0x0000012a        0x8 C:/Program Files (x86)/Atmel/Studio/7.0/Packs/atmel/ATmega_DFP/1.7.374/gcc/dev/atmega640/avr5/crtatmega640.o
 *(.init9)
 *(.text)
 .text          0x00000132        0x4 C:/Program Files (x86)/Atmel/Studio/7.0/Packs/atmel/ATmega_DFP/1.7.374/gcc/dev/atmega640/avr5/crtatmega640.o
                0x00000132                __vector_38
                0x00000132                __vector_22
                0x00000132                __vector_28
                0x00000132                __vector_32
                0x00000132                __vector_34
                0x00000132                __vector_24
                0x00000132                __vector_12
                0x00000132                __vector_55
                0x00000132                __vector_46
                0x00000132                __bad_interrupt
                0x00000132                __vector_6
                0x00000132                __vector_31
                0x00000132                __vector_35
                0x00000132                __vector_39
                0x00000132                __vector_23
                0x00000132                __vector_30
                0x00000132                __vector_45
                0x00000132                __vector_25
                0x00000132                __vector_54
                0x00000132                __vector_13
                0x00000132                __vector_17
                0x00000132                __vector_19
                0x00000132                __vector_56
                0x00000132                __vector_7
                0x00000132                __vector_49
                0x00000132                __vector_41
                0x00000132                __vector_43
                0x00000132                __vector_27
                0x00000132                __vector_5
                0x00000132                __vector_33
                0x00000132                __vector_47
                0x00000132                __vector_52
                0x00000132                __vector_37
                0x00000132                __vector_44
                0x00000132                __vector_51
                0x00000132                __vector_9
                0x00000132                __vector_2
                0x00000132                __vector_15
                0x00000132                __vector_36
                0x00000132                __vector_29
                0x00000132                __vector_40
                0x00000132                __vector_8
                0x00000132                __vector_26
                0x00000132                __vector_48
                0x00000132                __vector_14
                0x00000132                __vector_53
                0x00000132                __vector_10
                0x00000132                __vector_50
                0x00000132                __vector_16
                0x00000132                __vector_18
                0x00000132                __vector_20
                0x00000132                __vector_42
                0x00000136                . = ALIGN (0x2)
 *(.text.*)
 .text.girarVertical
                0x00000136       0x42 Bolera.o
                0x00000136                girarVertical
 .text.frenoVertical
                0x00000178       0x18 Bolera.o
                0x00000178                frenoVertical
 .text.moverVastagoAdelante
                0x00000190       0x18 Bolera.o
                0x00000190                moverVastagoAdelante
 .text.moverVastagoAtras
                0x000001a8       0x18 Bolera.o
                0x000001a8                moverVastagoAtras
 .text.pararVastago
                0x000001c0        0xc Bolera.o
                0x000001c0                pararVastago
 .text.engancharCarrito
                0x000001cc       0x12 Bolera.o
                0x000001cc                engancharCarrito
 .text.liberarCarrito
                0x000001de       0x12 Bolera.o
                0x000001de                liberarCarrito
 .text.pararCarrito
                0x000001f0        0xc Bolera.o
                0x000001f0                pararCarrito
 .text.getSensor3
                0x000001fc        0xa Bolera.o
                0x000001fc                getSensor3
 .text.getSensor4
                0x00000206        0xa Bolera.o
                0x00000206                getSensor4
 .text.encenderLED
                0x00000210        0xc Bolera.o
                0x00000210                encenderLED
 .text.apagarLED
                0x0000021c        0xc Bolera.o
                0x0000021c                apagarLED
 .text.setup_puertos
                0x00000228       0x30 ConfiguracionV1.o
                0x00000228                setup_puertos
 .text.setup_timer0
                0x00000258       0x16 ConfiguracionV1.o
                0x00000258                setup_timer0
 .text.setup_timer1
                0x0000026e       0x26 ConfiguracionV1.o
                0x0000026e                setup_timer1
 .text.setDisplay
                0x00000294       0x6a Displays.o
                0x00000294                setDisplay
 .text.DisplayUpdater
                0x000002fe       0xdc Displays.o
                0x000002fe                DisplayUpdater
 .text.setuptimer
                0x000003da       0x14 Elevadores.o
                0x000003da                setuptimer
 .text.setupEC  0x000003ee       0x22 Elevadores.o
                0x000003ee                setupEC
 .text.setupER  0x00000410       0x18 Elevadores.o
                0x00000410                setupER
 .text.setupPulsador
                0x00000428       0x12 Elevadores.o
                0x00000428                setupPulsador
 .text.setupElevadores
                0x0000043a       0x16 Elevadores.o
                0x0000043a                setupElevadores
 .text.bajaEC   0x00000450       0x54 Elevadores.o
                0x00000450                bajaEC
 .text.subeEC   0x000004a4       0x52 Elevadores.o
                0x000004a4                subeEC
 .text.homeEC   0x000004f6       0x40 Elevadores.o
                0x000004f6                homeEC
 .text.homeER   0x00000536       0x32 Elevadores.o
                0x00000536                homeER
 .text.OnSW5Interruption
                0x00000568       0x34 Elevadores.o
                0x00000568                OnSW5Interruption
 .text.UpdateTimeElevadores
                0x0000059c       0x14 Elevadores.o
                0x0000059c                UpdateTimeElevadores
 .text.setupLanzador
                0x000005b0       0x1a Lanzador.o
                0x000005b0                setupLanzador
 .text.lanzadorHome
                0x000005ca        0xe Lanzador.o
                0x000005ca                lanzadorHome
 .text.updateTime
                0x000005d8       0x28 Lanzador.o
                0x000005d8                updateTime
 .text.getTime  0x00000600       0x12 Lanzador.o
                0x00000600                getTime
 .text.parpadearLED
                0x00000612       0x32 Lanzador.o
                0x00000612                parpadearLED
 .text.OnSW2Interruption
                0x00000644      0x11a Lanzador.o
                0x00000644                OnSW2Interruption
 .text.__vector_21
                0x0000075e       0x5a main.o
                0x0000075e                __vector_21
 .text.__vector_11
                0x000007b8       0x48 main.o
                0x000007b8                __vector_11
 .text.__vector_1
                0x00000800       0x48 main.o
                0x00000800                __vector_1
 .text.__vector_3
                0x00000848       0x32 main.o
                0x00000848                __vector_3
 .text.__vector_4
                0x0000087a       0x48 main.o
                0x0000087a                __vector_4
 .text.main     0x000008c2      0x1e2 main.o
                0x000008c2                main
 .text.OnPinChangeBolos
                0x00000aa4       0x66 Sensores_bolos.o
                0x00000aa4                OnPinChangeBolos
 .text.libgcc.div
                0x00000b0a       0x44 c:/program files (x86)/atmel/studio/7.0/toolchain/avr8/avr8-gnu-toolchain/bin/../lib/gcc/avr/5.4.0/avr5\libgcc.a(_udivmodsi4.o)
                0x00000b0a                __udivmodsi4
 .text.libgcc   0x00000b4e        0xc c:/program files (x86)/atmel/studio/7.0/toolchain/avr8/avr8-gnu-toolchain/bin/../lib/gcc/avr/5.4.0/avr5\libgcc.a(_tablejump2.o)
                0x00000b4e                __tablejump2__
                0x00000b5a                . = ALIGN (0x2)
 *(.fini9)
 .fini9         0x00000b5a        0x0 c:/program files (x86)/atmel/studio/7.0/toolchain/avr8/avr8-gnu-toolchain/bin/../lib/gcc/avr/5.4.0/avr5\libgcc.a(_exit.o)
                0x00000b5a                _exit
                0x00000b5a                exit
 *(.fini9)
 *(.fini8)
 *(.fini8)
 *(.fini7)
 *(.fini7)
 *(.fini6)
 *(.fini6)
 *(.fini5)
 *(.fini5)
 *(.fini4)
 *(.fini4)
 *(.fini3)
 *(.fini3)
 *(.fini2)
 *(.fini2)
 *(.fini1)
 *(.fini1)
 *(.fini0)
 .fini0         0x00000b5a        0x4 c:/program files (x86)/atmel/studio/7.0/toolchain/avr8/avr8-gnu-toolchain/bin/../lib/gcc/avr/5.4.0/avr5\libgcc.a(_exit.o)
 *(.fini0)
                0x00000b5e                _etext = .

.data           0x00800200        0x2 load address 0x00000b5e
                0x00800200                PROVIDE (__data_start, .)
 *(.data)
 *(.data*)
 .data.lanzadorFlag
                0x00800200        0x1 Bolera.o
                0x00800200                lanzadorFlag
 .data.state    0x00800201        0x1 Lanzador.o
                0x00800201                state
 *(.gnu.linkonce.d*)
 *(.rodata)
 *(.rodata*)
 *(.gnu.linkonce.r*)
                0x00800202                . = ALIGN (0x2)
                0x00800202                _edata = .
                0x00800202                PROVIDE (__data_end, .)

.bss            0x00800202       0x17
                0x00800202                PROVIDE (__bss_start, .)
 *(.bss)
 *(.bss*)
 .bss.estado_final
                0x00800202        0x1 Displays.o
                0x00800202                estado_final
 .bss.parpadeos
                0x00800203        0x2 Displays.o
                0x00800203                parpadeos
 .bss.bandera   0x00800205        0x2 Elevadores.o
                0x00800205                bandera
 .bss.current_time
                0x00800207        0x2 Elevadores.o
                0x00800207                current_time
 .bss.last_interruption_time
                0x00800209        0x4 Lanzador.o
                0x00800209                last_interruption_time
 .bss.ms_elapsed
                0x0080020d        0x4 Lanzador.o
                0x0080020d                ms_elapsed
 .bss.position  0x00800211        0x1 Lanzador.o
                0x00800211                position
 .bss.buffer    0x00800212        0x1 main.o
                0x00800212                buffer
 .bss.parpadear
                0x00800213        0x1 main.o
                0x00800213                parpadear
 .bss.puntuacion
                0x00800214        0x1 Sensores_bolos.o
                0x00800214                puntuacion
 *(COMMON)
 COMMON         0x00800215        0x4 Elevadores.o
                0x00800215                ECPos
                0x00800217                ERpos
                0x00800219                PROVIDE (__bss_end, .)
                0x00000b5e                __data_load_start = LOADADDR (.data)
                0x00000b60                __data_load_end = (__data_load_start + SIZEOF (.data))

.noinit         0x00800219        0x0
                [!provide]                PROVIDE (__noinit_start, .)
 *(.noinit*)
                [!provide]                PROVIDE (__noinit_end, .)
                0x00800219                _end = .
                [!provide]                PROVIDE (__heap_start, .)

.eeprom         0x00810000        0x0
 *(.eeprom*)
                0x00810000                __eeprom_end = .

.fuse
 *(.fuse)
 *(.lfuse)
 *(.hfuse)
 *(.efuse)

.lock
 *(.lock*)

.signature
 *(.signature*)

.user_signatures
 *(.user_signatures*)

.stab
 *(.stab)

.stabstr
 *(.stabstr)

.stab.excl
 *(.stab.excl)

.stab.exclstr
 *(.stab.exclstr)

.stab.index
 *(.stab.index)

.stab.indexstr
 *(.stab.indexstr)

.comment        0x00000000       0x30
 *(.comment)
 .comment       0x00000000       0x30 Bolera.o
                                 0x31 (size before relaxing)
 .comment       0x00000030       0x31 ConfiguracionV1.o
 .comment       0x00000030       0x31 Displays.o
 .comment       0x00000030       0x31 Elevadores.o
 .comment       0x00000030       0x31 Lanzador.o
 .comment       0x00000030       0x31 main.o
 .comment       0x00000030       0x31 Sensores_bolos.o

.note.gnu.avr.deviceinfo
                0x00000000       0x3c
 .note.gnu.avr.deviceinfo
                0x00000000       0x3c C:/Program Files (x86)/Atmel/Studio/7.0/Packs/atmel/ATmega_DFP/1.7.374/gcc/dev/atmega640/avr5/crtatmega640.o

.note.gnu.build-id
 *(.note.gnu.build-id)

.debug
 *(.debug)

.line
 *(.line)

.debug_srcinfo
 *(.debug_srcinfo)

.debug_sfnames
 *(.debug_sfnames)

.debug_aranges  0x00000000      0x270
 *(.debug_aranges)
 .debug_aranges
                0x00000000       0xa8 Bolera.o
 .debug_aranges
                0x000000a8       0x30 ConfiguracionV1.o
 .debug_aranges
                0x000000d8       0x28 Displays.o
 .debug_aranges
                0x00000100       0x98 Elevadores.o
 .debug_aranges
                0x00000198       0x68 Lanzador.o
 .debug_aranges
                0x00000200       0x48 main.o
 .debug_aranges
                0x00000248       0x28 Sensores_bolos.o

.debug_pubnames
 *(.debug_pubnames)

.debug_info     0x00000000     0x2035
 *(.debug_info .gnu.linkonce.wi.*)
 .debug_info    0x00000000      0xba9 C:/Program Files (x86)/Atmel/Studio/7.0/Packs/atmel/ATmega_DFP/1.7.374/gcc/dev/atmega640/avr5/crtatmega640.o
 .debug_info    0x00000ba9      0x26d Bolera.o
 .debug_info    0x00000e16       0xb7 ConfiguracionV1.o
 .debug_info    0x00000ecd      0x128 Displays.o
 .debug_info    0x00000ff5      0x3f6 Elevadores.o
 .debug_info    0x000013eb      0x41a Lanzador.o
 .debug_info    0x00001805      0x773 main.o
 .debug_info    0x00001f78       0xbd Sensores_bolos.o

.debug_abbrev   0x00000000     0x1190
 *(.debug_abbrev)
 .debug_abbrev  0x00000000      0xb08 C:/Program Files (x86)/Atmel/Studio/7.0/Packs/atmel/ATmega_DFP/1.7.374/gcc/dev/atmega640/avr5/crtatmega640.o
 .debug_abbrev  0x00000b08      0x103 Bolera.o
 .debug_abbrev  0x00000c0b       0x4f ConfiguracionV1.o
 .debug_abbrev  0x00000c5a       0x96 Displays.o
 .debug_abbrev  0x00000cf0      0x14c Elevadores.o
 .debug_abbrev  0x00000e3c      0x16b Lanzador.o
 .debug_abbrev  0x00000fa7      0x162 main.o
 .debug_abbrev  0x00001109       0x87 Sensores_bolos.o

.debug_line     0x00000000     0x135b
 *(.debug_line .debug_line.* .debug_line_end)
 .debug_line    0x00000000      0x1ee C:/Program Files (x86)/Atmel/Studio/7.0/Packs/atmel/ATmega_DFP/1.7.374/gcc/dev/atmega640/avr5/crtatmega640.o
 .debug_line    0x000001ee      0x2b0 Bolera.o
 .debug_line    0x0000049e      0x156 ConfiguracionV1.o
 .debug_line    0x000005f4      0x194 Displays.o
 .debug_line    0x00000788      0x40a Elevadores.o
 .debug_line    0x00000b92      0x294 Lanzador.o
 .debug_line    0x00000e26      0x40e main.o
 .debug_line    0x00001234      0x127 Sensores_bolos.o

.debug_frame    0x00000000      0x558
 *(.debug_frame)
 .debug_frame   0x00000000      0x134 Bolera.o
 .debug_frame   0x00000134       0x44 ConfiguracionV1.o
 .debug_frame   0x00000178       0x34 Displays.o
 .debug_frame   0x000001ac      0x120 Elevadores.o
 .debug_frame   0x000002cc       0xb4 Lanzador.o
 .debug_frame   0x00000380      0x1a4 main.o
 .debug_frame   0x00000524       0x34 Sensores_bolos.o

.debug_str      0x00000000      0x9dc
 *(.debug_str)
 .debug_str     0x00000000      0x3e0 C:/Program Files (x86)/Atmel/Studio/7.0/Packs/atmel/ATmega_DFP/1.7.374/gcc/dev/atmega640/avr5/crtatmega640.o
 .debug_str     0x000003e0      0x26c Bolera.o
                                0x2a0 (size before relaxing)
 .debug_str     0x0000064c       0x48 ConfiguracionV1.o
                                0x1e0 (size before relaxing)
 .debug_str     0x00000694       0x5c Displays.o
                                0x1fd (size before relaxing)
 .debug_str     0x000006f0      0x13d Elevadores.o
                                0x2dd (size before relaxing)
 .debug_str     0x0000082d      0x111 Lanzador.o
                                0x2f6 (size before relaxing)
 .debug_str     0x0000093e       0x6c main.o
                                0x435 (size before relaxing)
 .debug_str     0x000009aa       0x32 Sensores_bolos.o
                                0x1e6 (size before relaxing)

.debug_loc      0x00000000      0x9d0
 *(.debug_loc)
 .debug_loc     0x00000000       0x4e Bolera.o
 .debug_loc     0x0000004e      0x144 Displays.o
 .debug_loc     0x00000192      0x1f3 Elevadores.o
 .debug_loc     0x00000385      0x638 main.o
 .debug_loc     0x000009bd       0x13 Sensores_bolos.o

.debug_macinfo
 *(.debug_macinfo)

.debug_weaknames
 *(.debug_weaknames)

.debug_funcnames
 *(.debug_funcnames)

.debug_typenames
 *(.debug_typenames)

.debug_varnames
 *(.debug_varnames)

.debug_pubtypes
 *(.debug_pubtypes)

.debug_ranges   0x00000000      0x200
 *(.debug_ranges)
 .debug_ranges  0x00000000       0x98 Bolera.o
 .debug_ranges  0x00000098       0x20 ConfiguracionV1.o
 .debug_ranges  0x000000b8       0x18 Displays.o
 .debug_ranges  0x000000d0       0x88 Elevadores.o
 .debug_ranges  0x00000158       0x58 Lanzador.o
 .debug_ranges  0x000001b0       0x38 main.o
 .debug_ranges  0x000001e8       0x18 Sensores_bolos.o

.debug_macro
 *(.debug_macro)
OUTPUT(PruebaGlobal.elf elf32-avr)
LOAD linker stubs
