Archive member included to satisfy reference by file (symbol)

c:/program files (x86)/atmel/studio/7.0/toolchain/avr8/avr8-gnu-toolchain/bin/../lib/gcc/avr/5.4.0/avr5\libgcc.a(_udivmodqi4.o)
                              Displays.o (__udivmodqi4)
c:/program files (x86)/atmel/studio/7.0/toolchain/avr8/avr8-gnu-toolchain/bin/../lib/gcc/avr/5.4.0/avr5\libgcc.a(_udivmodsi4.o)
                              Lanzador.o (__udivmodsi4)
c:/program files (x86)/atmel/studio/7.0/toolchain/avr8/avr8-gnu-toolchain/bin/../lib/gcc/avr/5.4.0/avr5\libgcc.a(_exit.o)
                              C:/Program Files (x86)/Atmel/Studio/7.0/Packs/atmel/ATmega_DFP/1.7.374/gcc/dev/atmega640/avr5/crtatmega640.o (exit)
c:/program files (x86)/atmel/studio/7.0/toolchain/avr8/avr8-gnu-toolchain/bin/../lib/gcc/avr/5.4.0/avr5\libgcc.a(_tablejump2.o)
                              Displays.o (__tablejump2__)
c:/program files (x86)/atmel/studio/7.0/toolchain/avr8/avr8-gnu-toolchain/bin/../lib/gcc/avr/5.4.0/avr5\libgcc.a(_copy_data.o)
                              Bolera.o (__do_copy_data)
c:/program files (x86)/atmel/studio/7.0/toolchain/avr8/avr8-gnu-toolchain/bin/../lib/gcc/avr/5.4.0/avr5\libgcc.a(_clear_bss.o)
                              Displays.o (__do_clear_bss)

Allocating common symbols
Common symbol       size              file

puntuacion          0x1               Displays.o
ECPos               0x1               Elevadores.o
pulsador            0x2               Displays.o
ERpos               0x1               Elevadores.o

Discarded input sections

 .data          0x00000000        0x0 C:/Program Files (x86)/Atmel/Studio/7.0/Packs/atmel/ATmega_DFP/1.7.374/gcc/dev/atmega640/avr5/crtatmega640.o
 .bss           0x00000000        0x0 C:/Program Files (x86)/Atmel/Studio/7.0/Packs/atmel/ATmega_DFP/1.7.374/gcc/dev/atmega640/avr5/crtatmega640.o
 .data          0x00000000        0x0 Assembly2.o
 .bss           0x00000000        0x0 Assembly2.o
 .text          0x00000000        0x0 Bolera.o
 .data          0x00000000        0x0 Bolera.o
 .bss           0x00000000        0x0 Bolera.o
 .text.pararElevadorCargas
                0x00000000        0xc Bolera.o
 .text.subirElevadorCargas
                0x00000000       0x1a Bolera.o
 .text.bajarElevadorCargas
                0x00000000       0x1a Bolera.o
 .text.pararElevadorRetorno
                0x00000000        0x4 Bolera.o
 .text.subirElevadorRetorno
                0x00000000        0xa Bolera.o
 .text.bajarElevadorRetorno
                0x00000000        0xa Bolera.o
 .text.getSensor1
                0x00000000        0xc Bolera.o
 .text.getSensor2
                0x00000000        0x8 Bolera.o
 .text.getSensor5
                0x00000000        0xc Bolera.o
 .text.getSensor6
                0x00000000        0xc Bolera.o
 .text.getOptico
                0x00000000       0x2a Bolera.o
 .text          0x00000000        0x0 ConfiguracionV1.o
 .data          0x00000000        0x0 ConfiguracionV1.o
 .bss           0x00000000        0x0 ConfiguracionV1.o
 .text          0x00000000        0x0 Displays.o
 .data          0x00000000        0x0 Displays.o
 .bss           0x00000000        0x0 Displays.o
 .text          0x00000000        0x0 Elevadores.o
 .data          0x00000000        0x0 Elevadores.o
 .bss           0x00000000        0x0 Elevadores.o
 .bss.Time      0x00000000        0x2 Elevadores.o
 .bss.rutina    0x00000000        0x1 Elevadores.o
 .text          0x00000000        0x0 Lanzador.o
 .data          0x00000000        0x0 Lanzador.o
 .bss           0x00000000        0x0 Lanzador.o
 .text.setTime  0x00000000       0x1a Lanzador.o
 .text.getTime  0x00000000       0x12 Lanzador.o
 .text          0x00000000        0x0 main.o
 .data          0x00000000        0x0 main.o
 .bss           0x00000000        0x0 main.o
 .text          0x00000000        0x0 Sensores_bolos.o
 .data          0x00000000        0x0 Sensores_bolos.o
 .bss           0x00000000        0x0 Sensores_bolos.o
 .text.getPuntacion
                0x00000000        0x6 Sensores_bolos.o
 .text.setPuntuacion
                0x00000000        0x6 Sensores_bolos.o
 .text          0x00000000        0x0 c:/program files (x86)/atmel/studio/7.0/toolchain/avr8/avr8-gnu-toolchain/bin/../lib/gcc/avr/5.4.0/avr5\libgcc.a(_udivmodqi4.o)
 .data          0x00000000        0x0 c:/program files (x86)/atmel/studio/7.0/toolchain/avr8/avr8-gnu-toolchain/bin/../lib/gcc/avr/5.4.0/avr5\libgcc.a(_udivmodqi4.o)
 .bss           0x00000000        0x0 c:/program files (x86)/atmel/studio/7.0/toolchain/avr8/avr8-gnu-toolchain/bin/../lib/gcc/avr/5.4.0/avr5\libgcc.a(_udivmodqi4.o)
 .text.libgcc.mul
                0x00000000        0x0 c:/program files (x86)/atmel/studio/7.0/toolchain/avr8/avr8-gnu-toolchain/bin/../lib/gcc/avr/5.4.0/avr5\libgcc.a(_udivmodqi4.o)
 .text.libgcc   0x00000000        0x0 c:/program files (x86)/atmel/studio/7.0/toolchain/avr8/avr8-gnu-toolchain/bin/../lib/gcc/avr/5.4.0/avr5\libgcc.a(_udivmodqi4.o)
 .text.libgcc.prologue
                0x00000000        0x0 c:/program files (x86)/atmel/studio/7.0/toolchain/avr8/avr8-gnu-toolchain/bin/../lib/gcc/avr/5.4.0/avr5\libgcc.a(_udivmodqi4.o)
 .text.libgcc.builtins
                0x00000000        0x0 c:/program files (x86)/atmel/studio/7.0/toolchain/avr8/avr8-gnu-toolchain/bin/../lib/gcc/avr/5.4.0/avr5\libgcc.a(_udivmodqi4.o)
 .text.libgcc.fmul
                0x00000000        0x0 c:/program files (x86)/atmel/studio/7.0/toolchain/avr8/avr8-gnu-toolchain/bin/../lib/gcc/avr/5.4.0/avr5\libgcc.a(_udivmodqi4.o)
 .text.libgcc.fixed
                0x00000000        0x0 c:/program files (x86)/atmel/studio/7.0/toolchain/avr8/avr8-gnu-toolchain/bin/../lib/gcc/avr/5.4.0/avr5\libgcc.a(_udivmodqi4.o)
 .text          0x00000000        0x0 c:/program files (x86)/atmel/studio/7.0/toolchain/avr8/avr8-gnu-toolchain/bin/../lib/gcc/avr/5.4.0/avr5\libgcc.a(_udivmodsi4.o)
 .data          0x00000000        0x0 c:/program files (x86)/atmel/studio/7.0/toolchain/avr8/avr8-gnu-toolchain/bin/../lib/gcc/avr/5.4.0/avr5\libgcc.a(_udivmodsi4.o)
 .bss           0x00000000        0x0 c:/program files (x86)/atmel/studio/7.0/toolchain/avr8/avr8-gnu-toolchain/bin/../lib/gcc/avr/5.4.0/avr5\libgcc.a(_udivmodsi4.o)
 .text.libgcc.mul
                0x00000000        0x0 c:/program files (x86)/atmel/studio/7.0/toolchain/avr8/avr8-gnu-toolchain/bin/../lib/gcc/avr/5.4.0/avr5\libgcc.a(_udivmodsi4.o)
 .text.libgcc   0x00000000        0x0 c:/program files (x86)/atmel/studio/7.0/toolchain/avr8/avr8-gnu-toolchain/bin/../lib/gcc/avr/5.4.0/avr5\libgcc.a(_udivmodsi4.o)
 .text.libgcc.prologue
                0x00000000        0x0 c:/program files (x86)/atmel/studio/7.0/toolchain/avr8/avr8-gnu-toolchain/bin/../lib/gcc/avr/5.4.0/avr5\libgcc.a(_udivmodsi4.o)
 .text.libgcc.builtins
                0x00000000        0x0 c:/program files (x86)/atmel/studio/7.0/toolchain/avr8/avr8-gnu-toolchain/bin/../lib/gcc/avr/5.4.0/avr5\libgcc.a(_udivmodsi4.o)
 .text.libgcc.fmul
                0x00000000        0x0 c:/program files (x86)/atmel/studio/7.0/toolchain/avr8/avr8-gnu-toolchain/bin/../lib/gcc/avr/5.4.0/avr5\libgcc.a(_udivmodsi4.o)
 .text.libgcc.fixed
                0x00000000        0x0 c:/program files (x86)/atmel/studio/7.0/toolchain/avr8/avr8-gnu-toolchain/bin/../lib/gcc/avr/5.4.0/avr5\libgcc.a(_udivmodsi4.o)
 .text          0x00000000        0x0 c:/program files (x86)/atmel/studio/7.0/toolchain/avr8/avr8-gnu-toolchain/bin/../lib/gcc/avr/5.4.0/avr5\libgcc.a(_exit.o)
 .data          0x00000000        0x0 c:/program files (x86)/atmel/studio/7.0/toolchain/avr8/avr8-gnu-toolchain/bin/../lib/gcc/avr/5.4.0/avr5\libgcc.a(_exit.o)
 .bss           0x00000000        0x0 c:/program files (x86)/atmel/studio/7.0/toolchain/avr8/avr8-gnu-toolchain/bin/../lib/gcc/avr/5.4.0/avr5\libgcc.a(_exit.o)
 .text.libgcc.mul
                0x00000000        0x0 c:/program files (x86)/atmel/studio/7.0/toolchain/avr8/avr8-gnu-toolchain/bin/../lib/gcc/avr/5.4.0/avr5\libgcc.a(_exit.o)
 .text.libgcc.div
                0x00000000        0x0 c:/program files (x86)/atmel/studio/7.0/toolchain/avr8/avr8-gnu-toolchain/bin/../lib/gcc/avr/5.4.0/avr5\libgcc.a(_exit.o)
 .text.libgcc   0x00000000        0x0 c:/program files (x86)/atmel/studio/7.0/toolchain/avr8/avr8-gnu-toolchain/bin/../lib/gcc/avr/5.4.0/avr5\libgcc.a(_exit.o)
 .text.libgcc.prologue
                0x00000000        0x0 c:/program files (x86)/atmel/studio/7.0/toolchain/avr8/avr8-gnu-toolchain/bin/../lib/gcc/avr/5.4.0/avr5\libgcc.a(_exit.o)
 .text.libgcc.builtins
                0x00000000        0x0 c:/program files (x86)/atmel/studio/7.0/toolchain/avr8/avr8-gnu-toolchain/bin/../lib/gcc/avr/5.4.0/avr5\libgcc.a(_exit.o)
 .text.libgcc.fmul
                0x00000000        0x0 c:/program files (x86)/atmel/studio/7.0/toolchain/avr8/avr8-gnu-toolchain/bin/../lib/gcc/avr/5.4.0/avr5\libgcc.a(_exit.o)
 .text.libgcc.fixed
                0x00000000        0x0 c:/program files (x86)/atmel/studio/7.0/toolchain/avr8/avr8-gnu-toolchain/bin/../lib/gcc/avr/5.4.0/avr5\libgcc.a(_exit.o)
 .text          0x00000000        0x0 c:/program files (x86)/atmel/studio/7.0/toolchain/avr8/avr8-gnu-toolchain/bin/../lib/gcc/avr/5.4.0/avr5\libgcc.a(_tablejump2.o)
 .data          0x00000000        0x0 c:/program files (x86)/atmel/studio/7.0/toolchain/avr8/avr8-gnu-toolchain/bin/../lib/gcc/avr/5.4.0/avr5\libgcc.a(_tablejump2.o)
 .bss           0x00000000        0x0 c:/program files (x86)/atmel/studio/7.0/toolchain/avr8/avr8-gnu-toolchain/bin/../lib/gcc/avr/5.4.0/avr5\libgcc.a(_tablejump2.o)
 .text.libgcc.mul
                0x00000000        0x0 c:/program files (x86)/atmel/studio/7.0/toolchain/avr8/avr8-gnu-toolchain/bin/../lib/gcc/avr/5.4.0/avr5\libgcc.a(_tablejump2.o)
 .text.libgcc.div
                0x00000000        0x0 c:/program files (x86)/atmel/studio/7.0/toolchain/avr8/avr8-gnu-toolchain/bin/../lib/gcc/avr/5.4.0/avr5\libgcc.a(_tablejump2.o)
 .text.libgcc.prologue
                0x00000000        0x0 c:/program files (x86)/atmel/studio/7.0/toolchain/avr8/avr8-gnu-toolchain/bin/../lib/gcc/avr/5.4.0/avr5\libgcc.a(_tablejump2.o)
 .text.libgcc.builtins
                0x00000000        0x0 c:/program files (x86)/atmel/studio/7.0/toolchain/avr8/avr8-gnu-toolchain/bin/../lib/gcc/avr/5.4.0/avr5\libgcc.a(_tablejump2.o)
 .text.libgcc.fmul
                0x00000000        0x0 c:/program files (x86)/atmel/studio/7.0/toolchain/avr8/avr8-gnu-toolchain/bin/../lib/gcc/avr/5.4.0/avr5\libgcc.a(_tablejump2.o)
 .text.libgcc.fixed
                0x00000000        0x0 c:/program files (x86)/atmel/studio/7.0/toolchain/avr8/avr8-gnu-toolchain/bin/../lib/gcc/avr/5.4.0/avr5\libgcc.a(_tablejump2.o)
 .text          0x00000000        0x0 c:/program files (x86)/atmel/studio/7.0/toolchain/avr8/avr8-gnu-toolchain/bin/../lib/gcc/avr/5.4.0/avr5\libgcc.a(_copy_data.o)
 .data          0x00000000        0x0 c:/program files (x86)/atmel/studio/7.0/toolchain/avr8/avr8-gnu-toolchain/bin/../lib/gcc/avr/5.4.0/avr5\libgcc.a(_copy_data.o)
 .bss           0x00000000        0x0 c:/program files (x86)/atmel/studio/7.0/toolchain/avr8/avr8-gnu-toolchain/bin/../lib/gcc/avr/5.4.0/avr5\libgcc.a(_copy_data.o)
 .text.libgcc.mul
                0x00000000        0x0 c:/program files (x86)/atmel/studio/7.0/toolchain/avr8/avr8-gnu-toolchain/bin/../lib/gcc/avr/5.4.0/avr5\libgcc.a(_copy_data.o)
 .text.libgcc.div
                0x00000000        0x0 c:/program files (x86)/atmel/studio/7.0/toolchain/avr8/avr8-gnu-toolchain/bin/../lib/gcc/avr/5.4.0/avr5\libgcc.a(_copy_data.o)
 .text.libgcc   0x00000000        0x0 c:/program files (x86)/atmel/studio/7.0/toolchain/avr8/avr8-gnu-toolchain/bin/../lib/gcc/avr/5.4.0/avr5\libgcc.a(_copy_data.o)
 .text.libgcc.prologue
                0x00000000        0x0 c:/program files (x86)/atmel/studio/7.0/toolchain/avr8/avr8-gnu-toolchain/bin/../lib/gcc/avr/5.4.0/avr5\libgcc.a(_copy_data.o)
 .text.libgcc.builtins
                0x00000000        0x0 c:/program files (x86)/atmel/studio/7.0/toolchain/avr8/avr8-gnu-toolchain/bin/../lib/gcc/avr/5.4.0/avr5\libgcc.a(_copy_data.o)
 .text.libgcc.fmul
                0x00000000        0x0 c:/program files (x86)/atmel/studio/7.0/toolchain/avr8/avr8-gnu-toolchain/bin/../lib/gcc/avr/5.4.0/avr5\libgcc.a(_copy_data.o)
 .text.libgcc.fixed
                0x00000000        0x0 c:/program files (x86)/atmel/studio/7.0/toolchain/avr8/avr8-gnu-toolchain/bin/../lib/gcc/avr/5.4.0/avr5\libgcc.a(_copy_data.o)
 .text          0x00000000        0x0 c:/program files (x86)/atmel/studio/7.0/toolchain/avr8/avr8-gnu-toolchain/bin/../lib/gcc/avr/5.4.0/avr5\libgcc.a(_clear_bss.o)
 .data          0x00000000        0x0 c:/program files (x86)/atmel/studio/7.0/toolchain/avr8/avr8-gnu-toolchain/bin/../lib/gcc/avr/5.4.0/avr5\libgcc.a(_clear_bss.o)
 .bss           0x00000000        0x0 c:/program files (x86)/atmel/studio/7.0/toolchain/avr8/avr8-gnu-toolchain/bin/../lib/gcc/avr/5.4.0/avr5\libgcc.a(_clear_bss.o)
 .text.libgcc.mul
                0x00000000        0x0 c:/program files (x86)/atmel/studio/7.0/toolchain/avr8/avr8-gnu-toolchain/bin/../lib/gcc/avr/5.4.0/avr5\libgcc.a(_clear_bss.o)
 .text.libgcc.div
                0x00000000        0x0 c:/program files (x86)/atmel/studio/7.0/toolchain/avr8/avr8-gnu-toolchain/bin/../lib/gcc/avr/5.4.0/avr5\libgcc.a(_clear_bss.o)
 .text.libgcc   0x00000000        0x0 c:/program files (x86)/atmel/studio/7.0/toolchain/avr8/avr8-gnu-toolchain/bin/../lib/gcc/avr/5.4.0/avr5\libgcc.a(_clear_bss.o)
 .text.libgcc.prologue
                0x00000000        0x0 c:/program files (x86)/atmel/studio/7.0/toolchain/avr8/avr8-gnu-toolchain/bin/../lib/gcc/avr/5.4.0/avr5\libgcc.a(_clear_bss.o)
 .text.libgcc.builtins
                0x00000000        0x0 c:/program files (x86)/atmel/studio/7.0/toolchain/avr8/avr8-gnu-toolchain/bin/../lib/gcc/avr/5.4.0/avr5\libgcc.a(_clear_bss.o)
 .text.libgcc.fmul
                0x00000000        0x0 c:/program files (x86)/atmel/studio/7.0/toolchain/avr8/avr8-gnu-toolchain/bin/../lib/gcc/avr/5.4.0/avr5\libgcc.a(_clear_bss.o)
 .text.libgcc.fixed
                0x00000000        0x0 c:/program files (x86)/atmel/studio/7.0/toolchain/avr8/avr8-gnu-toolchain/bin/../lib/gcc/avr/5.4.0/avr5\libgcc.a(_clear_bss.o)

Memory Configuration

Name             Origin             Length             Attributes
text             0x00000000         0x00010000         xr
data             0x00800200         0x00002000         rw !x
eeprom           0x00810000         0x00001000         rw !x
fuse             0x00820000         0x00000003         rw !x
lock             0x00830000         0x00000400         rw !x
signature        0x00840000         0x00000400         rw !x
user_signatures  0x00850000         0x00000400         rw !x
*default*        0x00000000         0xffffffff

Linker script and memory map

Address of section .data set to 0x800200
LOAD C:/Program Files (x86)/Atmel/Studio/7.0/Packs/atmel/ATmega_DFP/1.7.374/gcc/dev/atmega640/avr5/crtatmega640.o
LOAD Assembly2.o
LOAD Bolera.o
LOAD ConfiguracionV1.o
LOAD Displays.o
LOAD Elevadores.o
LOAD Lanzador.o
LOAD main.o
LOAD Sensores_bolos.o
START GROUP
LOAD c:/program files (x86)/atmel/studio/7.0/toolchain/avr8/avr8-gnu-toolchain/bin/../lib/gcc/avr/5.4.0/../../../../avr/lib/avr5\libm.a
END GROUP
START GROUP
LOAD c:/program files (x86)/atmel/studio/7.0/toolchain/avr8/avr8-gnu-toolchain/bin/../lib/gcc/avr/5.4.0/avr5\libgcc.a
LOAD c:/program files (x86)/atmel/studio/7.0/toolchain/avr8/avr8-gnu-toolchain/bin/../lib/gcc/avr/5.4.0/../../../../avr/lib/avr5\libm.a
LOAD c:/program files (x86)/atmel/studio/7.0/toolchain/avr8/avr8-gnu-toolchain/bin/../lib/gcc/avr/5.4.0/../../../../avr/lib/avr5\libc.a
LOAD C:/Program Files (x86)/Atmel/Studio/7.0/Packs/atmel/ATmega_DFP/1.7.374/gcc/dev/atmega640/avr5\libatmega640.a
END GROUP
                0x00000000                __TEXT_REGION_ORIGIN__ = DEFINED (__TEXT_REGION_ORIGIN__)?__TEXT_REGION_ORIGIN__:0x0
                [0x00800200]                __DATA_REGION_ORIGIN__ = DEFINED (__DATA_REGION_ORIGIN__)?__DATA_REGION_ORIGIN__:0x800060
                [0x00010000]                __TEXT_REGION_LENGTH__ = DEFINED (__TEXT_REGION_LENGTH__)?__TEXT_REGION_LENGTH__:0x20000
                [0x00002000]                __DATA_REGION_LENGTH__ = DEFINED (__DATA_REGION_LENGTH__)?__DATA_REGION_LENGTH__:0xffa0
                [0x00001000]                __EEPROM_REGION_LENGTH__ = DEFINED (__EEPROM_REGION_LENGTH__)?__EEPROM_REGION_LENGTH__:0x10000
                [0x00000003]                __FUSE_REGION_LENGTH__ = DEFINED (__FUSE_REGION_LENGTH__)?__FUSE_REGION_LENGTH__:0x400
                0x00000400                __LOCK_REGION_LENGTH__ = DEFINED (__LOCK_REGION_LENGTH__)?__LOCK_REGION_LENGTH__:0x400
                0x00000400                __SIGNATURE_REGION_LENGTH__ = DEFINED (__SIGNATURE_REGION_LENGTH__)?__SIGNATURE_REGION_LENGTH__:0x400
                0x00000400                __USER_SIGNATURE_REGION_LENGTH__ = DEFINED (__USER_SIGNATURE_REGION_LENGTH__)?__USER_SIGNATURE_REGION_LENGTH__:0x400

.hash
 *(.hash)

.dynsym
 *(.dynsym)

.dynstr
 *(.dynstr)

.gnu.version
 *(.gnu.version)

.gnu.version_d
 *(.gnu.version_d)

.gnu.version_r
 *(.gnu.version_r)

.rel.init
 *(.rel.init)

.rela.init
 *(.rela.init)

.rel.text
 *(.rel.text)
 *(.rel.text.*)
 *(.rel.gnu.linkonce.t*)

.rela.text
 *(.rela.text)
 *(.rela.text.*)
 *(.rela.gnu.linkonce.t*)

.rel.fini
 *(.rel.fini)

.rela.fini
 *(.rela.fini)

.rel.rodata
 *(.rel.rodata)
 *(.rel.rodata.*)
 *(.rel.gnu.linkonce.r*)

.rela.rodata
 *(.rela.rodata)
 *(.rela.rodata.*)
 *(.rela.gnu.linkonce.r*)

.rel.data
 *(.rel.data)
 *(.rel.data.*)
 *(.rel.gnu.linkonce.d*)

.rela.data
 *(.rela.data)
 *(.rela.data.*)
 *(.rela.gnu.linkonce.d*)

.rel.ctors
 *(.rel.ctors)

.rela.ctors
 *(.rela.ctors)

.rel.dtors
 *(.rel.dtors)

.rela.dtors
 *(.rela.dtors)

.rel.got
 *(.rel.got)

.rela.got
 *(.rela.got)

.rel.bss
 *(.rel.bss)

.rela.bss
 *(.rela.bss)

.rel.plt
 *(.rel.plt)

.rela.plt
 *(.rela.plt)

.text           0x00000000      0xbf8
 *(.vectors)
 .vectors       0x00000000       0xe4 C:/Program Files (x86)/Atmel/Studio/7.0/Packs/atmel/ATmega_DFP/1.7.374/gcc/dev/atmega640/avr5/crtatmega640.o
                0x00000000                __vector_default
                0x00000000                __vectors
 *(.vectors)
 *(.progmem.gcc*)
 .progmem.gcc_sw_table.setDisplay
                0x000000e4       0x14 Displays.o
 .progmem.gcc_sw_table.main
                0x000000f8        0xe main.o
                0x00000106                . = ALIGN (0x2)
                0x00000106                __trampolines_start = .
 *(.trampolines)
 .trampolines   0x00000106        0x0 linker stubs
 *(.trampolines*)
                0x00000106                __trampolines_end = .
 *libprintf_flt.a:*(.progmem.data)
 *libc.a:*(.progmem.data)
 *(.progmem*)
                0x00000106                . = ALIGN (0x2)
 *(.jumptables)
 *(.jumptables*)
 *(.lowtext)
 *(.lowtext*)
                0x00000106                __ctors_start = .
 *(.ctors)
                0x00000106                __ctors_end = .
                0x00000106                __dtors_start = .
 *(.dtors)
                0x00000106                __dtors_end = .
 SORT(*)(.ctors)
 SORT(*)(.dtors)
 *(.init0)
 .init0         0x00000106        0x0 C:/Program Files (x86)/Atmel/Studio/7.0/Packs/atmel/ATmega_DFP/1.7.374/gcc/dev/atmega640/avr5/crtatmega640.o
                0x00000106                __init
 *(.init0)
 *(.init1)
 *(.init1)
 *(.init2)
 .init2         0x00000106        0xc C:/Program Files (x86)/Atmel/Studio/7.0/Packs/atmel/ATmega_DFP/1.7.374/gcc/dev/atmega640/avr5/crtatmega640.o
 *(.init2)
 *(.init3)
 *(.init3)
 *(.init4)
 .init4         0x00000112       0x16 c:/program files (x86)/atmel/studio/7.0/toolchain/avr8/avr8-gnu-toolchain/bin/../lib/gcc/avr/5.4.0/avr5\libgcc.a(_copy_data.o)
                0x00000112                __do_copy_data
 .init4         0x00000128       0x10 c:/program files (x86)/atmel/studio/7.0/toolchain/avr8/avr8-gnu-toolchain/bin/../lib/gcc/avr/5.4.0/avr5\libgcc.a(_clear_bss.o)
                0x00000128                __do_clear_bss
 *(.init4)
 *(.init5)
 *(.init5)
 *(.init6)
 *(.init6)
 *(.init7)
 *(.init7)
 *(.init8)
 *(.init8)
 *(.init9)
 .init9         0x00000138        0x8 C:/Program Files (x86)/Atmel/Studio/7.0/Packs/atmel/ATmega_DFP/1.7.374/gcc/dev/atmega640/avr5/crtatmega640.o
 *(.init9)
 *(.text)
 .text          0x00000140        0x4 C:/Program Files (x86)/Atmel/Studio/7.0/Packs/atmel/ATmega_DFP/1.7.374/gcc/dev/atmega640/avr5/crtatmega640.o
                0x00000140                __vector_38
                0x00000140                __vector_22
                0x00000140                __vector_28
                0x00000140                __vector_32
                0x00000140                __vector_34
                0x00000140                __vector_24
                0x00000140                __vector_12
                0x00000140                __vector_55
                0x00000140                __vector_46
                0x00000140                __bad_interrupt
                0x00000140                __vector_6
                0x00000140                __vector_31
                0x00000140                __vector_35
                0x00000140                __vector_39
                0x00000140                __vector_23
                0x00000140                __vector_30
                0x00000140                __vector_45
                0x00000140                __vector_25
                0x00000140                __vector_54
                0x00000140                __vector_13
                0x00000140                __vector_19
                0x00000140                __vector_56
                0x00000140                __vector_7
                0x00000140                __vector_49
                0x00000140                __vector_41
                0x00000140                __vector_43
                0x00000140                __vector_27
                0x00000140                __vector_5
                0x00000140                __vector_33
                0x00000140                __vector_47
                0x00000140                __vector_52
                0x00000140                __vector_37
                0x00000140                __vector_4
                0x00000140                __vector_44
                0x00000140                __vector_51
                0x00000140                __vector_9
                0x00000140                __vector_2
                0x00000140                __vector_15
                0x00000140                __vector_36
                0x00000140                __vector_29
                0x00000140                __vector_40
                0x00000140                __vector_8
                0x00000140                __vector_26
                0x00000140                __vector_48
                0x00000140                __vector_14
                0x00000140                __vector_53
                0x00000140                __vector_10
                0x00000140                __vector_50
                0x00000140                __vector_16
                0x00000140                __vector_18
                0x00000140                __vector_20
                0x00000140                __vector_42
 .text          0x00000144       0x1a Assembly2.o
                0x00000144                setup_timer0
                0x0000015e                . = ALIGN (0x2)
 *(.text.*)
 .text.girarLanzador
                0x0000015e       0x40 Bolera.o
                0x0000015e                girarLanzador
 .text.frenoLanzador
                0x0000019e       0x18 Bolera.o
                0x0000019e                frenoLanzador
 .text.pararLanzador
                0x000001b6       0x12 Bolera.o
                0x000001b6                pararLanzador
 .text.pararVastago
                0x000001c8        0xc Bolera.o
                0x000001c8                pararVastago
 .text.moverVastagoAdelante
                0x000001d4       0x16 Bolera.o
                0x000001d4                moverVastagoAdelante
 .text.moverVastagoAtras
                0x000001ea       0x16 Bolera.o
                0x000001ea                moverVastagoAtras
 .text.pararCarrito
                0x00000200        0xc Bolera.o
                0x00000200                pararCarrito
 .text.engancharCarrito
                0x0000020c       0x16 Bolera.o
                0x0000020c                engancharCarrito
 .text.liberarCarrito
                0x00000222       0x16 Bolera.o
                0x00000222                liberarCarrito
 .text.getSensor3
                0x00000238        0xa Bolera.o
                0x00000238                getSensor3
 .text.getSensor4
                0x00000242        0xa Bolera.o
                0x00000242                getSensor4
 .text.encenderLED
                0x0000024c        0xc Bolera.o
                0x0000024c                encenderLED
 .text.apagarLED
                0x00000258        0xc Bolera.o
                0x00000258                apagarLED
 .text.setup_puertos
                0x00000264       0x88 ConfiguracionV1.o
                0x00000264                setup_puertos
 .text.resetTimer1
                0x000002ec        0xa ConfiguracionV1.o
                0x000002ec                resetTimer1
 .text.disableTimer1Int
                0x000002f6        0x6 ConfiguracionV1.o
                0x000002f6                disableTimer1Int
 .text.enableTimer1Int
                0x000002fc        0x8 ConfiguracionV1.o
                0x000002fc                enableTimer1Int
 .text.setup_timer1
                0x00000304       0x32 ConfiguracionV1.o
                0x00000304                setup_timer1
 .text.apagarDisplay
                0x00000336        0x8 Displays.o
                0x00000336                apagarDisplay
 .text.setDisplay
                0x0000033e       0x4e Displays.o
                0x0000033e                setDisplay
 .text.DisplayUpdater
                0x0000038c       0x7a Displays.o
                0x0000038c                DisplayUpdater
 .text.setupEC  0x00000406       0x22 Elevadores.o
                0x00000406                setupEC
 .text.setupER  0x00000428        0x8 Elevadores.o
                0x00000428                setupER
 .text.setupElevadores
                0x00000430        0xe Elevadores.o
                0x00000430                setupElevadores
 .text.homeEC   0x0000043e       0x3a Elevadores.o
                0x0000043e                homeEC
 .text.homeER   0x00000478        0x8 Elevadores.o
                0x00000478                homeER
 .text.bajaEC   0x00000480       0x3e Elevadores.o
                0x00000480                bajaEC
 .text.subeEC   0x000004be       0x40 Elevadores.o
                0x000004be                subeEC
 .text.bajaER   0x000004fe        0x8 Elevadores.o
                0x000004fe                bajaER
 .text.subeER   0x00000506        0x8 Elevadores.o
                0x00000506                subeER
 .text.setupLanzador
                0x0000050e       0x64 Lanzador.o
                0x0000050e                setupLanzador
 .text.lanzadorHome
                0x00000572       0x24 Lanzador.o
                0x00000572                lanzadorHome
 .text.vastagoHome
                0x00000596       0x1e Lanzador.o
                0x00000596                vastagoHome
 .text.carritoHome
                0x000005b4       0x1e Lanzador.o
                0x000005b4                carritoHome
 .text.updateTime
                0x000005d2       0x66 Lanzador.o
                0x000005d2                updateTime
 .text.parpadearLED
                0x00000638       0x2e Lanzador.o
                0x00000638                parpadearLED
 .text.OnSW2Interruption
                0x00000666       0x8e Lanzador.o
                0x00000666                OnSW2Interruption
 .text.__vector_21
                0x000006f4       0x58 main.o
                0x000006f4                __vector_21
 .text.__vector_17
                0x0000074c       0x64 main.o
                0x0000074c                __vector_17
 .text.__vector_11
                0x000007b0       0x48 main.o
                0x000007b0                __vector_11
 .text.__vector_1
                0x000007f8       0x50 main.o
                0x000007f8                __vector_1
 .text.__vector_3
                0x00000848       0x78 main.o
                0x00000848                __vector_3
 .text.startup.main
                0x000008c0      0x258 main.o
                0x000008c0                main
 .text.habilitarInterrupcionesSensores
                0x00000b18        0x8 Sensores_bolos.o
                0x00000b18                habilitarInterrupcionesSensores
 .text.deshabilitarInterrupcionesSensores
                0x00000b20        0x6 Sensores_bolos.o
                0x00000b20                deshabilitarInterrupcionesSensores
 .text.OnPinChangeBolos
                0x00000b26       0x66 Sensores_bolos.o
                0x00000b26                OnPinChangeBolos
 .text.libgcc.div
                0x00000b8c       0x18 c:/program files (x86)/atmel/studio/7.0/toolchain/avr8/avr8-gnu-toolchain/bin/../lib/gcc/avr/5.4.0/avr5\libgcc.a(_udivmodqi4.o)
                0x00000b8c                __udivmodqi4
 .text.libgcc.div
                0x00000ba4       0x44 c:/program files (x86)/atmel/studio/7.0/toolchain/avr8/avr8-gnu-toolchain/bin/../lib/gcc/avr/5.4.0/avr5\libgcc.a(_udivmodsi4.o)
                0x00000ba4                __udivmodsi4
 .text.libgcc   0x00000be8        0xc c:/program files (x86)/atmel/studio/7.0/toolchain/avr8/avr8-gnu-toolchain/bin/../lib/gcc/avr/5.4.0/avr5\libgcc.a(_tablejump2.o)
                0x00000be8                __tablejump2__
                0x00000bf4                . = ALIGN (0x2)
 *(.fini9)
 .fini9         0x00000bf4        0x0 c:/program files (x86)/atmel/studio/7.0/toolchain/avr8/avr8-gnu-toolchain/bin/../lib/gcc/avr/5.4.0/avr5\libgcc.a(_exit.o)
                0x00000bf4                _exit
                0x00000bf4                exit
 *(.fini9)
 *(.fini8)
 *(.fini8)
 *(.fini7)
 *(.fini7)
 *(.fini6)
 *(.fini6)
 *(.fini5)
 *(.fini5)
 *(.fini4)
 *(.fini4)
 *(.fini3)
 *(.fini3)
 *(.fini2)
 *(.fini2)
 *(.fini1)
 *(.fini1)
 *(.fini0)
 .fini0         0x00000bf4        0x4 c:/program files (x86)/atmel/studio/7.0/toolchain/avr8/avr8-gnu-toolchain/bin/../lib/gcc/avr/5.4.0/avr5\libgcc.a(_exit.o)
 *(.fini0)
                0x00000bf8                _etext = .

.data           0x00800200        0x4 load address 0x00000bf8
                0x00800200                PROVIDE (__data_start, .)
 *(.data)
 *(.data*)
 .data.lanzadorFlag
                0x00800200        0x1 Bolera.o
                0x00800200                lanzadorFlag
 .data.position
                0x00800201        0x1 Lanzador.o
                0x00800201                position
 .data.habilitarEstadoFinal
                0x00800202        0x1 main.o
                0x00800202                habilitarEstadoFinal
 *(.gnu.linkonce.d*)
 *(.rodata)
 *(.rodata*)
 *(.gnu.linkonce.r*)
                0x00800204                . = ALIGN (0x2)
 *fill*         0x00800203        0x1 
                0x00800204                _edata = .
                0x00800204                PROVIDE (__data_end, .)

.bss            0x00800204       0x15
                0x00800204                PROVIDE (__bss_start, .)
 *(.bss)
 *(.bss*)
 .bss.finalizadoFlag
                0x00800204        0x1 Displays.o
                0x00800204                finalizadoFlag
 .bss.parpadeos
                0x00800205        0x2 Displays.o
                0x00800205                parpadeos
 .bss.state     0x00800207        0x1 Lanzador.o
                0x00800207                state
 .bss.last_interruption_time
                0x00800208        0x4 Lanzador.o
                0x00800208                last_interruption_time
 .bss.ms_elapsed
                0x0080020c        0x4 Lanzador.o
                0x0080020c                ms_elapsed
 .bss.oscillando
                0x00800210        0x1 main.o
                0x00800210                oscillando
 .bss.timerTicks
                0x00800211        0x1 main.o
                0x00800211                timerTicks
 .bss.ultimoFlag
                0x00800212        0x1 main.o
                0x00800212                ultimoFlag
 .bss.parpadearFlag
                0x00800213        0x1 main.o
                0x00800213                parpadearFlag
 *(COMMON)
 COMMON         0x00800214        0x3 Displays.o
                0x00800214                puntuacion
                0x00800215                pulsador
 COMMON         0x00800217        0x2 Elevadores.o
                0x00800217                ECPos
                0x00800218                ERpos
                0x00800219                PROVIDE (__bss_end, .)
                0x00000bf8                __data_load_start = LOADADDR (.data)
                0x00000bfc                __data_load_end = (__data_load_start + SIZEOF (.data))

.noinit         0x00800219        0x0
                [!provide]                PROVIDE (__noinit_start, .)
 *(.noinit*)
                [!provide]                PROVIDE (__noinit_end, .)
                0x00800219                _end = .
                [!provide]                PROVIDE (__heap_start, .)

.eeprom         0x00810000        0x0
 *(.eeprom*)
                0x00810000                __eeprom_end = .

.fuse
 *(.fuse)
 *(.lfuse)
 *(.hfuse)
 *(.efuse)

.lock
 *(.lock*)

.signature
 *(.signature*)

.user_signatures
 *(.user_signatures*)

.stab
 *(.stab)

.stabstr
 *(.stabstr)

.stab.excl
 *(.stab.excl)

.stab.exclstr
 *(.stab.exclstr)

.stab.index
 *(.stab.index)

.stab.indexstr
 *(.stab.indexstr)

.comment        0x00000000       0x30
 *(.comment)
 .comment       0x00000000       0x30 Bolera.o
                                 0x31 (size before relaxing)
 .comment       0x00000030       0x31 ConfiguracionV1.o
 .comment       0x00000030       0x31 Displays.o
 .comment       0x00000030       0x31 Elevadores.o
 .comment       0x00000030       0x31 Lanzador.o
 .comment       0x00000030       0x31 main.o
 .comment       0x00000030       0x31 Sensores_bolos.o

.note.gnu.avr.deviceinfo
                0x00000000       0x3c
 .note.gnu.avr.deviceinfo
                0x00000000       0x3c C:/Program Files (x86)/Atmel/Studio/7.0/Packs/atmel/ATmega_DFP/1.7.374/gcc/dev/atmega640/avr5/crtatmega640.o

.note.gnu.build-id
 *(.note.gnu.build-id)

.debug
 *(.debug)

.line
 *(.line)

.debug_srcinfo
 *(.debug_srcinfo)

.debug_sfnames
 *(.debug_sfnames)

.debug_aranges  0x00000000      0x2b0
 *(.debug_aranges)
 .debug_aranges
                0x00000000       0x20 Assembly2.o
 .debug_aranges
                0x00000020       0xd8 Bolera.o
 .debug_aranges
                0x000000f8       0x40 ConfiguracionV1.o
 .debug_aranges
                0x00000138       0x30 Displays.o
 .debug_aranges
                0x00000168       0x60 Elevadores.o
 .debug_aranges
                0x000001c8       0x60 Lanzador.o
 .debug_aranges
                0x00000228       0x48 main.o
 .debug_aranges
                0x00000270       0x40 Sensores_bolos.o

.debug_pubnames
 *(.debug_pubnames)

.debug_info     0x00000000     0x21c4
 *(.debug_info .gnu.linkonce.wi.*)
 .debug_info    0x00000000      0xba9 C:/Program Files (x86)/Atmel/Studio/7.0/Packs/atmel/ATmega_DFP/1.7.374/gcc/dev/atmega640/avr5/crtatmega640.o
 .debug_info    0x00000ba9       0xb8 Assembly2.o
 .debug_info    0x00000c61      0x32d Bolera.o
 .debug_info    0x00000f8e       0xe1 ConfiguracionV1.o
 .debug_info    0x0000106f      0x15d Displays.o
 .debug_info    0x000011cc      0x223 Elevadores.o
 .debug_info    0x000013ef      0x3fb Lanzador.o
 .debug_info    0x000017ea      0x8c7 main.o
 .debug_info    0x000020b1      0x113 Sensores_bolos.o

.debug_abbrev   0x00000000     0x11e9
 *(.debug_abbrev)
 .debug_abbrev  0x00000000      0xb08 C:/Program Files (x86)/Atmel/Studio/7.0/Packs/atmel/ATmega_DFP/1.7.374/gcc/dev/atmega640/avr5/crtatmega640.o
 .debug_abbrev  0x00000b08       0x14 Assembly2.o
 .debug_abbrev  0x00000b1c       0xe0 Bolera.o
 .debug_abbrev  0x00000bfc       0x4f ConfiguracionV1.o
 .debug_abbrev  0x00000c4b       0xde Displays.o
 .debug_abbrev  0x00000d29       0xf0 Elevadores.o
 .debug_abbrev  0x00000e19      0x1b0 Lanzador.o
 .debug_abbrev  0x00000fc9      0x151 main.o
 .debug_abbrev  0x0000111a       0xcf Sensores_bolos.o

.debug_line     0x00000000     0x1522
 *(.debug_line .debug_line.* .debug_line_end)
 .debug_line    0x00000000      0x1ee C:/Program Files (x86)/Atmel/Studio/7.0/Packs/atmel/ATmega_DFP/1.7.374/gcc/dev/atmega640/avr5/crtatmega640.o
 .debug_line    0x000001ee       0x7e Assembly2.o
 .debug_line    0x0000026c      0x375 Bolera.o
 .debug_line    0x000005e1      0x1ec ConfiguracionV1.o
 .debug_line    0x000007cd      0x16e Displays.o
 .debug_line    0x0000093b      0x29d Elevadores.o
 .debug_line    0x00000bd8      0x2fd Lanzador.o
 .debug_line    0x00000ed5      0x4e1 main.o
 .debug_line    0x000013b6      0x16c Sensores_bolos.o

.debug_frame    0x00000000      0x5d0
 *(.debug_frame)
 .debug_frame   0x00000000      0x194 Bolera.o
 .debug_frame   0x00000194       0x64 ConfiguracionV1.o
 .debug_frame   0x000001f8       0x50 Displays.o
 .debug_frame   0x00000248       0xa4 Elevadores.o
 .debug_frame   0x000002ec       0xa4 Lanzador.o
 .debug_frame   0x00000390      0x1dc main.o
 .debug_frame   0x0000056c       0x64 Sensores_bolos.o

.debug_str      0x00000000      0xa70
 *(.debug_str)
 .debug_str     0x00000000      0x3e0 C:/Program Files (x86)/Atmel/Studio/7.0/Packs/atmel/ATmega_DFP/1.7.374/gcc/dev/atmega640/avr5/crtatmega640.o
 .debug_str     0x000003e0      0x2ea Bolera.o
                                0x31e (size before relaxing)
 .debug_str     0x000006ca       0x68 ConfiguracionV1.o
                                0x203 (size before relaxing)
 .debug_str     0x00000732       0x6c Displays.o
                                0x210 (size before relaxing)
 .debug_str     0x0000079e       0xba Elevadores.o
                                0x263 (size before relaxing)
 .debug_str     0x00000858      0x10a Lanzador.o
                                0x378 (size before relaxing)
 .debug_str     0x00000962       0xd0 main.o
                                0x4de (size before relaxing)
 .debug_str     0x00000a32       0x3e Sensores_bolos.o
                                0x238 (size before relaxing)

.debug_loc      0x00000000      0x929
 *(.debug_loc)
 .debug_loc     0x00000000       0x6a Bolera.o
 .debug_loc     0x0000006a       0x7d Displays.o
 .debug_loc     0x000000e7       0x48 Elevadores.o
 .debug_loc     0x0000012f       0x48 Lanzador.o
 .debug_loc     0x00000177      0x79f main.o
 .debug_loc     0x00000916       0x13 Sensores_bolos.o

.debug_macinfo
 *(.debug_macinfo)

.debug_weaknames
 *(.debug_weaknames)

.debug_funcnames
 *(.debug_funcnames)

.debug_typenames
 *(.debug_typenames)

.debug_varnames
 *(.debug_varnames)

.debug_pubtypes
 *(.debug_pubtypes)

.debug_ranges   0x00000000      0x220
 *(.debug_ranges)
 .debug_ranges  0x00000000       0xc8 Bolera.o
 .debug_ranges  0x000000c8       0x30 ConfiguracionV1.o
 .debug_ranges  0x000000f8       0x20 Displays.o
 .debug_ranges  0x00000118       0x50 Elevadores.o
 .debug_ranges  0x00000168       0x50 Lanzador.o
 .debug_ranges  0x000001b8       0x38 main.o
 .debug_ranges  0x000001f0       0x30 Sensores_bolos.o

.debug_macro
 *(.debug_macro)
OUTPUT(PruebaGlobal.elf elf32-avr)
LOAD linker stubs
