Archive member included to satisfy reference by file (symbol)

c:/program files (x86)/atmel/studio/7.0/toolchain/avr8/avr8-gnu-toolchain/bin/../lib/gcc/avr/5.4.0/avr5\libgcc.a(_udivmodsi4.o)
                              Lanzador.o (__udivmodsi4)
c:/program files (x86)/atmel/studio/7.0/toolchain/avr8/avr8-gnu-toolchain/bin/../lib/gcc/avr/5.4.0/avr5\libgcc.a(_exit.o)
                              C:/Program Files (x86)/Atmel/Studio/7.0/Packs/atmel/ATmega_DFP/1.7.374/gcc/dev/atmega640/avr5/crtatmega640.o (exit)
c:/program files (x86)/atmel/studio/7.0/toolchain/avr8/avr8-gnu-toolchain/bin/../lib/gcc/avr/5.4.0/avr5\libgcc.a(_tablejump2.o)
                              Displays.o (__tablejump2__)
c:/program files (x86)/atmel/studio/7.0/toolchain/avr8/avr8-gnu-toolchain/bin/../lib/gcc/avr/5.4.0/avr5\libgcc.a(_copy_data.o)
                              Bolera.o (__do_copy_data)
c:/program files (x86)/atmel/studio/7.0/toolchain/avr8/avr8-gnu-toolchain/bin/../lib/gcc/avr/5.4.0/avr5\libgcc.a(_clear_bss.o)
                              Displays.o (__do_clear_bss)

Allocating common symbols
Common symbol       size              file

ECPos               0x2               Elevadores.o
pulsador            0x2               Displays.o
ERpos               0x2               Elevadores.o

Discarded input sections

 .data          0x00000000        0x0 C:/Program Files (x86)/Atmel/Studio/7.0/Packs/atmel/ATmega_DFP/1.7.374/gcc/dev/atmega640/avr5/crtatmega640.o
 .bss           0x00000000        0x0 C:/Program Files (x86)/Atmel/Studio/7.0/Packs/atmel/ATmega_DFP/1.7.374/gcc/dev/atmega640/avr5/crtatmega640.o
 .text          0x00000000        0x0 Bolera.o
 .data          0x00000000        0x0 Bolera.o
 .bss           0x00000000        0x0 Bolera.o
 .text.subirElevadorCargas
                0x00000000       0x1c Bolera.o
 .text.bajarElevadorCargas
                0x00000000       0x1c Bolera.o
 .text.pararElevadorCargas
                0x00000000        0xc Bolera.o
 .text.subirElevadorRetorno
                0x00000000        0x8 Bolera.o
 .text.bajarElevadorRetorno
                0x00000000        0x8 Bolera.o
 .text.pararElevadorRetorno
                0x00000000        0x4 Bolera.o
 .text.getSensor1
                0x00000000        0xc Bolera.o
 .text.getSensor2
                0x00000000        0x8 Bolera.o
 .text.getSensor5
                0x00000000        0xc Bolera.o
 .text.getSensor6
                0x00000000        0xc Bolera.o
 .text.getOptico
                0x00000000       0x2a Bolera.o
 .text          0x00000000        0x0 ConfiguracionV1.o
 .data          0x00000000        0x0 ConfiguracionV1.o
 .bss           0x00000000        0x0 ConfiguracionV1.o
 .text          0x00000000        0x0 Displays.o
 .data          0x00000000        0x0 Displays.o
 .bss           0x00000000        0x0 Displays.o
 .text.apagarDisplay
                0x00000000        0x8 Displays.o
 .text.setDisplay
                0x00000000       0x6a Displays.o
 .progmem.gcc_sw_table.setDisplay
                0x00000000       0x14 Displays.o
 COMMON         0x00000000        0x2 Displays.o
 .text          0x00000000        0x0 Elevadores.o
 .data          0x00000000        0x0 Elevadores.o
 .bss           0x00000000        0x0 Elevadores.o
 .text.subeER   0x00000000       0x12 Elevadores.o
 .text.getEstadoER
                0x00000000        0xa Elevadores.o
 .text.disparo  0x00000000       0x1e Elevadores.o
 .text.recarga  0x00000000       0x3a Elevadores.o
 .bss.disparador
                0x00000000        0x2 Elevadores.o
 .bss.rutina    0x00000000        0x2 Elevadores.o
 .text          0x00000000        0x0 Lanzador.o
 .data          0x00000000        0x0 Lanzador.o
 .bss           0x00000000        0x0 Lanzador.o
 .text.rightInterrupt
                0x00000000       0x18 Lanzador.o
 .text.middleInterrupt
                0x00000000       0x26 Lanzador.o
 .text.leftInterrupt
                0x00000000       0x18 Lanzador.o
 .text.setTime  0x00000000       0x1a Lanzador.o
 .text.getTime  0x00000000       0x12 Lanzador.o
 .text          0x00000000        0x0 main.o
 .data          0x00000000        0x0 main.o
 .bss           0x00000000        0x0 main.o
 .text          0x00000000        0x0 Sensores_bolos.o
 .data          0x00000000        0x0 Sensores_bolos.o
 .bss           0x00000000        0x0 Sensores_bolos.o
 .text.setup_Sensores
                0x00000000       0x18 Sensores_bolos.o
 .text          0x00000000        0x0 c:/program files (x86)/atmel/studio/7.0/toolchain/avr8/avr8-gnu-toolchain/bin/../lib/gcc/avr/5.4.0/avr5\libgcc.a(_udivmodsi4.o)
 .data          0x00000000        0x0 c:/program files (x86)/atmel/studio/7.0/toolchain/avr8/avr8-gnu-toolchain/bin/../lib/gcc/avr/5.4.0/avr5\libgcc.a(_udivmodsi4.o)
 .bss           0x00000000        0x0 c:/program files (x86)/atmel/studio/7.0/toolchain/avr8/avr8-gnu-toolchain/bin/../lib/gcc/avr/5.4.0/avr5\libgcc.a(_udivmodsi4.o)
 .text.libgcc.mul
                0x00000000        0x0 c:/program files (x86)/atmel/studio/7.0/toolchain/avr8/avr8-gnu-toolchain/bin/../lib/gcc/avr/5.4.0/avr5\libgcc.a(_udivmodsi4.o)
 .text.libgcc   0x00000000        0x0 c:/program files (x86)/atmel/studio/7.0/toolchain/avr8/avr8-gnu-toolchain/bin/../lib/gcc/avr/5.4.0/avr5\libgcc.a(_udivmodsi4.o)
 .text.libgcc.prologue
                0x00000000        0x0 c:/program files (x86)/atmel/studio/7.0/toolchain/avr8/avr8-gnu-toolchain/bin/../lib/gcc/avr/5.4.0/avr5\libgcc.a(_udivmodsi4.o)
 .text.libgcc.builtins
                0x00000000        0x0 c:/program files (x86)/atmel/studio/7.0/toolchain/avr8/avr8-gnu-toolchain/bin/../lib/gcc/avr/5.4.0/avr5\libgcc.a(_udivmodsi4.o)
 .text.libgcc.fmul
                0x00000000        0x0 c:/program files (x86)/atmel/studio/7.0/toolchain/avr8/avr8-gnu-toolchain/bin/../lib/gcc/avr/5.4.0/avr5\libgcc.a(_udivmodsi4.o)
 .text.libgcc.fixed
                0x00000000        0x0 c:/program files (x86)/atmel/studio/7.0/toolchain/avr8/avr8-gnu-toolchain/bin/../lib/gcc/avr/5.4.0/avr5\libgcc.a(_udivmodsi4.o)
 .text          0x00000000        0x0 c:/program files (x86)/atmel/studio/7.0/toolchain/avr8/avr8-gnu-toolchain/bin/../lib/gcc/avr/5.4.0/avr5\libgcc.a(_exit.o)
 .data          0x00000000        0x0 c:/program files (x86)/atmel/studio/7.0/toolchain/avr8/avr8-gnu-toolchain/bin/../lib/gcc/avr/5.4.0/avr5\libgcc.a(_exit.o)
 .bss           0x00000000        0x0 c:/program files (x86)/atmel/studio/7.0/toolchain/avr8/avr8-gnu-toolchain/bin/../lib/gcc/avr/5.4.0/avr5\libgcc.a(_exit.o)
 .text.libgcc.mul
                0x00000000        0x0 c:/program files (x86)/atmel/studio/7.0/toolchain/avr8/avr8-gnu-toolchain/bin/../lib/gcc/avr/5.4.0/avr5\libgcc.a(_exit.o)
 .text.libgcc.div
                0x00000000        0x0 c:/program files (x86)/atmel/studio/7.0/toolchain/avr8/avr8-gnu-toolchain/bin/../lib/gcc/avr/5.4.0/avr5\libgcc.a(_exit.o)
 .text.libgcc   0x00000000        0x0 c:/program files (x86)/atmel/studio/7.0/toolchain/avr8/avr8-gnu-toolchain/bin/../lib/gcc/avr/5.4.0/avr5\libgcc.a(_exit.o)
 .text.libgcc.prologue
                0x00000000        0x0 c:/program files (x86)/atmel/studio/7.0/toolchain/avr8/avr8-gnu-toolchain/bin/../lib/gcc/avr/5.4.0/avr5\libgcc.a(_exit.o)
 .text.libgcc.builtins
                0x00000000        0x0 c:/program files (x86)/atmel/studio/7.0/toolchain/avr8/avr8-gnu-toolchain/bin/../lib/gcc/avr/5.4.0/avr5\libgcc.a(_exit.o)
 .text.libgcc.fmul
                0x00000000        0x0 c:/program files (x86)/atmel/studio/7.0/toolchain/avr8/avr8-gnu-toolchain/bin/../lib/gcc/avr/5.4.0/avr5\libgcc.a(_exit.o)
 .text.libgcc.fixed
                0x00000000        0x0 c:/program files (x86)/atmel/studio/7.0/toolchain/avr8/avr8-gnu-toolchain/bin/../lib/gcc/avr/5.4.0/avr5\libgcc.a(_exit.o)
 .text          0x00000000        0x0 c:/program files (x86)/atmel/studio/7.0/toolchain/avr8/avr8-gnu-toolchain/bin/../lib/gcc/avr/5.4.0/avr5\libgcc.a(_tablejump2.o)
 .data          0x00000000        0x0 c:/program files (x86)/atmel/studio/7.0/toolchain/avr8/avr8-gnu-toolchain/bin/../lib/gcc/avr/5.4.0/avr5\libgcc.a(_tablejump2.o)
 .bss           0x00000000        0x0 c:/program files (x86)/atmel/studio/7.0/toolchain/avr8/avr8-gnu-toolchain/bin/../lib/gcc/avr/5.4.0/avr5\libgcc.a(_tablejump2.o)
 .text.libgcc.mul
                0x00000000        0x0 c:/program files (x86)/atmel/studio/7.0/toolchain/avr8/avr8-gnu-toolchain/bin/../lib/gcc/avr/5.4.0/avr5\libgcc.a(_tablejump2.o)
 .text.libgcc.div
                0x00000000        0x0 c:/program files (x86)/atmel/studio/7.0/toolchain/avr8/avr8-gnu-toolchain/bin/../lib/gcc/avr/5.4.0/avr5\libgcc.a(_tablejump2.o)
 .text.libgcc.prologue
                0x00000000        0x0 c:/program files (x86)/atmel/studio/7.0/toolchain/avr8/avr8-gnu-toolchain/bin/../lib/gcc/avr/5.4.0/avr5\libgcc.a(_tablejump2.o)
 .text.libgcc.builtins
                0x00000000        0x0 c:/program files (x86)/atmel/studio/7.0/toolchain/avr8/avr8-gnu-toolchain/bin/../lib/gcc/avr/5.4.0/avr5\libgcc.a(_tablejump2.o)
 .text.libgcc.fmul
                0x00000000        0x0 c:/program files (x86)/atmel/studio/7.0/toolchain/avr8/avr8-gnu-toolchain/bin/../lib/gcc/avr/5.4.0/avr5\libgcc.a(_tablejump2.o)
 .text.libgcc.fixed
                0x00000000        0x0 c:/program files (x86)/atmel/studio/7.0/toolchain/avr8/avr8-gnu-toolchain/bin/../lib/gcc/avr/5.4.0/avr5\libgcc.a(_tablejump2.o)
 .text          0x00000000        0x0 c:/program files (x86)/atmel/studio/7.0/toolchain/avr8/avr8-gnu-toolchain/bin/../lib/gcc/avr/5.4.0/avr5\libgcc.a(_copy_data.o)
 .data          0x00000000        0x0 c:/program files (x86)/atmel/studio/7.0/toolchain/avr8/avr8-gnu-toolchain/bin/../lib/gcc/avr/5.4.0/avr5\libgcc.a(_copy_data.o)
 .bss           0x00000000        0x0 c:/program files (x86)/atmel/studio/7.0/toolchain/avr8/avr8-gnu-toolchain/bin/../lib/gcc/avr/5.4.0/avr5\libgcc.a(_copy_data.o)
 .text.libgcc.mul
                0x00000000        0x0 c:/program files (x86)/atmel/studio/7.0/toolchain/avr8/avr8-gnu-toolchain/bin/../lib/gcc/avr/5.4.0/avr5\libgcc.a(_copy_data.o)
 .text.libgcc.div
                0x00000000        0x0 c:/program files (x86)/atmel/studio/7.0/toolchain/avr8/avr8-gnu-toolchain/bin/../lib/gcc/avr/5.4.0/avr5\libgcc.a(_copy_data.o)
 .text.libgcc   0x00000000        0x0 c:/program files (x86)/atmel/studio/7.0/toolchain/avr8/avr8-gnu-toolchain/bin/../lib/gcc/avr/5.4.0/avr5\libgcc.a(_copy_data.o)
 .text.libgcc.prologue
                0x00000000        0x0 c:/program files (x86)/atmel/studio/7.0/toolchain/avr8/avr8-gnu-toolchain/bin/../lib/gcc/avr/5.4.0/avr5\libgcc.a(_copy_data.o)
 .text.libgcc.builtins
                0x00000000        0x0 c:/program files (x86)/atmel/studio/7.0/toolchain/avr8/avr8-gnu-toolchain/bin/../lib/gcc/avr/5.4.0/avr5\libgcc.a(_copy_data.o)
 .text.libgcc.fmul
                0x00000000        0x0 c:/program files (x86)/atmel/studio/7.0/toolchain/avr8/avr8-gnu-toolchain/bin/../lib/gcc/avr/5.4.0/avr5\libgcc.a(_copy_data.o)
 .text.libgcc.fixed
                0x00000000        0x0 c:/program files (x86)/atmel/studio/7.0/toolchain/avr8/avr8-gnu-toolchain/bin/../lib/gcc/avr/5.4.0/avr5\libgcc.a(_copy_data.o)
 .text          0x00000000        0x0 c:/program files (x86)/atmel/studio/7.0/toolchain/avr8/avr8-gnu-toolchain/bin/../lib/gcc/avr/5.4.0/avr5\libgcc.a(_clear_bss.o)
 .data          0x00000000        0x0 c:/program files (x86)/atmel/studio/7.0/toolchain/avr8/avr8-gnu-toolchain/bin/../lib/gcc/avr/5.4.0/avr5\libgcc.a(_clear_bss.o)
 .bss           0x00000000        0x0 c:/program files (x86)/atmel/studio/7.0/toolchain/avr8/avr8-gnu-toolchain/bin/../lib/gcc/avr/5.4.0/avr5\libgcc.a(_clear_bss.o)
 .text.libgcc.mul
                0x00000000        0x0 c:/program files (x86)/atmel/studio/7.0/toolchain/avr8/avr8-gnu-toolchain/bin/../lib/gcc/avr/5.4.0/avr5\libgcc.a(_clear_bss.o)
 .text.libgcc.div
                0x00000000        0x0 c:/program files (x86)/atmel/studio/7.0/toolchain/avr8/avr8-gnu-toolchain/bin/../lib/gcc/avr/5.4.0/avr5\libgcc.a(_clear_bss.o)
 .text.libgcc   0x00000000        0x0 c:/program files (x86)/atmel/studio/7.0/toolchain/avr8/avr8-gnu-toolchain/bin/../lib/gcc/avr/5.4.0/avr5\libgcc.a(_clear_bss.o)
 .text.libgcc.prologue
                0x00000000        0x0 c:/program files (x86)/atmel/studio/7.0/toolchain/avr8/avr8-gnu-toolchain/bin/../lib/gcc/avr/5.4.0/avr5\libgcc.a(_clear_bss.o)
 .text.libgcc.builtins
                0x00000000        0x0 c:/program files (x86)/atmel/studio/7.0/toolchain/avr8/avr8-gnu-toolchain/bin/../lib/gcc/avr/5.4.0/avr5\libgcc.a(_clear_bss.o)
 .text.libgcc.fmul
                0x00000000        0x0 c:/program files (x86)/atmel/studio/7.0/toolchain/avr8/avr8-gnu-toolchain/bin/../lib/gcc/avr/5.4.0/avr5\libgcc.a(_clear_bss.o)
 .text.libgcc.fixed
                0x00000000        0x0 c:/program files (x86)/atmel/studio/7.0/toolchain/avr8/avr8-gnu-toolchain/bin/../lib/gcc/avr/5.4.0/avr5\libgcc.a(_clear_bss.o)

Memory Configuration

Name             Origin             Length             Attributes
text             0x00000000         0x00010000         xr
data             0x00800200         0x00002000         rw !x
eeprom           0x00810000         0x00001000         rw !x
fuse             0x00820000         0x00000003         rw !x
lock             0x00830000         0x00000400         rw !x
signature        0x00840000         0x00000400         rw !x
user_signatures  0x00850000         0x00000400         rw !x
*default*        0x00000000         0xffffffff

Linker script and memory map

Address of section .data set to 0x800200
LOAD C:/Program Files (x86)/Atmel/Studio/7.0/Packs/atmel/ATmega_DFP/1.7.374/gcc/dev/atmega640/avr5/crtatmega640.o
LOAD Bolera.o
LOAD ConfiguracionV1.o
LOAD Displays.o
LOAD Elevadores.o
LOAD Lanzador.o
LOAD main.o
LOAD Sensores_bolos.o
START GROUP
LOAD c:/program files (x86)/atmel/studio/7.0/toolchain/avr8/avr8-gnu-toolchain/bin/../lib/gcc/avr/5.4.0/../../../../avr/lib/avr5\libm.a
END GROUP
START GROUP
LOAD c:/program files (x86)/atmel/studio/7.0/toolchain/avr8/avr8-gnu-toolchain/bin/../lib/gcc/avr/5.4.0/avr5\libgcc.a
LOAD c:/program files (x86)/atmel/studio/7.0/toolchain/avr8/avr8-gnu-toolchain/bin/../lib/gcc/avr/5.4.0/../../../../avr/lib/avr5\libm.a
LOAD c:/program files (x86)/atmel/studio/7.0/toolchain/avr8/avr8-gnu-toolchain/bin/../lib/gcc/avr/5.4.0/../../../../avr/lib/avr5\libc.a
LOAD C:/Program Files (x86)/Atmel/Studio/7.0/Packs/atmel/ATmega_DFP/1.7.374/gcc/dev/atmega640/avr5\libatmega640.a
END GROUP
                0x00000000                __TEXT_REGION_ORIGIN__ = DEFINED (__TEXT_REGION_ORIGIN__)?__TEXT_REGION_ORIGIN__:0x0
                [0x00800200]                __DATA_REGION_ORIGIN__ = DEFINED (__DATA_REGION_ORIGIN__)?__DATA_REGION_ORIGIN__:0x800060
                [0x00010000]                __TEXT_REGION_LENGTH__ = DEFINED (__TEXT_REGION_LENGTH__)?__TEXT_REGION_LENGTH__:0x20000
                [0x00002000]                __DATA_REGION_LENGTH__ = DEFINED (__DATA_REGION_LENGTH__)?__DATA_REGION_LENGTH__:0xffa0
                [0x00001000]                __EEPROM_REGION_LENGTH__ = DEFINED (__EEPROM_REGION_LENGTH__)?__EEPROM_REGION_LENGTH__:0x10000
                [0x00000003]                __FUSE_REGION_LENGTH__ = DEFINED (__FUSE_REGION_LENGTH__)?__FUSE_REGION_LENGTH__:0x400
                0x00000400                __LOCK_REGION_LENGTH__ = DEFINED (__LOCK_REGION_LENGTH__)?__LOCK_REGION_LENGTH__:0x400
                0x00000400                __SIGNATURE_REGION_LENGTH__ = DEFINED (__SIGNATURE_REGION_LENGTH__)?__SIGNATURE_REGION_LENGTH__:0x400
                0x00000400                __USER_SIGNATURE_REGION_LENGTH__ = DEFINED (__USER_SIGNATURE_REGION_LENGTH__)?__USER_SIGNATURE_REGION_LENGTH__:0x400

.hash
 *(.hash)

.dynsym
 *(.dynsym)

.dynstr
 *(.dynstr)

.gnu.version
 *(.gnu.version)

.gnu.version_d
 *(.gnu.version_d)

.gnu.version_r
 *(.gnu.version_r)

.rel.init
 *(.rel.init)

.rela.init
 *(.rela.init)

.rel.text
 *(.rel.text)
 *(.rel.text.*)
 *(.rel.gnu.linkonce.t*)

.rela.text
 *(.rela.text)
 *(.rela.text.*)
 *(.rela.gnu.linkonce.t*)

.rel.fini
 *(.rel.fini)

.rela.fini
 *(.rela.fini)

.rel.rodata
 *(.rel.rodata)
 *(.rel.rodata.*)
 *(.rel.gnu.linkonce.r*)

.rela.rodata
 *(.rela.rodata)
 *(.rela.rodata.*)
 *(.rela.gnu.linkonce.r*)

.rel.data
 *(.rel.data)
 *(.rel.data.*)
 *(.rel.gnu.linkonce.d*)

.rela.data
 *(.rela.data)
 *(.rela.data.*)
 *(.rela.gnu.linkonce.d*)

.rel.ctors
 *(.rel.ctors)

.rela.ctors
 *(.rela.ctors)

.rel.dtors
 *(.rel.dtors)

.rela.dtors
 *(.rela.dtors)

.rel.got
 *(.rel.got)

.rela.got
 *(.rela.got)

.rel.bss
 *(.rel.bss)

.rela.bss
 *(.rela.bss)

.rel.plt
 *(.rel.plt)

.rela.plt
 *(.rela.plt)

.text           0x00000000      0xdd8
 *(.vectors)
 .vectors       0x00000000       0xe4 C:/Program Files (x86)/Atmel/Studio/7.0/Packs/atmel/ATmega_DFP/1.7.374/gcc/dev/atmega640/avr5/crtatmega640.o
                0x00000000                __vector_default
                0x00000000                __vectors
 *(.vectors)
 *(.progmem.gcc*)
 .progmem.gcc_sw_table.DisplayUpdater
                0x000000e4       0x50 Displays.o
                0x00000134                . = ALIGN (0x2)
                0x00000134                __trampolines_start = .
 *(.trampolines)
 .trampolines   0x00000134        0x0 linker stubs
 *(.trampolines*)
                0x00000134                __trampolines_end = .
 *libprintf_flt.a:*(.progmem.data)
 *libc.a:*(.progmem.data)
 *(.progmem*)
                0x00000134                . = ALIGN (0x2)
 *(.jumptables)
 *(.jumptables*)
 *(.lowtext)
 *(.lowtext*)
                0x00000134                __ctors_start = .
 *(.ctors)
                0x00000134                __ctors_end = .
                0x00000134                __dtors_start = .
 *(.dtors)
                0x00000134                __dtors_end = .
 SORT(*)(.ctors)
 SORT(*)(.dtors)
 *(.init0)
 .init0         0x00000134        0x0 C:/Program Files (x86)/Atmel/Studio/7.0/Packs/atmel/ATmega_DFP/1.7.374/gcc/dev/atmega640/avr5/crtatmega640.o
                0x00000134                __init
 *(.init0)
 *(.init1)
 *(.init1)
 *(.init2)
 .init2         0x00000134        0xc C:/Program Files (x86)/Atmel/Studio/7.0/Packs/atmel/ATmega_DFP/1.7.374/gcc/dev/atmega640/avr5/crtatmega640.o
 *(.init2)
 *(.init3)
 *(.init3)
 *(.init4)
 .init4         0x00000140       0x16 c:/program files (x86)/atmel/studio/7.0/toolchain/avr8/avr8-gnu-toolchain/bin/../lib/gcc/avr/5.4.0/avr5\libgcc.a(_copy_data.o)
                0x00000140                __do_copy_data
 .init4         0x00000156       0x10 c:/program files (x86)/atmel/studio/7.0/toolchain/avr8/avr8-gnu-toolchain/bin/../lib/gcc/avr/5.4.0/avr5\libgcc.a(_clear_bss.o)
                0x00000156                __do_clear_bss
 *(.init4)
 *(.init5)
 *(.init5)
 *(.init6)
 *(.init6)
 *(.init7)
 *(.init7)
 *(.init8)
 *(.init8)
 *(.init9)
 .init9         0x00000166        0x8 C:/Program Files (x86)/Atmel/Studio/7.0/Packs/atmel/ATmega_DFP/1.7.374/gcc/dev/atmega640/avr5/crtatmega640.o
 *(.init9)
 *(.text)
 .text          0x0000016e        0x4 C:/Program Files (x86)/Atmel/Studio/7.0/Packs/atmel/ATmega_DFP/1.7.374/gcc/dev/atmega640/avr5/crtatmega640.o
                0x0000016e                __vector_38
                0x0000016e                __vector_22
                0x0000016e                __vector_28
                0x0000016e                __vector_32
                0x0000016e                __vector_34
                0x0000016e                __vector_24
                0x0000016e                __vector_12
                0x0000016e                __vector_55
                0x0000016e                __vector_46
                0x0000016e                __bad_interrupt
                0x0000016e                __vector_6
                0x0000016e                __vector_31
                0x0000016e                __vector_35
                0x0000016e                __vector_39
                0x0000016e                __vector_23
                0x0000016e                __vector_30
                0x0000016e                __vector_45
                0x0000016e                __vector_25
                0x0000016e                __vector_54
                0x0000016e                __vector_13
                0x0000016e                __vector_19
                0x0000016e                __vector_56
                0x0000016e                __vector_7
                0x0000016e                __vector_49
                0x0000016e                __vector_41
                0x0000016e                __vector_43
                0x0000016e                __vector_27
                0x0000016e                __vector_5
                0x0000016e                __vector_33
                0x0000016e                __vector_47
                0x0000016e                __vector_52
                0x0000016e                __vector_37
                0x0000016e                __vector_44
                0x0000016e                __vector_51
                0x0000016e                __vector_9
                0x0000016e                __vector_2
                0x0000016e                __vector_15
                0x0000016e                __vector_36
                0x0000016e                __vector_29
                0x0000016e                __vector_40
                0x0000016e                __vector_8
                0x0000016e                __vector_26
                0x0000016e                __vector_48
                0x0000016e                __vector_14
                0x0000016e                __vector_53
                0x0000016e                __vector_10
                0x0000016e                __vector_50
                0x0000016e                __vector_16
                0x0000016e                __vector_18
                0x0000016e                __vector_20
                0x0000016e                __vector_42
                0x00000172                . = ALIGN (0x2)
 *(.text.*)
 .text.girarLanzador
                0x00000172       0x42 Bolera.o
                0x00000172                girarLanzador
 .text.frenoLanzador
                0x000001b4       0x18 Bolera.o
                0x000001b4                frenoLanzador
 .text.pararLanzador
                0x000001cc       0x12 Bolera.o
                0x000001cc                pararLanzador
 .text.moverVastagoAdelante
                0x000001de       0x18 Bolera.o
                0x000001de                moverVastagoAdelante
 .text.moverVastagoAtras
                0x000001f6       0x18 Bolera.o
                0x000001f6                moverVastagoAtras
 .text.pararVastago
                0x0000020e        0xc Bolera.o
                0x0000020e                pararVastago
 .text.engancharCarrito
                0x0000021a       0x12 Bolera.o
                0x0000021a                engancharCarrito
 .text.liberarCarrito
                0x0000022c       0x12 Bolera.o
                0x0000022c                liberarCarrito
 .text.pararCarrito
                0x0000023e        0xc Bolera.o
                0x0000023e                pararCarrito
 .text.getSensor3
                0x0000024a        0xa Bolera.o
                0x0000024a                getSensor3
 .text.getSensor4
                0x00000254        0xa Bolera.o
                0x00000254                getSensor4
 .text.encenderLED
                0x0000025e        0xc Bolera.o
                0x0000025e                encenderLED
 .text.apagarLED
                0x0000026a        0xc Bolera.o
                0x0000026a                apagarLED
 .text.setup_puertos
                0x00000276       0x30 ConfiguracionV1.o
                0x00000276                setup_puertos
 .text.setup_timer0
                0x000002a6       0x16 ConfiguracionV1.o
                0x000002a6                setup_timer0
 .text.resetTimer1
                0x000002bc        0xa ConfiguracionV1.o
                0x000002bc                resetTimer1
 .text.disableTimer1Int
                0x000002c6        0x6 ConfiguracionV1.o
                0x000002c6                disableTimer1Int
 .text.enableTimer1Int
                0x000002cc        0x8 ConfiguracionV1.o
                0x000002cc                enableTimer1Int
 .text.setup_timer1
                0x000002d4       0x24 ConfiguracionV1.o
                0x000002d4                setup_timer1
 .text.DisplayUpdater
                0x000002f8      0x284 Displays.o
                0x000002f8                DisplayUpdater
 .text.setuptimer
                0x0000057c       0x14 Elevadores.o
                0x0000057c                setuptimer
 .text.setupEC  0x00000590       0x22 Elevadores.o
                0x00000590                setupEC
 .text.setupER  0x000005b2       0x18 Elevadores.o
                0x000005b2                setupER
 .text.setupPulsador
                0x000005ca       0x12 Elevadores.o
                0x000005ca                setupPulsador
 .text.setupElevadores
                0x000005dc       0x16 Elevadores.o
                0x000005dc                setupElevadores
 .text.bajaEC   0x000005f2       0x54 Elevadores.o
                0x000005f2                bajaEC
 .text.subeEC   0x00000646       0x52 Elevadores.o
                0x00000646                subeEC
 .text.homeEC   0x00000698       0x40 Elevadores.o
                0x00000698                homeEC
 .text.homeER   0x000006d8       0x32 Elevadores.o
                0x000006d8                homeER
 .text.bajaER   0x0000070a       0x12 Elevadores.o
                0x0000070a                bajaER
 .text.OnSW5Interruption
                0x0000071c       0x34 Elevadores.o
                0x0000071c                OnSW5Interruption
 .text.UpdateTimeElevadores
                0x00000750       0x14 Elevadores.o
                0x00000750                UpdateTimeElevadores
 .text.setupLanzador
                0x00000764       0x1a Lanzador.o
                0x00000764                setupLanzador
 .text.lanzadorHome
                0x0000077e       0x24 Lanzador.o
                0x0000077e                lanzadorHome
 .text.vastagoHome
                0x000007a2       0x20 Lanzador.o
                0x000007a2                vastagoHome
 .text.carritoHome
                0x000007c2       0x20 Lanzador.o
                0x000007c2                carritoHome
 .text.updateTime
                0x000007e2       0x28 Lanzador.o
                0x000007e2                updateTime
 .text.parpadearLED
                0x0000080a       0x32 Lanzador.o
                0x0000080a                parpadearLED
 .text.OnSW2Interruption
                0x0000083c       0xd4 Lanzador.o
                0x0000083c                OnSW2Interruption
 .text.__vector_21
                0x00000910       0x5c main.o
                0x00000910                __vector_21
 .text.__vector_17
                0x0000096c       0x52 main.o
                0x0000096c                __vector_17
 .text.__vector_11
                0x000009be       0x48 main.o
                0x000009be                __vector_11
 .text.__vector_1
                0x00000a06       0x48 main.o
                0x00000a06                __vector_1
 .text.__vector_3
                0x00000a4e       0x62 main.o
                0x00000a4e                __vector_3
 .text.__vector_4
                0x00000ab0       0x48 main.o
                0x00000ab0                __vector_4
 .text.main     0x00000af8      0x21e main.o
                0x00000af8                main
 .text.habilitarInterrupcionesSensores
                0x00000d16        0x8 Sensores_bolos.o
                0x00000d16                habilitarInterrupcionesSensores
 .text.OnPinChangeBolos
                0x00000d1e       0x66 Sensores_bolos.o
                0x00000d1e                OnPinChangeBolos
 .text.libgcc.div
                0x00000d84       0x44 c:/program files (x86)/atmel/studio/7.0/toolchain/avr8/avr8-gnu-toolchain/bin/../lib/gcc/avr/5.4.0/avr5\libgcc.a(_udivmodsi4.o)
                0x00000d84                __udivmodsi4
 .text.libgcc   0x00000dc8        0xc c:/program files (x86)/atmel/studio/7.0/toolchain/avr8/avr8-gnu-toolchain/bin/../lib/gcc/avr/5.4.0/avr5\libgcc.a(_tablejump2.o)
                0x00000dc8                __tablejump2__
                0x00000dd4                . = ALIGN (0x2)
 *(.fini9)
 .fini9         0x00000dd4        0x0 c:/program files (x86)/atmel/studio/7.0/toolchain/avr8/avr8-gnu-toolchain/bin/../lib/gcc/avr/5.4.0/avr5\libgcc.a(_exit.o)
                0x00000dd4                _exit
                0x00000dd4                exit
 *(.fini9)
 *(.fini8)
 *(.fini8)
 *(.fini7)
 *(.fini7)
 *(.fini6)
 *(.fini6)
 *(.fini5)
 *(.fini5)
 *(.fini4)
 *(.fini4)
 *(.fini3)
 *(.fini3)
 *(.fini2)
 *(.fini2)
 *(.fini1)
 *(.fini1)
 *(.fini0)
 .fini0         0x00000dd4        0x4 c:/program files (x86)/atmel/studio/7.0/toolchain/avr8/avr8-gnu-toolchain/bin/../lib/gcc/avr/5.4.0/avr5\libgcc.a(_exit.o)
 *(.fini0)
                0x00000dd8                _etext = .

.data           0x00800200        0x2 load address 0x00000dd8
                0x00800200                PROVIDE (__data_start, .)
 *(.data)
 *(.data*)
 .data.lanzadorFlag
                0x00800200        0x1 Bolera.o
                0x00800200                lanzadorFlag
 *(.gnu.linkonce.d*)
 *(.rodata)
 *(.rodata*)
 *(.gnu.linkonce.r*)
                0x00800202                . = ALIGN (0x2)
 *fill*         0x00800201        0x1 
                0x00800202                _edata = .
                0x00800202                PROVIDE (__data_end, .)

.bss            0x00800202       0x18
                0x00800202                PROVIDE (__bss_start, .)
 *(.bss)
 *(.bss*)
 .bss.estado_final
                0x00800202        0x1 Displays.o
                0x00800202                estado_final
 .bss.parpadeos
                0x00800203        0x2 Displays.o
                0x00800203                parpadeos
 .bss.bandera   0x00800205        0x2 Elevadores.o
                0x00800205                bandera
 .bss.current_time
                0x00800207        0x2 Elevadores.o
                0x00800207                current_time
 .bss.state     0x00800209        0x1 Lanzador.o
                0x00800209                state
 .bss.last_interruption_time
                0x0080020a        0x4 Lanzador.o
                0x0080020a                last_interruption_time
 .bss.ms_elapsed
                0x0080020e        0x4 Lanzador.o
                0x0080020e                ms_elapsed
 .bss.position  0x00800212        0x1 Lanzador.o
                0x00800212                position
 .bss.ultimoFlag
                0x00800213        0x1 main.o
                0x00800213                ultimoFlag
 .bss.parpadearFlag
                0x00800214        0x1 main.o
                0x00800214                parpadearFlag
 .bss.puntuacion
                0x00800215        0x1 Sensores_bolos.o
                0x00800215                puntuacion
 *(COMMON)
 COMMON         0x00800216        0x4 Elevadores.o
                0x00800216                ECPos
                0x00800218                ERpos
                0x0080021a                PROVIDE (__bss_end, .)
                0x00000dd8                __data_load_start = LOADADDR (.data)
                0x00000dda                __data_load_end = (__data_load_start + SIZEOF (.data))

.noinit         0x0080021a        0x0
                [!provide]                PROVIDE (__noinit_start, .)
 *(.noinit*)
                [!provide]                PROVIDE (__noinit_end, .)
                0x0080021a                _end = .
                [!provide]                PROVIDE (__heap_start, .)

.eeprom         0x00810000        0x0
 *(.eeprom*)
                0x00810000                __eeprom_end = .

.fuse
 *(.fuse)
 *(.lfuse)
 *(.hfuse)
 *(.efuse)

.lock
 *(.lock*)

.signature
 *(.signature*)

.user_signatures
 *(.user_signatures*)

.stab
 *(.stab)

.stabstr
 *(.stabstr)

.stab.excl
 *(.stab.excl)

.stab.exclstr
 *(.stab.exclstr)

.stab.index
 *(.stab.index)

.stab.indexstr
 *(.stab.indexstr)

.comment        0x00000000       0x30
 *(.comment)
 .comment       0x00000000       0x30 Bolera.o
                                 0x31 (size before relaxing)
 .comment       0x00000030       0x31 ConfiguracionV1.o
 .comment       0x00000030       0x31 Displays.o
 .comment       0x00000030       0x31 Elevadores.o
 .comment       0x00000030       0x31 Lanzador.o
 .comment       0x00000030       0x31 main.o
 .comment       0x00000030       0x31 Sensores_bolos.o

.note.gnu.avr.deviceinfo
                0x00000000       0x3c
 .note.gnu.avr.deviceinfo
                0x00000000       0x3c C:/Program Files (x86)/Atmel/Studio/7.0/Packs/atmel/ATmega_DFP/1.7.374/gcc/dev/atmega640/avr5/crtatmega640.o

.note.gnu.build-id
 *(.note.gnu.build-id)

.debug
 *(.debug)

.line
 *(.line)

.debug_srcinfo
 *(.debug_srcinfo)

.debug_sfnames
 *(.debug_sfnames)

.debug_aranges  0x00000000      0x2e0
 *(.debug_aranges)
 .debug_aranges
                0x00000000       0xd8 Bolera.o
 .debug_aranges
                0x000000d8       0x48 ConfiguracionV1.o
 .debug_aranges
                0x00000120       0x30 Displays.o
 .debug_aranges
                0x00000150       0x98 Elevadores.o
 .debug_aranges
                0x000001e8       0x78 Lanzador.o
 .debug_aranges
                0x00000260       0x50 main.o
 .debug_aranges
                0x000002b0       0x30 Sensores_bolos.o

.debug_pubnames
 *(.debug_pubnames)

.debug_info     0x00000000     0x24b2
 *(.debug_info .gnu.linkonce.wi.*)
 .debug_info    0x00000000      0xba9 C:/Program Files (x86)/Atmel/Studio/7.0/Packs/atmel/ATmega_DFP/1.7.374/gcc/dev/atmega640/avr5/crtatmega640.o
 .debug_info    0x00000ba9      0x347 Bolera.o
 .debug_info    0x00000ef0       0xf6 ConfiguracionV1.o
 .debug_info    0x00000fe6      0x1ea Displays.o
 .debug_info    0x000011d0      0x3f6 Elevadores.o
 .debug_info    0x000015c6      0x549 Lanzador.o
 .debug_info    0x00001b0f      0x8d1 main.o
 .debug_info    0x000023e0       0xd2 Sensores_bolos.o

.debug_abbrev   0x00000000     0x123f
 *(.debug_abbrev)
 .debug_abbrev  0x00000000      0xb08 C:/Program Files (x86)/Atmel/Studio/7.0/Packs/atmel/ATmega_DFP/1.7.374/gcc/dev/atmega640/avr5/crtatmega640.o
 .debug_abbrev  0x00000b08      0x103 Bolera.o
 .debug_abbrev  0x00000c0b       0x4f ConfiguracionV1.o
 .debug_abbrev  0x00000c5a       0xeb Displays.o
 .debug_abbrev  0x00000d45      0x14c Elevadores.o
 .debug_abbrev  0x00000e91      0x1dd Lanzador.o
 .debug_abbrev  0x0000106e      0x14a main.o
 .debug_abbrev  0x000011b8       0x87 Sensores_bolos.o

.debug_line     0x00000000     0x16d2
 *(.debug_line .debug_line.* .debug_line_end)
 .debug_line    0x00000000      0x1ee C:/Program Files (x86)/Atmel/Studio/7.0/Packs/atmel/ATmega_DFP/1.7.374/gcc/dev/atmega640/avr5/crtatmega640.o
 .debug_line    0x000001ee      0x369 Bolera.o
 .debug_line    0x00000557      0x198 ConfiguracionV1.o
 .debug_line    0x000006ef      0x2e4 Displays.o
 .debug_line    0x000009d3      0x40a Elevadores.o
 .debug_line    0x00000ddd      0x33f Lanzador.o
 .debug_line    0x0000111c      0x479 main.o
 .debug_line    0x00001595      0x13d Sensores_bolos.o

.debug_frame    0x00000000      0x6b8
 *(.debug_frame)
 .debug_frame   0x00000000      0x194 Bolera.o
 .debug_frame   0x00000194       0x74 ConfiguracionV1.o
 .debug_frame   0x00000208       0x44 Displays.o
 .debug_frame   0x0000024c      0x120 Elevadores.o
 .debug_frame   0x0000036c       0xd4 Lanzador.o
 .debug_frame   0x00000440      0x234 main.o
 .debug_frame   0x00000674       0x44 Sensores_bolos.o

.debug_str      0x00000000      0xae9
 *(.debug_str)
 .debug_str     0x00000000      0x3e0 C:/Program Files (x86)/Atmel/Studio/7.0/Packs/atmel/ATmega_DFP/1.7.374/gcc/dev/atmega640/avr5/crtatmega640.o
 .debug_str     0x000003e0      0x2ea Bolera.o
                                0x31e (size before relaxing)
 .debug_str     0x000006ca       0x75 ConfiguracionV1.o
                                0x210 (size before relaxing)
 .debug_str     0x0000073f       0x6a Displays.o
                                0x20e (size before relaxing)
 .debug_str     0x000007a9      0x13d Elevadores.o
                                0x2e0 (size before relaxing)
 .debug_str     0x000008e6      0x131 Lanzador.o
                                0x39f (size before relaxing)
 .debug_str     0x00000a17       0xa0 main.o
                                0x4b8 (size before relaxing)
 .debug_str     0x00000ab7       0x32 Sensores_bolos.o
                                0x209 (size before relaxing)

.debug_loc      0x00000000      0xf6a
 *(.debug_loc)
 .debug_loc     0x00000000       0x4e Bolera.o
 .debug_loc     0x0000004e      0x464 Displays.o
 .debug_loc     0x000004b2      0x1f3 Elevadores.o
 .debug_loc     0x000006a5       0x48 Lanzador.o
 .debug_loc     0x000006ed      0x86a main.o
 .debug_loc     0x00000f57       0x13 Sensores_bolos.o

.debug_macinfo
 *(.debug_macinfo)

.debug_weaknames
 *(.debug_weaknames)

.debug_funcnames
 *(.debug_funcnames)

.debug_typenames
 *(.debug_typenames)

.debug_varnames
 *(.debug_varnames)

.debug_pubtypes
 *(.debug_pubtypes)

.debug_ranges   0x00000000      0x270
 *(.debug_ranges)
 .debug_ranges  0x00000000       0xc8 Bolera.o
 .debug_ranges  0x000000c8       0x38 ConfiguracionV1.o
 .debug_ranges  0x00000100       0x20 Displays.o
 .debug_ranges  0x00000120       0x88 Elevadores.o
 .debug_ranges  0x000001a8       0x68 Lanzador.o
 .debug_ranges  0x00000210       0x40 main.o
 .debug_ranges  0x00000250       0x20 Sensores_bolos.o

.debug_macro
 *(.debug_macro)
OUTPUT(PruebaGlobal.elf elf32-avr)
LOAD linker stubs
