Archive member included to satisfy reference by file (symbol)

c:/program files (x86)/atmel/studio/7.0/toolchain/avr8/avr8-gnu-toolchain/bin/../lib/gcc/avr/5.4.0/avr5\libgcc.a(_udivmodqi4.o)
                              Displays.o (__udivmodqi4)
c:/program files (x86)/atmel/studio/7.0/toolchain/avr8/avr8-gnu-toolchain/bin/../lib/gcc/avr/5.4.0/avr5\libgcc.a(_udivmodsi4.o)
                              Lanzador.o (__udivmodsi4)
c:/program files (x86)/atmel/studio/7.0/toolchain/avr8/avr8-gnu-toolchain/bin/../lib/gcc/avr/5.4.0/avr5\libgcc.a(_exit.o)
                              C:/Program Files (x86)/Atmel/Studio/7.0/Packs/atmel/ATmega_DFP/1.7.374/gcc/dev/atmega640/avr5/crtatmega640.o (exit)
c:/program files (x86)/atmel/studio/7.0/toolchain/avr8/avr8-gnu-toolchain/bin/../lib/gcc/avr/5.4.0/avr5\libgcc.a(_tablejump2.o)
                              Displays.o (__tablejump2__)
c:/program files (x86)/atmel/studio/7.0/toolchain/avr8/avr8-gnu-toolchain/bin/../lib/gcc/avr/5.4.0/avr5\libgcc.a(_copy_data.o)
                              Bolera.o (__do_copy_data)
c:/program files (x86)/atmel/studio/7.0/toolchain/avr8/avr8-gnu-toolchain/bin/../lib/gcc/avr/5.4.0/avr5\libgcc.a(_clear_bss.o)
                              Displays.o (__do_clear_bss)

Allocating common symbols
Common symbol       size              file

puntuacion          0x1               Displays.o
state4              0x2               main.o
state5              0x2               main.o
ECPos               0x1               Elevadores.o
state1              0x2               main.o
state3              0x2               main.o
pulsador            0x2               Displays.o
state2              0x2               main.o
ERpos               0x1               Elevadores.o
state6              0x2               main.o

Discarded input sections

 .data          0x00000000        0x0 C:/Program Files (x86)/Atmel/Studio/7.0/Packs/atmel/ATmega_DFP/1.7.374/gcc/dev/atmega640/avr5/crtatmega640.o
 .bss           0x00000000        0x0 C:/Program Files (x86)/Atmel/Studio/7.0/Packs/atmel/ATmega_DFP/1.7.374/gcc/dev/atmega640/avr5/crtatmega640.o
 .text          0x00000000        0x0 Bolera.o
 .data          0x00000000        0x0 Bolera.o
 .bss           0x00000000        0x0 Bolera.o
 .text.pararElevadorCargas
                0x00000000        0xc Bolera.o
 .text.subirElevadorCargas
                0x00000000       0x1a Bolera.o
 .text.bajarElevadorCargas
                0x00000000       0x1a Bolera.o
 .text.pararElevadorRetorno
                0x00000000        0x4 Bolera.o
 .text.subirElevadorRetorno
                0x00000000        0xa Bolera.o
 .text.bajarElevadorRetorno
                0x00000000        0xa Bolera.o
 .text.getOptico
                0x00000000       0x2a Bolera.o
 .text          0x00000000        0x0 ConfiguracionV1.o
 .data          0x00000000        0x0 ConfiguracionV1.o
 .bss           0x00000000        0x0 ConfiguracionV1.o
 .text          0x00000000        0x0 Displays.o
 .data          0x00000000        0x0 Displays.o
 .bss           0x00000000        0x0 Displays.o
 .text          0x00000000        0x0 Elevadores.o
 .data          0x00000000        0x0 Elevadores.o
 .bss           0x00000000        0x0 Elevadores.o
 .text.recarga  0x00000000        0xa Elevadores.o
 .text          0x00000000        0x0 Lanzador.o
 .data          0x00000000        0x0 Lanzador.o
 .bss           0x00000000        0x0 Lanzador.o
 .text.setTime  0x00000000       0x1a Lanzador.o
 .text.getTime  0x00000000       0x12 Lanzador.o
 .text          0x00000000        0x0 main.o
 .data          0x00000000        0x0 main.o
 .bss           0x00000000        0x0 main.o
 .text          0x00000000        0x0 Sensores_bolos.o
 .data          0x00000000        0x0 Sensores_bolos.o
 .bss           0x00000000        0x0 Sensores_bolos.o
 .text.getPuntacion
                0x00000000        0x6 Sensores_bolos.o
 .text.setPuntuacion
                0x00000000        0x6 Sensores_bolos.o
 .text          0x00000000        0x0 c:/program files (x86)/atmel/studio/7.0/toolchain/avr8/avr8-gnu-toolchain/bin/../lib/gcc/avr/5.4.0/avr5\libgcc.a(_udivmodqi4.o)
 .data          0x00000000        0x0 c:/program files (x86)/atmel/studio/7.0/toolchain/avr8/avr8-gnu-toolchain/bin/../lib/gcc/avr/5.4.0/avr5\libgcc.a(_udivmodqi4.o)
 .bss           0x00000000        0x0 c:/program files (x86)/atmel/studio/7.0/toolchain/avr8/avr8-gnu-toolchain/bin/../lib/gcc/avr/5.4.0/avr5\libgcc.a(_udivmodqi4.o)
 .text.libgcc.mul
                0x00000000        0x0 c:/program files (x86)/atmel/studio/7.0/toolchain/avr8/avr8-gnu-toolchain/bin/../lib/gcc/avr/5.4.0/avr5\libgcc.a(_udivmodqi4.o)
 .text.libgcc   0x00000000        0x0 c:/program files (x86)/atmel/studio/7.0/toolchain/avr8/avr8-gnu-toolchain/bin/../lib/gcc/avr/5.4.0/avr5\libgcc.a(_udivmodqi4.o)
 .text.libgcc.prologue
                0x00000000        0x0 c:/program files (x86)/atmel/studio/7.0/toolchain/avr8/avr8-gnu-toolchain/bin/../lib/gcc/avr/5.4.0/avr5\libgcc.a(_udivmodqi4.o)
 .text.libgcc.builtins
                0x00000000        0x0 c:/program files (x86)/atmel/studio/7.0/toolchain/avr8/avr8-gnu-toolchain/bin/../lib/gcc/avr/5.4.0/avr5\libgcc.a(_udivmodqi4.o)
 .text.libgcc.fmul
                0x00000000        0x0 c:/program files (x86)/atmel/studio/7.0/toolchain/avr8/avr8-gnu-toolchain/bin/../lib/gcc/avr/5.4.0/avr5\libgcc.a(_udivmodqi4.o)
 .text.libgcc.fixed
                0x00000000        0x0 c:/program files (x86)/atmel/studio/7.0/toolchain/avr8/avr8-gnu-toolchain/bin/../lib/gcc/avr/5.4.0/avr5\libgcc.a(_udivmodqi4.o)
 .text          0x00000000        0x0 c:/program files (x86)/atmel/studio/7.0/toolchain/avr8/avr8-gnu-toolchain/bin/../lib/gcc/avr/5.4.0/avr5\libgcc.a(_udivmodsi4.o)
 .data          0x00000000        0x0 c:/program files (x86)/atmel/studio/7.0/toolchain/avr8/avr8-gnu-toolchain/bin/../lib/gcc/avr/5.4.0/avr5\libgcc.a(_udivmodsi4.o)
 .bss           0x00000000        0x0 c:/program files (x86)/atmel/studio/7.0/toolchain/avr8/avr8-gnu-toolchain/bin/../lib/gcc/avr/5.4.0/avr5\libgcc.a(_udivmodsi4.o)
 .text.libgcc.mul
                0x00000000        0x0 c:/program files (x86)/atmel/studio/7.0/toolchain/avr8/avr8-gnu-toolchain/bin/../lib/gcc/avr/5.4.0/avr5\libgcc.a(_udivmodsi4.o)
 .text.libgcc   0x00000000        0x0 c:/program files (x86)/atmel/studio/7.0/toolchain/avr8/avr8-gnu-toolchain/bin/../lib/gcc/avr/5.4.0/avr5\libgcc.a(_udivmodsi4.o)
 .text.libgcc.prologue
                0x00000000        0x0 c:/program files (x86)/atmel/studio/7.0/toolchain/avr8/avr8-gnu-toolchain/bin/../lib/gcc/avr/5.4.0/avr5\libgcc.a(_udivmodsi4.o)
 .text.libgcc.builtins
                0x00000000        0x0 c:/program files (x86)/atmel/studio/7.0/toolchain/avr8/avr8-gnu-toolchain/bin/../lib/gcc/avr/5.4.0/avr5\libgcc.a(_udivmodsi4.o)
 .text.libgcc.fmul
                0x00000000        0x0 c:/program files (x86)/atmel/studio/7.0/toolchain/avr8/avr8-gnu-toolchain/bin/../lib/gcc/avr/5.4.0/avr5\libgcc.a(_udivmodsi4.o)
 .text.libgcc.fixed
                0x00000000        0x0 c:/program files (x86)/atmel/studio/7.0/toolchain/avr8/avr8-gnu-toolchain/bin/../lib/gcc/avr/5.4.0/avr5\libgcc.a(_udivmodsi4.o)
 .text          0x00000000        0x0 c:/program files (x86)/atmel/studio/7.0/toolchain/avr8/avr8-gnu-toolchain/bin/../lib/gcc/avr/5.4.0/avr5\libgcc.a(_exit.o)
 .data          0x00000000        0x0 c:/program files (x86)/atmel/studio/7.0/toolchain/avr8/avr8-gnu-toolchain/bin/../lib/gcc/avr/5.4.0/avr5\libgcc.a(_exit.o)
 .bss           0x00000000        0x0 c:/program files (x86)/atmel/studio/7.0/toolchain/avr8/avr8-gnu-toolchain/bin/../lib/gcc/avr/5.4.0/avr5\libgcc.a(_exit.o)
 .text.libgcc.mul
                0x00000000        0x0 c:/program files (x86)/atmel/studio/7.0/toolchain/avr8/avr8-gnu-toolchain/bin/../lib/gcc/avr/5.4.0/avr5\libgcc.a(_exit.o)
 .text.libgcc.div
                0x00000000        0x0 c:/program files (x86)/atmel/studio/7.0/toolchain/avr8/avr8-gnu-toolchain/bin/../lib/gcc/avr/5.4.0/avr5\libgcc.a(_exit.o)
 .text.libgcc   0x00000000        0x0 c:/program files (x86)/atmel/studio/7.0/toolchain/avr8/avr8-gnu-toolchain/bin/../lib/gcc/avr/5.4.0/avr5\libgcc.a(_exit.o)
 .text.libgcc.prologue
                0x00000000        0x0 c:/program files (x86)/atmel/studio/7.0/toolchain/avr8/avr8-gnu-toolchain/bin/../lib/gcc/avr/5.4.0/avr5\libgcc.a(_exit.o)
 .text.libgcc.builtins
                0x00000000        0x0 c:/program files (x86)/atmel/studio/7.0/toolchain/avr8/avr8-gnu-toolchain/bin/../lib/gcc/avr/5.4.0/avr5\libgcc.a(_exit.o)
 .text.libgcc.fmul
                0x00000000        0x0 c:/program files (x86)/atmel/studio/7.0/toolchain/avr8/avr8-gnu-toolchain/bin/../lib/gcc/avr/5.4.0/avr5\libgcc.a(_exit.o)
 .text.libgcc.fixed
                0x00000000        0x0 c:/program files (x86)/atmel/studio/7.0/toolchain/avr8/avr8-gnu-toolchain/bin/../lib/gcc/avr/5.4.0/avr5\libgcc.a(_exit.o)
 .text          0x00000000        0x0 c:/program files (x86)/atmel/studio/7.0/toolchain/avr8/avr8-gnu-toolchain/bin/../lib/gcc/avr/5.4.0/avr5\libgcc.a(_tablejump2.o)
 .data          0x00000000        0x0 c:/program files (x86)/atmel/studio/7.0/toolchain/avr8/avr8-gnu-toolchain/bin/../lib/gcc/avr/5.4.0/avr5\libgcc.a(_tablejump2.o)
 .bss           0x00000000        0x0 c:/program files (x86)/atmel/studio/7.0/toolchain/avr8/avr8-gnu-toolchain/bin/../lib/gcc/avr/5.4.0/avr5\libgcc.a(_tablejump2.o)
 .text.libgcc.mul
                0x00000000        0x0 c:/program files (x86)/atmel/studio/7.0/toolchain/avr8/avr8-gnu-toolchain/bin/../lib/gcc/avr/5.4.0/avr5\libgcc.a(_tablejump2.o)
 .text.libgcc.div
                0x00000000        0x0 c:/program files (x86)/atmel/studio/7.0/toolchain/avr8/avr8-gnu-toolchain/bin/../lib/gcc/avr/5.4.0/avr5\libgcc.a(_tablejump2.o)
 .text.libgcc.prologue
                0x00000000        0x0 c:/program files (x86)/atmel/studio/7.0/toolchain/avr8/avr8-gnu-toolchain/bin/../lib/gcc/avr/5.4.0/avr5\libgcc.a(_tablejump2.o)
 .text.libgcc.builtins
                0x00000000        0x0 c:/program files (x86)/atmel/studio/7.0/toolchain/avr8/avr8-gnu-toolchain/bin/../lib/gcc/avr/5.4.0/avr5\libgcc.a(_tablejump2.o)
 .text.libgcc.fmul
                0x00000000        0x0 c:/program files (x86)/atmel/studio/7.0/toolchain/avr8/avr8-gnu-toolchain/bin/../lib/gcc/avr/5.4.0/avr5\libgcc.a(_tablejump2.o)
 .text.libgcc.fixed
                0x00000000        0x0 c:/program files (x86)/atmel/studio/7.0/toolchain/avr8/avr8-gnu-toolchain/bin/../lib/gcc/avr/5.4.0/avr5\libgcc.a(_tablejump2.o)
 .text          0x00000000        0x0 c:/program files (x86)/atmel/studio/7.0/toolchain/avr8/avr8-gnu-toolchain/bin/../lib/gcc/avr/5.4.0/avr5\libgcc.a(_copy_data.o)
 .data          0x00000000        0x0 c:/program files (x86)/atmel/studio/7.0/toolchain/avr8/avr8-gnu-toolchain/bin/../lib/gcc/avr/5.4.0/avr5\libgcc.a(_copy_data.o)
 .bss           0x00000000        0x0 c:/program files (x86)/atmel/studio/7.0/toolchain/avr8/avr8-gnu-toolchain/bin/../lib/gcc/avr/5.4.0/avr5\libgcc.a(_copy_data.o)
 .text.libgcc.mul
                0x00000000        0x0 c:/program files (x86)/atmel/studio/7.0/toolchain/avr8/avr8-gnu-toolchain/bin/../lib/gcc/avr/5.4.0/avr5\libgcc.a(_copy_data.o)
 .text.libgcc.div
                0x00000000        0x0 c:/program files (x86)/atmel/studio/7.0/toolchain/avr8/avr8-gnu-toolchain/bin/../lib/gcc/avr/5.4.0/avr5\libgcc.a(_copy_data.o)
 .text.libgcc   0x00000000        0x0 c:/program files (x86)/atmel/studio/7.0/toolchain/avr8/avr8-gnu-toolchain/bin/../lib/gcc/avr/5.4.0/avr5\libgcc.a(_copy_data.o)
 .text.libgcc.prologue
                0x00000000        0x0 c:/program files (x86)/atmel/studio/7.0/toolchain/avr8/avr8-gnu-toolchain/bin/../lib/gcc/avr/5.4.0/avr5\libgcc.a(_copy_data.o)
 .text.libgcc.builtins
                0x00000000        0x0 c:/program files (x86)/atmel/studio/7.0/toolchain/avr8/avr8-gnu-toolchain/bin/../lib/gcc/avr/5.4.0/avr5\libgcc.a(_copy_data.o)
 .text.libgcc.fmul
                0x00000000        0x0 c:/program files (x86)/atmel/studio/7.0/toolchain/avr8/avr8-gnu-toolchain/bin/../lib/gcc/avr/5.4.0/avr5\libgcc.a(_copy_data.o)
 .text.libgcc.fixed
                0x00000000        0x0 c:/program files (x86)/atmel/studio/7.0/toolchain/avr8/avr8-gnu-toolchain/bin/../lib/gcc/avr/5.4.0/avr5\libgcc.a(_copy_data.o)
 .text          0x00000000        0x0 c:/program files (x86)/atmel/studio/7.0/toolchain/avr8/avr8-gnu-toolchain/bin/../lib/gcc/avr/5.4.0/avr5\libgcc.a(_clear_bss.o)
 .data          0x00000000        0x0 c:/program files (x86)/atmel/studio/7.0/toolchain/avr8/avr8-gnu-toolchain/bin/../lib/gcc/avr/5.4.0/avr5\libgcc.a(_clear_bss.o)
 .bss           0x00000000        0x0 c:/program files (x86)/atmel/studio/7.0/toolchain/avr8/avr8-gnu-toolchain/bin/../lib/gcc/avr/5.4.0/avr5\libgcc.a(_clear_bss.o)
 .text.libgcc.mul
                0x00000000        0x0 c:/program files (x86)/atmel/studio/7.0/toolchain/avr8/avr8-gnu-toolchain/bin/../lib/gcc/avr/5.4.0/avr5\libgcc.a(_clear_bss.o)
 .text.libgcc.div
                0x00000000        0x0 c:/program files (x86)/atmel/studio/7.0/toolchain/avr8/avr8-gnu-toolchain/bin/../lib/gcc/avr/5.4.0/avr5\libgcc.a(_clear_bss.o)
 .text.libgcc   0x00000000        0x0 c:/program files (x86)/atmel/studio/7.0/toolchain/avr8/avr8-gnu-toolchain/bin/../lib/gcc/avr/5.4.0/avr5\libgcc.a(_clear_bss.o)
 .text.libgcc.prologue
                0x00000000        0x0 c:/program files (x86)/atmel/studio/7.0/toolchain/avr8/avr8-gnu-toolchain/bin/../lib/gcc/avr/5.4.0/avr5\libgcc.a(_clear_bss.o)
 .text.libgcc.builtins
                0x00000000        0x0 c:/program files (x86)/atmel/studio/7.0/toolchain/avr8/avr8-gnu-toolchain/bin/../lib/gcc/avr/5.4.0/avr5\libgcc.a(_clear_bss.o)
 .text.libgcc.fmul
                0x00000000        0x0 c:/program files (x86)/atmel/studio/7.0/toolchain/avr8/avr8-gnu-toolchain/bin/../lib/gcc/avr/5.4.0/avr5\libgcc.a(_clear_bss.o)
 .text.libgcc.fixed
                0x00000000        0x0 c:/program files (x86)/atmel/studio/7.0/toolchain/avr8/avr8-gnu-toolchain/bin/../lib/gcc/avr/5.4.0/avr5\libgcc.a(_clear_bss.o)

Memory Configuration

Name             Origin             Length             Attributes
text             0x00000000         0x00010000         xr
data             0x00800200         0x00002000         rw !x
eeprom           0x00810000         0x00001000         rw !x
fuse             0x00820000         0x00000003         rw !x
lock             0x00830000         0x00000400         rw !x
signature        0x00840000         0x00000400         rw !x
user_signatures  0x00850000         0x00000400         rw !x
*default*        0x00000000         0xffffffff

Linker script and memory map

Address of section .data set to 0x800200
LOAD C:/Program Files (x86)/Atmel/Studio/7.0/Packs/atmel/ATmega_DFP/1.7.374/gcc/dev/atmega640/avr5/crtatmega640.o
LOAD Bolera.o
LOAD ConfiguracionV1.o
LOAD Displays.o
LOAD Elevadores.o
LOAD Lanzador.o
LOAD main.o
LOAD Sensores_bolos.o
START GROUP
LOAD c:/program files (x86)/atmel/studio/7.0/toolchain/avr8/avr8-gnu-toolchain/bin/../lib/gcc/avr/5.4.0/../../../../avr/lib/avr5\libm.a
END GROUP
START GROUP
LOAD c:/program files (x86)/atmel/studio/7.0/toolchain/avr8/avr8-gnu-toolchain/bin/../lib/gcc/avr/5.4.0/avr5\libgcc.a
LOAD c:/program files (x86)/atmel/studio/7.0/toolchain/avr8/avr8-gnu-toolchain/bin/../lib/gcc/avr/5.4.0/../../../../avr/lib/avr5\libm.a
LOAD c:/program files (x86)/atmel/studio/7.0/toolchain/avr8/avr8-gnu-toolchain/bin/../lib/gcc/avr/5.4.0/../../../../avr/lib/avr5\libc.a
LOAD C:/Program Files (x86)/Atmel/Studio/7.0/Packs/atmel/ATmega_DFP/1.7.374/gcc/dev/atmega640/avr5\libatmega640.a
END GROUP
                0x00000000                __TEXT_REGION_ORIGIN__ = DEFINED (__TEXT_REGION_ORIGIN__)?__TEXT_REGION_ORIGIN__:0x0
                [0x00800200]                __DATA_REGION_ORIGIN__ = DEFINED (__DATA_REGION_ORIGIN__)?__DATA_REGION_ORIGIN__:0x800060
                [0x00010000]                __TEXT_REGION_LENGTH__ = DEFINED (__TEXT_REGION_LENGTH__)?__TEXT_REGION_LENGTH__:0x20000
                [0x00002000]                __DATA_REGION_LENGTH__ = DEFINED (__DATA_REGION_LENGTH__)?__DATA_REGION_LENGTH__:0xffa0
                [0x00001000]                __EEPROM_REGION_LENGTH__ = DEFINED (__EEPROM_REGION_LENGTH__)?__EEPROM_REGION_LENGTH__:0x10000
                [0x00000003]                __FUSE_REGION_LENGTH__ = DEFINED (__FUSE_REGION_LENGTH__)?__FUSE_REGION_LENGTH__:0x400
                0x00000400                __LOCK_REGION_LENGTH__ = DEFINED (__LOCK_REGION_LENGTH__)?__LOCK_REGION_LENGTH__:0x400
                0x00000400                __SIGNATURE_REGION_LENGTH__ = DEFINED (__SIGNATURE_REGION_LENGTH__)?__SIGNATURE_REGION_LENGTH__:0x400
                0x00000400                __USER_SIGNATURE_REGION_LENGTH__ = DEFINED (__USER_SIGNATURE_REGION_LENGTH__)?__USER_SIGNATURE_REGION_LENGTH__:0x400

.hash
 *(.hash)

.dynsym
 *(.dynsym)

.dynstr
 *(.dynstr)

.gnu.version
 *(.gnu.version)

.gnu.version_d
 *(.gnu.version_d)

.gnu.version_r
 *(.gnu.version_r)

.rel.init
 *(.rel.init)

.rela.init
 *(.rela.init)

.rel.text
 *(.rel.text)
 *(.rel.text.*)
 *(.rel.gnu.linkonce.t*)

.rela.text
 *(.rela.text)
 *(.rela.text.*)
 *(.rela.gnu.linkonce.t*)

.rel.fini
 *(.rel.fini)

.rela.fini
 *(.rela.fini)

.rel.rodata
 *(.rel.rodata)
 *(.rel.rodata.*)
 *(.rel.gnu.linkonce.r*)

.rela.rodata
 *(.rela.rodata)
 *(.rela.rodata.*)
 *(.rela.gnu.linkonce.r*)

.rel.data
 *(.rel.data)
 *(.rel.data.*)
 *(.rel.gnu.linkonce.d*)

.rela.data
 *(.rela.data)
 *(.rela.data.*)
 *(.rela.gnu.linkonce.d*)

.rel.ctors
 *(.rel.ctors)

.rela.ctors
 *(.rela.ctors)

.rel.dtors
 *(.rel.dtors)

.rela.dtors
 *(.rela.dtors)

.rel.got
 *(.rel.got)

.rela.got
 *(.rela.got)

.rel.bss
 *(.rel.bss)

.rela.bss
 *(.rela.bss)

.rel.plt
 *(.rel.plt)

.rela.plt
 *(.rela.plt)

.text           0x00000000      0xd6a
 *(.vectors)
 .vectors       0x00000000       0xe4 C:/Program Files (x86)/Atmel/Studio/7.0/Packs/atmel/ATmega_DFP/1.7.374/gcc/dev/atmega640/avr5/crtatmega640.o
                0x00000000                __vector_default
                0x00000000                __vectors
 *(.vectors)
 *(.progmem.gcc*)
 .progmem.gcc_sw_table.setDisplay
                0x000000e4       0x14 Displays.o
 .progmem.gcc_sw_table.main
                0x000000f8        0xe main.o
                0x00000106                . = ALIGN (0x2)
                0x00000106                __trampolines_start = .
 *(.trampolines)
 .trampolines   0x00000106        0x0 linker stubs
 *(.trampolines*)
                0x00000106                __trampolines_end = .
 *libprintf_flt.a:*(.progmem.data)
 *libc.a:*(.progmem.data)
 *(.progmem*)
                0x00000106                . = ALIGN (0x2)
 *(.jumptables)
 *(.jumptables*)
 *(.lowtext)
 *(.lowtext*)
                0x00000106                __ctors_start = .
 *(.ctors)
                0x00000106                __ctors_end = .
                0x00000106                __dtors_start = .
 *(.dtors)
                0x00000106                __dtors_end = .
 SORT(*)(.ctors)
 SORT(*)(.dtors)
 *(.init0)
 .init0         0x00000106        0x0 C:/Program Files (x86)/Atmel/Studio/7.0/Packs/atmel/ATmega_DFP/1.7.374/gcc/dev/atmega640/avr5/crtatmega640.o
                0x00000106                __init
 *(.init0)
 *(.init1)
 *(.init1)
 *(.init2)
 .init2         0x00000106        0xc C:/Program Files (x86)/Atmel/Studio/7.0/Packs/atmel/ATmega_DFP/1.7.374/gcc/dev/atmega640/avr5/crtatmega640.o
 *(.init2)
 *(.init3)
 *(.init3)
 *(.init4)
 .init4         0x00000112       0x16 c:/program files (x86)/atmel/studio/7.0/toolchain/avr8/avr8-gnu-toolchain/bin/../lib/gcc/avr/5.4.0/avr5\libgcc.a(_copy_data.o)
                0x00000112                __do_copy_data
 .init4         0x00000128       0x10 c:/program files (x86)/atmel/studio/7.0/toolchain/avr8/avr8-gnu-toolchain/bin/../lib/gcc/avr/5.4.0/avr5\libgcc.a(_clear_bss.o)
                0x00000128                __do_clear_bss
 *(.init4)
 *(.init5)
 *(.init5)
 *(.init6)
 *(.init6)
 *(.init7)
 *(.init7)
 *(.init8)
 *(.init8)
 *(.init9)
 .init9         0x00000138        0x8 C:/Program Files (x86)/Atmel/Studio/7.0/Packs/atmel/ATmega_DFP/1.7.374/gcc/dev/atmega640/avr5/crtatmega640.o
 *(.init9)
 *(.text)
 .text          0x00000140        0x4 C:/Program Files (x86)/Atmel/Studio/7.0/Packs/atmel/ATmega_DFP/1.7.374/gcc/dev/atmega640/avr5/crtatmega640.o
                0x00000140                __vector_38
                0x00000140                __vector_22
                0x00000140                __vector_28
                0x00000140                __vector_32
                0x00000140                __vector_34
                0x00000140                __vector_24
                0x00000140                __vector_12
                0x00000140                __vector_55
                0x00000140                __vector_46
                0x00000140                __bad_interrupt
                0x00000140                __vector_6
                0x00000140                __vector_31
                0x00000140                __vector_35
                0x00000140                __vector_39
                0x00000140                __vector_23
                0x00000140                __vector_30
                0x00000140                __vector_45
                0x00000140                __vector_25
                0x00000140                __vector_54
                0x00000140                __vector_13
                0x00000140                __vector_19
                0x00000140                __vector_56
                0x00000140                __vector_7
                0x00000140                __vector_49
                0x00000140                __vector_41
                0x00000140                __vector_43
                0x00000140                __vector_27
                0x00000140                __vector_5
                0x00000140                __vector_33
                0x00000140                __vector_47
                0x00000140                __vector_52
                0x00000140                __vector_37
                0x00000140                __vector_44
                0x00000140                __vector_51
                0x00000140                __vector_9
                0x00000140                __vector_2
                0x00000140                __vector_15
                0x00000140                __vector_36
                0x00000140                __vector_29
                0x00000140                __vector_40
                0x00000140                __vector_8
                0x00000140                __vector_26
                0x00000140                __vector_48
                0x00000140                __vector_14
                0x00000140                __vector_53
                0x00000140                __vector_10
                0x00000140                __vector_50
                0x00000140                __vector_16
                0x00000140                __vector_18
                0x00000140                __vector_20
                0x00000140                __vector_42
                0x00000144                . = ALIGN (0x2)
 *(.text.*)
 .text.girarLanzador
                0x00000144       0x40 Bolera.o
                0x00000144                girarLanzador
 .text.frenoLanzador
                0x00000184       0x18 Bolera.o
                0x00000184                frenoLanzador
 .text.pararLanzador
                0x0000019c       0x12 Bolera.o
                0x0000019c                pararLanzador
 .text.pararVastago
                0x000001ae        0xc Bolera.o
                0x000001ae                pararVastago
 .text.moverVastagoAdelante
                0x000001ba       0x16 Bolera.o
                0x000001ba                moverVastagoAdelante
 .text.moverVastagoAtras
                0x000001d0       0x16 Bolera.o
                0x000001d0                moverVastagoAtras
 .text.pararCarrito
                0x000001e6        0xc Bolera.o
                0x000001e6                pararCarrito
 .text.engancharCarrito
                0x000001f2       0x16 Bolera.o
                0x000001f2                engancharCarrito
 .text.liberarCarrito
                0x00000208       0x16 Bolera.o
                0x00000208                liberarCarrito
 .text.getSensor1
                0x0000021e        0xc Bolera.o
                0x0000021e                getSensor1
 .text.getSensor2
                0x0000022a        0x8 Bolera.o
                0x0000022a                getSensor2
 .text.getSensor3
                0x00000232        0xa Bolera.o
                0x00000232                getSensor3
 .text.getSensor4
                0x0000023c        0xa Bolera.o
                0x0000023c                getSensor4
 .text.getSensor5
                0x00000246        0xc Bolera.o
                0x00000246                getSensor5
 .text.getSensor6
                0x00000252        0xc Bolera.o
                0x00000252                getSensor6
 .text.encenderLED
                0x0000025e        0xc Bolera.o
                0x0000025e                encenderLED
 .text.apagarLED
                0x0000026a        0xc Bolera.o
                0x0000026a                apagarLED
 .text.setup_puertos
                0x00000276       0x8e ConfiguracionV1.o
                0x00000276                setup_puertos
 .text.setup_timer0
                0x00000304       0x20 ConfiguracionV1.o
                0x00000304                setup_timer0
 .text.resetTimer1
                0x00000324        0xa ConfiguracionV1.o
                0x00000324                resetTimer1
 .text.disableTimer1Int
                0x0000032e        0x6 ConfiguracionV1.o
                0x0000032e                disableTimer1Int
 .text.enableTimer1Int
                0x00000334        0x8 ConfiguracionV1.o
                0x00000334                enableTimer1Int
 .text.setup_timer1
                0x0000033c       0x32 ConfiguracionV1.o
                0x0000033c                setup_timer1
 .text.apagarDisplay
                0x0000036e        0x8 Displays.o
                0x0000036e                apagarDisplay
 .text.setDisplay
                0x00000376       0x4e Displays.o
                0x00000376                setDisplay
 .text.DisplayUpdater
                0x000003c4       0x7a Displays.o
                0x000003c4                DisplayUpdater
 .text.setupEC  0x0000043e       0x22 Elevadores.o
                0x0000043e                setupEC
 .text.setupER  0x00000460       0x14 Elevadores.o
                0x00000460                setupER
 .text.setupElevadores
                0x00000474        0xe Elevadores.o
                0x00000474                setupElevadores
 .text.homeEC   0x00000482       0x3a Elevadores.o
                0x00000482                homeEC
 .text.homeER   0x000004bc       0x20 Elevadores.o
                0x000004bc                homeER
 .text.bajaEC   0x000004dc       0x3e Elevadores.o
                0x000004dc                bajaEC
 .text.subeEC   0x0000051a       0x40 Elevadores.o
                0x0000051a                subeEC
 .text.bajaER   0x0000055a        0x8 Elevadores.o
                0x0000055a                bajaER
 .text.subeER   0x00000562        0x8 Elevadores.o
                0x00000562                subeER
 .text.OnSW5Interruption
                0x0000056a       0x44 Elevadores.o
                0x0000056a                OnSW5Interruption
 .text.UpdateTimerElevadores
                0x000005ae       0x26 Elevadores.o
                0x000005ae                UpdateTimerElevadores
 .text.setupLanzador
                0x000005d4       0x64 Lanzador.o
                0x000005d4                setupLanzador
 .text.lanzadorHome
                0x00000638       0x24 Lanzador.o
                0x00000638                lanzadorHome
 .text.vastagoHome
                0x0000065c       0x1e Lanzador.o
                0x0000065c                vastagoHome
 .text.carritoHome
                0x0000067a       0x1e Lanzador.o
                0x0000067a                carritoHome
 .text.updateTime
                0x00000698       0x66 Lanzador.o
                0x00000698                updateTime
 .text.parpadearLED
                0x000006fe       0x2e Lanzador.o
                0x000006fe                parpadearLED
 .text.OnSW2Interruption
                0x0000072c       0x8e Lanzador.o
                0x0000072c                OnSW2Interruption
 .text.__vector_21
                0x000007ba       0xa4 main.o
                0x000007ba                __vector_21
 .text.__vector_17
                0x0000085e       0x68 main.o
                0x0000085e                __vector_17
 .text.__vector_11
                0x000008c6       0x5a main.o
                0x000008c6                __vector_11
 .text.__vector_1
                0x00000920       0x62 main.o
                0x00000920                __vector_1
 .text.__vector_3
                0x00000982       0x82 main.o
                0x00000982                __vector_3
 .text.__vector_4
                0x00000a04       0x48 main.o
                0x00000a04                __vector_4
 .text.startup.main
                0x00000a4c      0x23e main.o
                0x00000a4c                main
 .text.habilitarInterrupcionesSensores
                0x00000c8a        0x8 Sensores_bolos.o
                0x00000c8a                habilitarInterrupcionesSensores
 .text.deshabilitarInterrupcionesSensores
                0x00000c92        0x6 Sensores_bolos.o
                0x00000c92                deshabilitarInterrupcionesSensores
 .text.OnPinChangeBolos
                0x00000c98       0x66 Sensores_bolos.o
                0x00000c98                OnPinChangeBolos
 .text.libgcc.div
                0x00000cfe       0x18 c:/program files (x86)/atmel/studio/7.0/toolchain/avr8/avr8-gnu-toolchain/bin/../lib/gcc/avr/5.4.0/avr5\libgcc.a(_udivmodqi4.o)
                0x00000cfe                __udivmodqi4
 .text.libgcc.div
                0x00000d16       0x44 c:/program files (x86)/atmel/studio/7.0/toolchain/avr8/avr8-gnu-toolchain/bin/../lib/gcc/avr/5.4.0/avr5\libgcc.a(_udivmodsi4.o)
                0x00000d16                __udivmodsi4
 .text.libgcc   0x00000d5a        0xc c:/program files (x86)/atmel/studio/7.0/toolchain/avr8/avr8-gnu-toolchain/bin/../lib/gcc/avr/5.4.0/avr5\libgcc.a(_tablejump2.o)
                0x00000d5a                __tablejump2__
                0x00000d66                . = ALIGN (0x2)
 *(.fini9)
 .fini9         0x00000d66        0x0 c:/program files (x86)/atmel/studio/7.0/toolchain/avr8/avr8-gnu-toolchain/bin/../lib/gcc/avr/5.4.0/avr5\libgcc.a(_exit.o)
                0x00000d66                _exit
                0x00000d66                exit
 *(.fini9)
 *(.fini8)
 *(.fini8)
 *(.fini7)
 *(.fini7)
 *(.fini6)
 *(.fini6)
 *(.fini5)
 *(.fini5)
 *(.fini4)
 *(.fini4)
 *(.fini3)
 *(.fini3)
 *(.fini2)
 *(.fini2)
 *(.fini1)
 *(.fini1)
 *(.fini0)
 .fini0         0x00000d66        0x4 c:/program files (x86)/atmel/studio/7.0/toolchain/avr8/avr8-gnu-toolchain/bin/../lib/gcc/avr/5.4.0/avr5\libgcc.a(_exit.o)
 *(.fini0)
                0x00000d6a                _etext = .

.data           0x00800200        0x4 load address 0x00000d6a
                0x00800200                PROVIDE (__data_start, .)
 *(.data)
 *(.data*)
 .data.lanzadorFlag
                0x00800200        0x1 Bolera.o
                0x00800200                lanzadorFlag
 .data.position
                0x00800201        0x1 Lanzador.o
                0x00800201                position
 .data.habilitarEstadoFinal
                0x00800202        0x1 main.o
                0x00800202                habilitarEstadoFinal
 *(.gnu.linkonce.d*)
 *(.rodata)
 *(.rodata*)
 *(.gnu.linkonce.r*)
                0x00800204                . = ALIGN (0x2)
 *fill*         0x00800203        0x1 
                0x00800204                _edata = .
                0x00800204                PROVIDE (__data_end, .)

.bss            0x00800204       0x2a
                0x00800204                PROVIDE (__bss_start, .)
 *(.bss)
 *(.bss*)
 .bss.finalizadoFlag
                0x00800204        0x1 Displays.o
                0x00800204                finalizadoFlag
 .bss.parpadeos
                0x00800205        0x2 Displays.o
                0x00800205                parpadeos
 .bss.Time      0x00800207        0x2 Elevadores.o
                0x00800207                Time
 .bss.rutina    0x00800209        0x1 Elevadores.o
                0x00800209                rutina
 .bss.state     0x0080020a        0x1 Lanzador.o
                0x0080020a                state
 .bss.last_interruption_time
                0x0080020b        0x4 Lanzador.o
                0x0080020b                last_interruption_time
 .bss.ms_elapsed
                0x0080020f        0x4 Lanzador.o
                0x0080020f                ms_elapsed
 .bss.Pinchange
                0x00800213        0x2 main.o
                0x00800213                Pinchange
 .bss.interrupt2
                0x00800215        0x2 main.o
                0x00800215                interrupt2
 .bss.interrupt0
                0x00800217        0x2 main.o
                0x00800217                interrupt0
 .bss.oscillando
                0x00800219        0x1 main.o
                0x00800219                oscillando
 .bss.timerTicks
                0x0080021a        0x1 main.o
                0x0080021a                timerTicks
 .bss.ultimoFlag
                0x0080021b        0x1 main.o
                0x0080021b                ultimoFlag
 .bss.parpadearFlag
                0x0080021c        0x1 main.o
                0x0080021c                parpadearFlag
 *(COMMON)
 COMMON         0x0080021d        0x3 Displays.o
                0x0080021d                puntuacion
                0x0080021e                pulsador
 COMMON         0x00800220        0x2 Elevadores.o
                0x00800220                ECPos
                0x00800221                ERpos
 COMMON         0x00800222        0xc main.o
                0x00800222                state4
                0x00800224                state5
                0x00800226                state1
                0x00800228                state3
                0x0080022a                state2
                0x0080022c                state6
                0x0080022e                PROVIDE (__bss_end, .)
                0x00000d6a                __data_load_start = LOADADDR (.data)
                0x00000d6e                __data_load_end = (__data_load_start + SIZEOF (.data))

.noinit         0x0080022e        0x0
                [!provide]                PROVIDE (__noinit_start, .)
 *(.noinit*)
                [!provide]                PROVIDE (__noinit_end, .)
                0x0080022e                _end = .
                [!provide]                PROVIDE (__heap_start, .)

.eeprom         0x00810000        0x0
 *(.eeprom*)
                0x00810000                __eeprom_end = .

.fuse
 *(.fuse)
 *(.lfuse)
 *(.hfuse)
 *(.efuse)

.lock
 *(.lock*)

.signature
 *(.signature*)

.user_signatures
 *(.user_signatures*)

.stab
 *(.stab)

.stabstr
 *(.stabstr)

.stab.excl
 *(.stab.excl)

.stab.exclstr
 *(.stab.exclstr)

.stab.index
 *(.stab.index)

.stab.indexstr
 *(.stab.indexstr)

.comment        0x00000000       0x30
 *(.comment)
 .comment       0x00000000       0x30 Bolera.o
                                 0x31 (size before relaxing)
 .comment       0x00000030       0x31 ConfiguracionV1.o
 .comment       0x00000030       0x31 Displays.o
 .comment       0x00000030       0x31 Elevadores.o
 .comment       0x00000030       0x31 Lanzador.o
 .comment       0x00000030       0x31 main.o
 .comment       0x00000030       0x31 Sensores_bolos.o

.note.gnu.avr.deviceinfo
                0x00000000       0x3c
 .note.gnu.avr.deviceinfo
                0x00000000       0x3c C:/Program Files (x86)/Atmel/Studio/7.0/Packs/atmel/ATmega_DFP/1.7.374/gcc/dev/atmega640/avr5/crtatmega640.o

.note.gnu.build-id
 *(.note.gnu.build-id)

.debug
 *(.debug)

.line
 *(.line)

.debug_srcinfo
 *(.debug_srcinfo)

.debug_sfnames
 *(.debug_sfnames)

.debug_aranges  0x00000000      0x2b8
 *(.debug_aranges)
 .debug_aranges
                0x00000000       0xd8 Bolera.o
 .debug_aranges
                0x000000d8       0x48 ConfiguracionV1.o
 .debug_aranges
                0x00000120       0x30 Displays.o
 .debug_aranges
                0x00000150       0x78 Elevadores.o
 .debug_aranges
                0x000001c8       0x60 Lanzador.o
 .debug_aranges
                0x00000228       0x50 main.o
 .debug_aranges
                0x00000278       0x40 Sensores_bolos.o

.debug_pubnames
 *(.debug_pubnames)

.debug_info     0x00000000     0x22f7
 *(.debug_info .gnu.linkonce.wi.*)
 .debug_info    0x00000000      0xba9 C:/Program Files (x86)/Atmel/Studio/7.0/Packs/atmel/ATmega_DFP/1.7.374/gcc/dev/atmega640/avr5/crtatmega640.o
 .debug_info    0x00000ba9      0x32d Bolera.o
 .debug_info    0x00000ed6       0xf6 ConfiguracionV1.o
 .debug_info    0x00000fcc      0x15d Displays.o
 .debug_info    0x00001129      0x2ba Elevadores.o
 .debug_info    0x000013e3      0x3fb Lanzador.o
 .debug_info    0x000017de      0xa06 main.o
 .debug_info    0x000021e4      0x113 Sensores_bolos.o

.debug_abbrev   0x00000000     0x11fe
 *(.debug_abbrev)
 .debug_abbrev  0x00000000      0xb08 C:/Program Files (x86)/Atmel/Studio/7.0/Packs/atmel/ATmega_DFP/1.7.374/gcc/dev/atmega640/avr5/crtatmega640.o
 .debug_abbrev  0x00000b08       0xe0 Bolera.o
 .debug_abbrev  0x00000be8       0x4f ConfiguracionV1.o
 .debug_abbrev  0x00000c37       0xde Displays.o
 .debug_abbrev  0x00000d15       0xfe Elevadores.o
 .debug_abbrev  0x00000e13      0x1b0 Lanzador.o
 .debug_abbrev  0x00000fc3      0x16c main.o
 .debug_abbrev  0x0000112f       0xcf Sensores_bolos.o

.debug_line     0x00000000     0x15f2
 *(.debug_line .debug_line.* .debug_line_end)
 .debug_line    0x00000000      0x1ee C:/Program Files (x86)/Atmel/Studio/7.0/Packs/atmel/ATmega_DFP/1.7.374/gcc/dev/atmega640/avr5/crtatmega640.o
 .debug_line    0x000001ee      0x374 Bolera.o
 .debug_line    0x00000562      0x227 ConfiguracionV1.o
 .debug_line    0x00000789      0x16e Displays.o
 .debug_line    0x000008f7      0x378 Elevadores.o
 .debug_line    0x00000c6f      0x2fd Lanzador.o
 .debug_line    0x00000f6c      0x51a main.o
 .debug_line    0x00001486      0x16c Sensores_bolos.o

.debug_frame    0x00000000      0x668
 *(.debug_frame)
 .debug_frame   0x00000000      0x194 Bolera.o
 .debug_frame   0x00000194       0x74 ConfiguracionV1.o
 .debug_frame   0x00000208       0x50 Displays.o
 .debug_frame   0x00000258       0xd4 Elevadores.o
 .debug_frame   0x0000032c       0xa4 Lanzador.o
 .debug_frame   0x000003d0      0x234 main.o
 .debug_frame   0x00000604       0x64 Sensores_bolos.o

.debug_str      0x00000000      0xaf5
 *(.debug_str)
 .debug_str     0x00000000      0x3e0 C:/Program Files (x86)/Atmel/Studio/7.0/Packs/atmel/ATmega_DFP/1.7.374/gcc/dev/atmega640/avr5/crtatmega640.o
 .debug_str     0x000003e0      0x2ea Bolera.o
                                0x31e (size before relaxing)
 .debug_str     0x000006ca       0x75 ConfiguracionV1.o
                                0x210 (size before relaxing)
 .debug_str     0x0000073f       0x6c Displays.o
                                0x210 (size before relaxing)
 .debug_str     0x000007ab       0xea Elevadores.o
                                0x293 (size before relaxing)
 .debug_str     0x00000895      0x10a Lanzador.o
                                0x378 (size before relaxing)
 .debug_str     0x0000099f      0x118 main.o
                                0x587 (size before relaxing)
 .debug_str     0x00000ab7       0x3e Sensores_bolos.o
                                0x238 (size before relaxing)

.debug_loc      0x00000000      0x9f4
 *(.debug_loc)
 .debug_loc     0x00000000       0x6a Bolera.o
 .debug_loc     0x0000006a       0x7d Displays.o
 .debug_loc     0x000000e7       0x90 Elevadores.o
 .debug_loc     0x00000177       0x48 Lanzador.o
 .debug_loc     0x000001bf      0x822 main.o
 .debug_loc     0x000009e1       0x13 Sensores_bolos.o

.debug_macinfo
 *(.debug_macinfo)

.debug_weaknames
 *(.debug_weaknames)

.debug_funcnames
 *(.debug_funcnames)

.debug_typenames
 *(.debug_typenames)

.debug_varnames
 *(.debug_varnames)

.debug_pubtypes
 *(.debug_pubtypes)

.debug_ranges   0x00000000      0x248
 *(.debug_ranges)
 .debug_ranges  0x00000000       0xc8 Bolera.o
 .debug_ranges  0x000000c8       0x38 ConfiguracionV1.o
 .debug_ranges  0x00000100       0x20 Displays.o
 .debug_ranges  0x00000120       0x68 Elevadores.o
 .debug_ranges  0x00000188       0x50 Lanzador.o
 .debug_ranges  0x000001d8       0x40 main.o
 .debug_ranges  0x00000218       0x30 Sensores_bolos.o

.debug_macro
 *(.debug_macro)
OUTPUT(PruebaGlobal.elf elf32-avr)
LOAD linker stubs
