Archive member included to satisfy reference by file (symbol)

c:/program files (x86)/atmel/studio/7.0/toolchain/avr8/avr8-gnu-toolchain/bin/../lib/gcc/avr/5.4.0/avr5\libgcc.a(_udivmodsi4.o)
                              Lanzador.o (__udivmodsi4)
c:/program files (x86)/atmel/studio/7.0/toolchain/avr8/avr8-gnu-toolchain/bin/../lib/gcc/avr/5.4.0/avr5\libgcc.a(_exit.o)
                              C:/Program Files (x86)/Atmel/Studio/7.0/Packs/atmel/ATmega_DFP/1.7.374/gcc/dev/atmega640/avr5/crtatmega640.o (exit)
c:/program files (x86)/atmel/studio/7.0/toolchain/avr8/avr8-gnu-toolchain/bin/../lib/gcc/avr/5.4.0/avr5\libgcc.a(_tablejump2.o)
                              Displays.o (__tablejump2__)
c:/program files (x86)/atmel/studio/7.0/toolchain/avr8/avr8-gnu-toolchain/bin/../lib/gcc/avr/5.4.0/avr5\libgcc.a(_copy_data.o)
                              Bolera.o (__do_copy_data)
c:/program files (x86)/atmel/studio/7.0/toolchain/avr8/avr8-gnu-toolchain/bin/../lib/gcc/avr/5.4.0/avr5\libgcc.a(_clear_bss.o)
                              Displays.o (__do_clear_bss)

Allocating common symbols
Common symbol       size              file

puntuacion          0x1               Displays.o
state4              0x2               main.o
state5              0x2               main.o
ECPos               0x1               Elevadores.o
state1              0x2               main.o
state3              0x2               main.o
pulsador            0x2               Displays.o
state2              0x2               main.o
ERpos               0x1               Elevadores.o
state6              0x2               main.o

Discarded input sections

 .data          0x00000000        0x0 C:/Program Files (x86)/Atmel/Studio/7.0/Packs/atmel/ATmega_DFP/1.7.374/gcc/dev/atmega640/avr5/crtatmega640.o
 .bss           0x00000000        0x0 C:/Program Files (x86)/Atmel/Studio/7.0/Packs/atmel/ATmega_DFP/1.7.374/gcc/dev/atmega640/avr5/crtatmega640.o
 .text          0x00000000        0x0 Bolera.o
 .data          0x00000000        0x0 Bolera.o
 .bss           0x00000000        0x0 Bolera.o
 .text.subirElevadorCargas
                0x00000000       0x1c Bolera.o
 .text.bajarElevadorCargas
                0x00000000       0x1c Bolera.o
 .text.pararElevadorCargas
                0x00000000        0xc Bolera.o
 .text.subirElevadorRetorno
                0x00000000        0x8 Bolera.o
 .text.bajarElevadorRetorno
                0x00000000        0x8 Bolera.o
 .text.pararElevadorRetorno
                0x00000000        0x4 Bolera.o
 .text.getOptico
                0x00000000       0x2a Bolera.o
 .text          0x00000000        0x0 ConfiguracionV1.o
 .data          0x00000000        0x0 ConfiguracionV1.o
 .bss           0x00000000        0x0 ConfiguracionV1.o
 .text          0x00000000        0x0 Displays.o
 .data          0x00000000        0x0 Displays.o
 .bss           0x00000000        0x0 Displays.o
 .text.apagarDisplay
                0x00000000        0x8 Displays.o
 .text.setDisplay
                0x00000000       0x6a Displays.o
 .progmem.gcc_sw_table.setDisplay
                0x00000000       0x14 Displays.o
 .text          0x00000000        0x0 Elevadores.o
 .data          0x00000000        0x0 Elevadores.o
 .bss           0x00000000        0x0 Elevadores.o
 .text.bajaER   0x00000000       0x10 Elevadores.o
 .text.subeER   0x00000000       0x10 Elevadores.o
 .text          0x00000000        0x0 Lanzador.o
 .data          0x00000000        0x0 Lanzador.o
 .bss           0x00000000        0x0 Lanzador.o
 .text.setTime  0x00000000       0x1a Lanzador.o
 .text.getTime  0x00000000       0x12 Lanzador.o
 .text          0x00000000        0x0 main.o
 .data          0x00000000        0x0 main.o
 .bss           0x00000000        0x0 main.o
 .text          0x00000000        0x0 Sensores_bolos.o
 .data          0x00000000        0x0 Sensores_bolos.o
 .bss           0x00000000        0x0 Sensores_bolos.o
 .text.setup_Sensores
                0x00000000       0x18 Sensores_bolos.o
 .text          0x00000000        0x0 c:/program files (x86)/atmel/studio/7.0/toolchain/avr8/avr8-gnu-toolchain/bin/../lib/gcc/avr/5.4.0/avr5\libgcc.a(_udivmodsi4.o)
 .data          0x00000000        0x0 c:/program files (x86)/atmel/studio/7.0/toolchain/avr8/avr8-gnu-toolchain/bin/../lib/gcc/avr/5.4.0/avr5\libgcc.a(_udivmodsi4.o)
 .bss           0x00000000        0x0 c:/program files (x86)/atmel/studio/7.0/toolchain/avr8/avr8-gnu-toolchain/bin/../lib/gcc/avr/5.4.0/avr5\libgcc.a(_udivmodsi4.o)
 .text.libgcc.mul
                0x00000000        0x0 c:/program files (x86)/atmel/studio/7.0/toolchain/avr8/avr8-gnu-toolchain/bin/../lib/gcc/avr/5.4.0/avr5\libgcc.a(_udivmodsi4.o)
 .text.libgcc   0x00000000        0x0 c:/program files (x86)/atmel/studio/7.0/toolchain/avr8/avr8-gnu-toolchain/bin/../lib/gcc/avr/5.4.0/avr5\libgcc.a(_udivmodsi4.o)
 .text.libgcc.prologue
                0x00000000        0x0 c:/program files (x86)/atmel/studio/7.0/toolchain/avr8/avr8-gnu-toolchain/bin/../lib/gcc/avr/5.4.0/avr5\libgcc.a(_udivmodsi4.o)
 .text.libgcc.builtins
                0x00000000        0x0 c:/program files (x86)/atmel/studio/7.0/toolchain/avr8/avr8-gnu-toolchain/bin/../lib/gcc/avr/5.4.0/avr5\libgcc.a(_udivmodsi4.o)
 .text.libgcc.fmul
                0x00000000        0x0 c:/program files (x86)/atmel/studio/7.0/toolchain/avr8/avr8-gnu-toolchain/bin/../lib/gcc/avr/5.4.0/avr5\libgcc.a(_udivmodsi4.o)
 .text.libgcc.fixed
                0x00000000        0x0 c:/program files (x86)/atmel/studio/7.0/toolchain/avr8/avr8-gnu-toolchain/bin/../lib/gcc/avr/5.4.0/avr5\libgcc.a(_udivmodsi4.o)
 .text          0x00000000        0x0 c:/program files (x86)/atmel/studio/7.0/toolchain/avr8/avr8-gnu-toolchain/bin/../lib/gcc/avr/5.4.0/avr5\libgcc.a(_exit.o)
 .data          0x00000000        0x0 c:/program files (x86)/atmel/studio/7.0/toolchain/avr8/avr8-gnu-toolchain/bin/../lib/gcc/avr/5.4.0/avr5\libgcc.a(_exit.o)
 .bss           0x00000000        0x0 c:/program files (x86)/atmel/studio/7.0/toolchain/avr8/avr8-gnu-toolchain/bin/../lib/gcc/avr/5.4.0/avr5\libgcc.a(_exit.o)
 .text.libgcc.mul
                0x00000000        0x0 c:/program files (x86)/atmel/studio/7.0/toolchain/avr8/avr8-gnu-toolchain/bin/../lib/gcc/avr/5.4.0/avr5\libgcc.a(_exit.o)
 .text.libgcc.div
                0x00000000        0x0 c:/program files (x86)/atmel/studio/7.0/toolchain/avr8/avr8-gnu-toolchain/bin/../lib/gcc/avr/5.4.0/avr5\libgcc.a(_exit.o)
 .text.libgcc   0x00000000        0x0 c:/program files (x86)/atmel/studio/7.0/toolchain/avr8/avr8-gnu-toolchain/bin/../lib/gcc/avr/5.4.0/avr5\libgcc.a(_exit.o)
 .text.libgcc.prologue
                0x00000000        0x0 c:/program files (x86)/atmel/studio/7.0/toolchain/avr8/avr8-gnu-toolchain/bin/../lib/gcc/avr/5.4.0/avr5\libgcc.a(_exit.o)
 .text.libgcc.builtins
                0x00000000        0x0 c:/program files (x86)/atmel/studio/7.0/toolchain/avr8/avr8-gnu-toolchain/bin/../lib/gcc/avr/5.4.0/avr5\libgcc.a(_exit.o)
 .text.libgcc.fmul
                0x00000000        0x0 c:/program files (x86)/atmel/studio/7.0/toolchain/avr8/avr8-gnu-toolchain/bin/../lib/gcc/avr/5.4.0/avr5\libgcc.a(_exit.o)
 .text.libgcc.fixed
                0x00000000        0x0 c:/program files (x86)/atmel/studio/7.0/toolchain/avr8/avr8-gnu-toolchain/bin/../lib/gcc/avr/5.4.0/avr5\libgcc.a(_exit.o)
 .text          0x00000000        0x0 c:/program files (x86)/atmel/studio/7.0/toolchain/avr8/avr8-gnu-toolchain/bin/../lib/gcc/avr/5.4.0/avr5\libgcc.a(_tablejump2.o)
 .data          0x00000000        0x0 c:/program files (x86)/atmel/studio/7.0/toolchain/avr8/avr8-gnu-toolchain/bin/../lib/gcc/avr/5.4.0/avr5\libgcc.a(_tablejump2.o)
 .bss           0x00000000        0x0 c:/program files (x86)/atmel/studio/7.0/toolchain/avr8/avr8-gnu-toolchain/bin/../lib/gcc/avr/5.4.0/avr5\libgcc.a(_tablejump2.o)
 .text.libgcc.mul
                0x00000000        0x0 c:/program files (x86)/atmel/studio/7.0/toolchain/avr8/avr8-gnu-toolchain/bin/../lib/gcc/avr/5.4.0/avr5\libgcc.a(_tablejump2.o)
 .text.libgcc.div
                0x00000000        0x0 c:/program files (x86)/atmel/studio/7.0/toolchain/avr8/avr8-gnu-toolchain/bin/../lib/gcc/avr/5.4.0/avr5\libgcc.a(_tablejump2.o)
 .text.libgcc.prologue
                0x00000000        0x0 c:/program files (x86)/atmel/studio/7.0/toolchain/avr8/avr8-gnu-toolchain/bin/../lib/gcc/avr/5.4.0/avr5\libgcc.a(_tablejump2.o)
 .text.libgcc.builtins
                0x00000000        0x0 c:/program files (x86)/atmel/studio/7.0/toolchain/avr8/avr8-gnu-toolchain/bin/../lib/gcc/avr/5.4.0/avr5\libgcc.a(_tablejump2.o)
 .text.libgcc.fmul
                0x00000000        0x0 c:/program files (x86)/atmel/studio/7.0/toolchain/avr8/avr8-gnu-toolchain/bin/../lib/gcc/avr/5.4.0/avr5\libgcc.a(_tablejump2.o)
 .text.libgcc.fixed
                0x00000000        0x0 c:/program files (x86)/atmel/studio/7.0/toolchain/avr8/avr8-gnu-toolchain/bin/../lib/gcc/avr/5.4.0/avr5\libgcc.a(_tablejump2.o)
 .text          0x00000000        0x0 c:/program files (x86)/atmel/studio/7.0/toolchain/avr8/avr8-gnu-toolchain/bin/../lib/gcc/avr/5.4.0/avr5\libgcc.a(_copy_data.o)
 .data          0x00000000        0x0 c:/program files (x86)/atmel/studio/7.0/toolchain/avr8/avr8-gnu-toolchain/bin/../lib/gcc/avr/5.4.0/avr5\libgcc.a(_copy_data.o)
 .bss           0x00000000        0x0 c:/program files (x86)/atmel/studio/7.0/toolchain/avr8/avr8-gnu-toolchain/bin/../lib/gcc/avr/5.4.0/avr5\libgcc.a(_copy_data.o)
 .text.libgcc.mul
                0x00000000        0x0 c:/program files (x86)/atmel/studio/7.0/toolchain/avr8/avr8-gnu-toolchain/bin/../lib/gcc/avr/5.4.0/avr5\libgcc.a(_copy_data.o)
 .text.libgcc.div
                0x00000000        0x0 c:/program files (x86)/atmel/studio/7.0/toolchain/avr8/avr8-gnu-toolchain/bin/../lib/gcc/avr/5.4.0/avr5\libgcc.a(_copy_data.o)
 .text.libgcc   0x00000000        0x0 c:/program files (x86)/atmel/studio/7.0/toolchain/avr8/avr8-gnu-toolchain/bin/../lib/gcc/avr/5.4.0/avr5\libgcc.a(_copy_data.o)
 .text.libgcc.prologue
                0x00000000        0x0 c:/program files (x86)/atmel/studio/7.0/toolchain/avr8/avr8-gnu-toolchain/bin/../lib/gcc/avr/5.4.0/avr5\libgcc.a(_copy_data.o)
 .text.libgcc.builtins
                0x00000000        0x0 c:/program files (x86)/atmel/studio/7.0/toolchain/avr8/avr8-gnu-toolchain/bin/../lib/gcc/avr/5.4.0/avr5\libgcc.a(_copy_data.o)
 .text.libgcc.fmul
                0x00000000        0x0 c:/program files (x86)/atmel/studio/7.0/toolchain/avr8/avr8-gnu-toolchain/bin/../lib/gcc/avr/5.4.0/avr5\libgcc.a(_copy_data.o)
 .text.libgcc.fixed
                0x00000000        0x0 c:/program files (x86)/atmel/studio/7.0/toolchain/avr8/avr8-gnu-toolchain/bin/../lib/gcc/avr/5.4.0/avr5\libgcc.a(_copy_data.o)
 .text          0x00000000        0x0 c:/program files (x86)/atmel/studio/7.0/toolchain/avr8/avr8-gnu-toolchain/bin/../lib/gcc/avr/5.4.0/avr5\libgcc.a(_clear_bss.o)
 .data          0x00000000        0x0 c:/program files (x86)/atmel/studio/7.0/toolchain/avr8/avr8-gnu-toolchain/bin/../lib/gcc/avr/5.4.0/avr5\libgcc.a(_clear_bss.o)
 .bss           0x00000000        0x0 c:/program files (x86)/atmel/studio/7.0/toolchain/avr8/avr8-gnu-toolchain/bin/../lib/gcc/avr/5.4.0/avr5\libgcc.a(_clear_bss.o)
 .text.libgcc.mul
                0x00000000        0x0 c:/program files (x86)/atmel/studio/7.0/toolchain/avr8/avr8-gnu-toolchain/bin/../lib/gcc/avr/5.4.0/avr5\libgcc.a(_clear_bss.o)
 .text.libgcc.div
                0x00000000        0x0 c:/program files (x86)/atmel/studio/7.0/toolchain/avr8/avr8-gnu-toolchain/bin/../lib/gcc/avr/5.4.0/avr5\libgcc.a(_clear_bss.o)
 .text.libgcc   0x00000000        0x0 c:/program files (x86)/atmel/studio/7.0/toolchain/avr8/avr8-gnu-toolchain/bin/../lib/gcc/avr/5.4.0/avr5\libgcc.a(_clear_bss.o)
 .text.libgcc.prologue
                0x00000000        0x0 c:/program files (x86)/atmel/studio/7.0/toolchain/avr8/avr8-gnu-toolchain/bin/../lib/gcc/avr/5.4.0/avr5\libgcc.a(_clear_bss.o)
 .text.libgcc.builtins
                0x00000000        0x0 c:/program files (x86)/atmel/studio/7.0/toolchain/avr8/avr8-gnu-toolchain/bin/../lib/gcc/avr/5.4.0/avr5\libgcc.a(_clear_bss.o)
 .text.libgcc.fmul
                0x00000000        0x0 c:/program files (x86)/atmel/studio/7.0/toolchain/avr8/avr8-gnu-toolchain/bin/../lib/gcc/avr/5.4.0/avr5\libgcc.a(_clear_bss.o)
 .text.libgcc.fixed
                0x00000000        0x0 c:/program files (x86)/atmel/studio/7.0/toolchain/avr8/avr8-gnu-toolchain/bin/../lib/gcc/avr/5.4.0/avr5\libgcc.a(_clear_bss.o)

Memory Configuration

Name             Origin             Length             Attributes
text             0x00000000         0x00010000         xr
data             0x00800200         0x00002000         rw !x
eeprom           0x00810000         0x00001000         rw !x
fuse             0x00820000         0x00000003         rw !x
lock             0x00830000         0x00000400         rw !x
signature        0x00840000         0x00000400         rw !x
user_signatures  0x00850000         0x00000400         rw !x
*default*        0x00000000         0xffffffff

Linker script and memory map

Address of section .data set to 0x800200
LOAD C:/Program Files (x86)/Atmel/Studio/7.0/Packs/atmel/ATmega_DFP/1.7.374/gcc/dev/atmega640/avr5/crtatmega640.o
LOAD Bolera.o
LOAD ConfiguracionV1.o
LOAD Displays.o
LOAD Elevadores.o
LOAD Lanzador.o
LOAD main.o
LOAD Sensores_bolos.o
START GROUP
LOAD c:/program files (x86)/atmel/studio/7.0/toolchain/avr8/avr8-gnu-toolchain/bin/../lib/gcc/avr/5.4.0/../../../../avr/lib/avr5\libm.a
END GROUP
START GROUP
LOAD c:/program files (x86)/atmel/studio/7.0/toolchain/avr8/avr8-gnu-toolchain/bin/../lib/gcc/avr/5.4.0/avr5\libgcc.a
LOAD c:/program files (x86)/atmel/studio/7.0/toolchain/avr8/avr8-gnu-toolchain/bin/../lib/gcc/avr/5.4.0/../../../../avr/lib/avr5\libm.a
LOAD c:/program files (x86)/atmel/studio/7.0/toolchain/avr8/avr8-gnu-toolchain/bin/../lib/gcc/avr/5.4.0/../../../../avr/lib/avr5\libc.a
LOAD C:/Program Files (x86)/Atmel/Studio/7.0/Packs/atmel/ATmega_DFP/1.7.374/gcc/dev/atmega640/avr5\libatmega640.a
END GROUP
                0x00000000                __TEXT_REGION_ORIGIN__ = DEFINED (__TEXT_REGION_ORIGIN__)?__TEXT_REGION_ORIGIN__:0x0
                [0x00800200]                __DATA_REGION_ORIGIN__ = DEFINED (__DATA_REGION_ORIGIN__)?__DATA_REGION_ORIGIN__:0x800060
                [0x00010000]                __TEXT_REGION_LENGTH__ = DEFINED (__TEXT_REGION_LENGTH__)?__TEXT_REGION_LENGTH__:0x20000
                [0x00002000]                __DATA_REGION_LENGTH__ = DEFINED (__DATA_REGION_LENGTH__)?__DATA_REGION_LENGTH__:0xffa0
                [0x00001000]                __EEPROM_REGION_LENGTH__ = DEFINED (__EEPROM_REGION_LENGTH__)?__EEPROM_REGION_LENGTH__:0x10000
                [0x00000003]                __FUSE_REGION_LENGTH__ = DEFINED (__FUSE_REGION_LENGTH__)?__FUSE_REGION_LENGTH__:0x400
                0x00000400                __LOCK_REGION_LENGTH__ = DEFINED (__LOCK_REGION_LENGTH__)?__LOCK_REGION_LENGTH__:0x400
                0x00000400                __SIGNATURE_REGION_LENGTH__ = DEFINED (__SIGNATURE_REGION_LENGTH__)?__SIGNATURE_REGION_LENGTH__:0x400
                0x00000400                __USER_SIGNATURE_REGION_LENGTH__ = DEFINED (__USER_SIGNATURE_REGION_LENGTH__)?__USER_SIGNATURE_REGION_LENGTH__:0x400

.hash
 *(.hash)

.dynsym
 *(.dynsym)

.dynstr
 *(.dynstr)

.gnu.version
 *(.gnu.version)

.gnu.version_d
 *(.gnu.version_d)

.gnu.version_r
 *(.gnu.version_r)

.rel.init
 *(.rel.init)

.rela.init
 *(.rela.init)

.rel.text
 *(.rel.text)
 *(.rel.text.*)
 *(.rel.gnu.linkonce.t*)

.rela.text
 *(.rela.text)
 *(.rela.text.*)
 *(.rela.gnu.linkonce.t*)

.rel.fini
 *(.rel.fini)

.rela.fini
 *(.rela.fini)

.rel.rodata
 *(.rel.rodata)
 *(.rel.rodata.*)
 *(.rel.gnu.linkonce.r*)

.rela.rodata
 *(.rela.rodata)
 *(.rela.rodata.*)
 *(.rela.gnu.linkonce.r*)

.rel.data
 *(.rel.data)
 *(.rel.data.*)
 *(.rel.gnu.linkonce.d*)

.rela.data
 *(.rela.data)
 *(.rela.data.*)
 *(.rela.gnu.linkonce.d*)

.rel.ctors
 *(.rel.ctors)

.rela.ctors
 *(.rela.ctors)

.rel.dtors
 *(.rel.dtors)

.rela.dtors
 *(.rela.dtors)

.rel.got
 *(.rel.got)

.rela.got
 *(.rela.got)

.rel.bss
 *(.rel.bss)

.rela.bss
 *(.rela.bss)

.rel.plt
 *(.rel.plt)

.rela.plt
 *(.rela.plt)

.text           0x00000000      0xeba
 *(.vectors)
 .vectors       0x00000000       0xe4 C:/Program Files (x86)/Atmel/Studio/7.0/Packs/atmel/ATmega_DFP/1.7.374/gcc/dev/atmega640/avr5/crtatmega640.o
                0x00000000                __vector_default
                0x00000000                __vectors
 *(.vectors)
 *(.progmem.gcc*)
 .progmem.gcc_sw_table.DisplayUpdater
                0x000000e4       0x50 Displays.o
 .progmem.gcc_sw_table.main
                0x00000134        0xe main.o
                0x00000142                . = ALIGN (0x2)
                0x00000142                __trampolines_start = .
 *(.trampolines)
 .trampolines   0x00000142        0x0 linker stubs
 *(.trampolines*)
                0x00000142                __trampolines_end = .
 *libprintf_flt.a:*(.progmem.data)
 *libc.a:*(.progmem.data)
 *(.progmem*)
                0x00000142                . = ALIGN (0x2)
 *(.jumptables)
 *(.jumptables*)
 *(.lowtext)
 *(.lowtext*)
                0x00000142                __ctors_start = .
 *(.ctors)
                0x00000142                __ctors_end = .
                0x00000142                __dtors_start = .
 *(.dtors)
                0x00000142                __dtors_end = .
 SORT(*)(.ctors)
 SORT(*)(.dtors)
 *(.init0)
 .init0         0x00000142        0x0 C:/Program Files (x86)/Atmel/Studio/7.0/Packs/atmel/ATmega_DFP/1.7.374/gcc/dev/atmega640/avr5/crtatmega640.o
                0x00000142                __init
 *(.init0)
 *(.init1)
 *(.init1)
 *(.init2)
 .init2         0x00000142        0xc C:/Program Files (x86)/Atmel/Studio/7.0/Packs/atmel/ATmega_DFP/1.7.374/gcc/dev/atmega640/avr5/crtatmega640.o
 *(.init2)
 *(.init3)
 *(.init3)
 *(.init4)
 .init4         0x0000014e       0x16 c:/program files (x86)/atmel/studio/7.0/toolchain/avr8/avr8-gnu-toolchain/bin/../lib/gcc/avr/5.4.0/avr5\libgcc.a(_copy_data.o)
                0x0000014e                __do_copy_data
 .init4         0x00000164       0x10 c:/program files (x86)/atmel/studio/7.0/toolchain/avr8/avr8-gnu-toolchain/bin/../lib/gcc/avr/5.4.0/avr5\libgcc.a(_clear_bss.o)
                0x00000164                __do_clear_bss
 *(.init4)
 *(.init5)
 *(.init5)
 *(.init6)
 *(.init6)
 *(.init7)
 *(.init7)
 *(.init8)
 *(.init8)
 *(.init9)
 .init9         0x00000174        0x8 C:/Program Files (x86)/Atmel/Studio/7.0/Packs/atmel/ATmega_DFP/1.7.374/gcc/dev/atmega640/avr5/crtatmega640.o
 *(.init9)
 *(.text)
 .text          0x0000017c        0x4 C:/Program Files (x86)/Atmel/Studio/7.0/Packs/atmel/ATmega_DFP/1.7.374/gcc/dev/atmega640/avr5/crtatmega640.o
                0x0000017c                __vector_38
                0x0000017c                __vector_22
                0x0000017c                __vector_28
                0x0000017c                __vector_32
                0x0000017c                __vector_34
                0x0000017c                __vector_24
                0x0000017c                __vector_12
                0x0000017c                __vector_55
                0x0000017c                __vector_46
                0x0000017c                __bad_interrupt
                0x0000017c                __vector_6
                0x0000017c                __vector_31
                0x0000017c                __vector_35
                0x0000017c                __vector_39
                0x0000017c                __vector_23
                0x0000017c                __vector_30
                0x0000017c                __vector_45
                0x0000017c                __vector_25
                0x0000017c                __vector_54
                0x0000017c                __vector_13
                0x0000017c                __vector_19
                0x0000017c                __vector_56
                0x0000017c                __vector_7
                0x0000017c                __vector_49
                0x0000017c                __vector_41
                0x0000017c                __vector_43
                0x0000017c                __vector_27
                0x0000017c                __vector_5
                0x0000017c                __vector_33
                0x0000017c                __vector_47
                0x0000017c                __vector_52
                0x0000017c                __vector_37
                0x0000017c                __vector_44
                0x0000017c                __vector_51
                0x0000017c                __vector_9
                0x0000017c                __vector_2
                0x0000017c                __vector_15
                0x0000017c                __vector_36
                0x0000017c                __vector_29
                0x0000017c                __vector_40
                0x0000017c                __vector_8
                0x0000017c                __vector_26
                0x0000017c                __vector_48
                0x0000017c                __vector_14
                0x0000017c                __vector_53
                0x0000017c                __vector_10
                0x0000017c                __vector_50
                0x0000017c                __vector_16
                0x0000017c                __vector_18
                0x0000017c                __vector_20
                0x0000017c                __vector_42
                0x00000180                . = ALIGN (0x2)
 *(.text.*)
 .text.girarLanzador
                0x00000180       0x42 Bolera.o
                0x00000180                girarLanzador
 .text.frenoLanzador
                0x000001c2       0x18 Bolera.o
                0x000001c2                frenoLanzador
 .text.pararLanzador
                0x000001da       0x12 Bolera.o
                0x000001da                pararLanzador
 .text.moverVastagoAdelante
                0x000001ec       0x18 Bolera.o
                0x000001ec                moverVastagoAdelante
 .text.moverVastagoAtras
                0x00000204       0x18 Bolera.o
                0x00000204                moverVastagoAtras
 .text.pararVastago
                0x0000021c        0xc Bolera.o
                0x0000021c                pararVastago
 .text.engancharCarrito
                0x00000228       0x18 Bolera.o
                0x00000228                engancharCarrito
 .text.liberarCarrito
                0x00000240       0x18 Bolera.o
                0x00000240                liberarCarrito
 .text.pararCarrito
                0x00000258        0xc Bolera.o
                0x00000258                pararCarrito
 .text.getSensor1
                0x00000264        0xc Bolera.o
                0x00000264                getSensor1
 .text.getSensor2
                0x00000270        0x8 Bolera.o
                0x00000270                getSensor2
 .text.getSensor3
                0x00000278        0xa Bolera.o
                0x00000278                getSensor3
 .text.getSensor4
                0x00000282        0xa Bolera.o
                0x00000282                getSensor4
 .text.getSensor5
                0x0000028c        0xc Bolera.o
                0x0000028c                getSensor5
 .text.getSensor6
                0x00000298        0xc Bolera.o
                0x00000298                getSensor6
 .text.encenderLED
                0x000002a4        0xc Bolera.o
                0x000002a4                encenderLED
 .text.apagarLED
                0x000002b0        0xc Bolera.o
                0x000002b0                apagarLED
 .text.setup_puertos
                0x000002bc       0x32 ConfiguracionV1.o
                0x000002bc                setup_puertos
 .text.setup_timer0
                0x000002ee       0x16 ConfiguracionV1.o
                0x000002ee                setup_timer0
 .text.resetTimer1
                0x00000304        0xa ConfiguracionV1.o
                0x00000304                resetTimer1
 .text.disableTimer1Int
                0x0000030e        0x6 ConfiguracionV1.o
                0x0000030e                disableTimer1Int
 .text.enableTimer1Int
                0x00000314        0x8 ConfiguracionV1.o
                0x00000314                enableTimer1Int
 .text.setup_timer1
                0x0000031c       0x22 ConfiguracionV1.o
                0x0000031c                setup_timer1
 .text.DisplayUpdater
                0x0000033e      0x288 Displays.o
                0x0000033e                DisplayUpdater
 .text.setupEC  0x000005c6       0x22 Elevadores.o
                0x000005c6                setupEC
 .text.setupER  0x000005e8       0x14 Elevadores.o
                0x000005e8                setupER
 .text.setupElevadores
                0x000005fc        0xe Elevadores.o
                0x000005fc                setupElevadores
 .text.homeEC   0x0000060a       0x3a Elevadores.o
                0x0000060a                homeEC
 .text.homeER   0x00000644       0x20 Elevadores.o
                0x00000644                homeER
 .text.bajaEC   0x00000664       0x3e Elevadores.o
                0x00000664                bajaEC
 .text.subeEC   0x000006a2       0x40 Elevadores.o
                0x000006a2                subeEC
 .text.recarga  0x000006e2       0x16 Elevadores.o
                0x000006e2                recarga
 .text.OnSW5Interruption
                0x000006f8       0x4c Elevadores.o
                0x000006f8                OnSW5Interruption
 .text.UpdateTimerElevadores
                0x00000744       0x24 Elevadores.o
                0x00000744                UpdateTimerElevadores
 .text.setupLanzador
                0x00000768       0x64 Lanzador.o
                0x00000768                setupLanzador
 .text.lanzadorHome
                0x000007cc       0x24 Lanzador.o
                0x000007cc                lanzadorHome
 .text.vastagoHome
                0x000007f0       0x20 Lanzador.o
                0x000007f0                vastagoHome
 .text.carritoHome
                0x00000810       0x20 Lanzador.o
                0x00000810                carritoHome
 .text.updateTime
                0x00000830       0x60 Lanzador.o
                0x00000830                updateTime
 .text.parpadearLED
                0x00000890       0x32 Lanzador.o
                0x00000890                parpadearLED
 .text.OnSW2Interruption
                0x000008c2       0x92 Lanzador.o
                0x000008c2                OnSW2Interruption
 .text.__vector_21
                0x00000954       0xa4 main.o
                0x00000954                __vector_21
 .text.__vector_17
                0x000009f8       0x68 main.o
                0x000009f8                __vector_17
 .text.__vector_11
                0x00000a60       0x48 main.o
                0x00000a60                __vector_11
 .text.__vector_1
                0x00000aa8       0x62 main.o
                0x00000aa8                __vector_1
 .text.__vector_3
                0x00000b0a       0x82 main.o
                0x00000b0a                __vector_3
 .text.__vector_4
                0x00000b8c       0x48 main.o
                0x00000b8c                __vector_4
 .text.main     0x00000bd4      0x224 main.o
                0x00000bd4                main
 .text.habilitarInterrupcionesSensores
                0x00000df8        0x8 Sensores_bolos.o
                0x00000df8                habilitarInterrupcionesSensores
 .text.OnPinChangeBolos
                0x00000e00       0x66 Sensores_bolos.o
                0x00000e00                OnPinChangeBolos
 .text.libgcc.div
                0x00000e66       0x44 c:/program files (x86)/atmel/studio/7.0/toolchain/avr8/avr8-gnu-toolchain/bin/../lib/gcc/avr/5.4.0/avr5\libgcc.a(_udivmodsi4.o)
                0x00000e66                __udivmodsi4
 .text.libgcc   0x00000eaa        0xc c:/program files (x86)/atmel/studio/7.0/toolchain/avr8/avr8-gnu-toolchain/bin/../lib/gcc/avr/5.4.0/avr5\libgcc.a(_tablejump2.o)
                0x00000eaa                __tablejump2__
                0x00000eb6                . = ALIGN (0x2)
 *(.fini9)
 .fini9         0x00000eb6        0x0 c:/program files (x86)/atmel/studio/7.0/toolchain/avr8/avr8-gnu-toolchain/bin/../lib/gcc/avr/5.4.0/avr5\libgcc.a(_exit.o)
                0x00000eb6                _exit
                0x00000eb6                exit
 *(.fini9)
 *(.fini8)
 *(.fini8)
 *(.fini7)
 *(.fini7)
 *(.fini6)
 *(.fini6)
 *(.fini5)
 *(.fini5)
 *(.fini4)
 *(.fini4)
 *(.fini3)
 *(.fini3)
 *(.fini2)
 *(.fini2)
 *(.fini1)
 *(.fini1)
 *(.fini0)
 .fini0         0x00000eb6        0x4 c:/program files (x86)/atmel/studio/7.0/toolchain/avr8/avr8-gnu-toolchain/bin/../lib/gcc/avr/5.4.0/avr5\libgcc.a(_exit.o)
 *(.fini0)
                0x00000eba                _etext = .

.data           0x00800200        0x4 load address 0x00000eba
                0x00800200                PROVIDE (__data_start, .)
 *(.data)
 *(.data*)
 .data.lanzadorFlag
                0x00800200        0x1 Bolera.o
                0x00800200                lanzadorFlag
 .data.position
                0x00800201        0x1 Lanzador.o
                0x00800201                position
 .data.habilitarEstadoFinal
                0x00800202        0x1 main.o
                0x00800202                habilitarEstadoFinal
 *(.gnu.linkonce.d*)
 *(.rodata)
 *(.rodata*)
 *(.gnu.linkonce.r*)
                0x00800204                . = ALIGN (0x2)
 *fill*         0x00800203        0x1 
                0x00800204                _edata = .
                0x00800204                PROVIDE (__data_end, .)

.bss            0x00800204       0x28
                0x00800204                PROVIDE (__bss_start, .)
 *(.bss)
 *(.bss*)
 .bss.finalizadoFlag
                0x00800204        0x1 Displays.o
                0x00800204                finalizadoFlag
 .bss.parpadeos
                0x00800205        0x2 Displays.o
                0x00800205                parpadeos
 .bss.Time      0x00800207        0x2 Elevadores.o
                0x00800207                Time
 .bss.rutina    0x00800209        0x1 Elevadores.o
                0x00800209                rutina
 .bss.state     0x0080020a        0x1 Lanzador.o
                0x0080020a                state
 .bss.last_interruption_time
                0x0080020b        0x4 Lanzador.o
                0x0080020b                last_interruption_time
 .bss.ms_elapsed
                0x0080020f        0x4 Lanzador.o
                0x0080020f                ms_elapsed
 .bss.interrupt2
                0x00800213        0x2 main.o
                0x00800213                interrupt2
 .bss.interrupt0
                0x00800215        0x2 main.o
                0x00800215                interrupt0
 .bss.oscillando
                0x00800217        0x1 main.o
                0x00800217                oscillando
 .bss.timerTicks
                0x00800218        0x1 main.o
                0x00800218                timerTicks
 .bss.ultimoFlag
                0x00800219        0x1 main.o
                0x00800219                ultimoFlag
 .bss.parpadearFlag
                0x0080021a        0x1 main.o
                0x0080021a                parpadearFlag
 *(COMMON)
 COMMON         0x0080021b        0x3 Displays.o
                0x0080021b                puntuacion
                0x0080021c                pulsador
 COMMON         0x0080021e        0x2 Elevadores.o
                0x0080021e                ECPos
                0x0080021f                ERpos
 COMMON         0x00800220        0xc main.o
                0x00800220                state4
                0x00800222                state5
                0x00800224                state1
                0x00800226                state3
                0x00800228                state2
                0x0080022a                state6
                0x0080022c                PROVIDE (__bss_end, .)
                0x00000eba                __data_load_start = LOADADDR (.data)
                0x00000ebe                __data_load_end = (__data_load_start + SIZEOF (.data))

.noinit         0x0080022c        0x0
                [!provide]                PROVIDE (__noinit_start, .)
 *(.noinit*)
                [!provide]                PROVIDE (__noinit_end, .)
                0x0080022c                _end = .
                [!provide]                PROVIDE (__heap_start, .)

.eeprom         0x00810000        0x0
 *(.eeprom*)
                0x00810000                __eeprom_end = .

.fuse
 *(.fuse)
 *(.lfuse)
 *(.hfuse)
 *(.efuse)

.lock
 *(.lock*)

.signature
 *(.signature*)

.user_signatures
 *(.user_signatures*)

.stab
 *(.stab)

.stabstr
 *(.stabstr)

.stab.excl
 *(.stab.excl)

.stab.exclstr
 *(.stab.exclstr)

.stab.index
 *(.stab.index)

.stab.indexstr
 *(.stab.indexstr)

.comment        0x00000000       0x30
 *(.comment)
 .comment       0x00000000       0x30 Bolera.o
                                 0x31 (size before relaxing)
 .comment       0x00000030       0x31 ConfiguracionV1.o
 .comment       0x00000030       0x31 Displays.o
 .comment       0x00000030       0x31 Elevadores.o
 .comment       0x00000030       0x31 Lanzador.o
 .comment       0x00000030       0x31 main.o
 .comment       0x00000030       0x31 Sensores_bolos.o

.note.gnu.avr.deviceinfo
                0x00000000       0x3c
 .note.gnu.avr.deviceinfo
                0x00000000       0x3c C:/Program Files (x86)/Atmel/Studio/7.0/Packs/atmel/ATmega_DFP/1.7.374/gcc/dev/atmega640/avr5/crtatmega640.o

.note.gnu.build-id
 *(.note.gnu.build-id)

.debug
 *(.debug)

.line
 *(.line)

.debug_srcinfo
 *(.debug_srcinfo)

.debug_sfnames
 *(.debug_sfnames)

.debug_aranges  0x00000000      0x2a8
 *(.debug_aranges)
 .debug_aranges
                0x00000000       0xd8 Bolera.o
 .debug_aranges
                0x000000d8       0x48 ConfiguracionV1.o
 .debug_aranges
                0x00000120       0x30 Displays.o
 .debug_aranges
                0x00000150       0x78 Elevadores.o
 .debug_aranges
                0x000001c8       0x60 Lanzador.o
 .debug_aranges
                0x00000228       0x50 main.o
 .debug_aranges
                0x00000278       0x30 Sensores_bolos.o

.debug_pubnames
 *(.debug_pubnames)

.debug_info     0x00000000     0x2347
 *(.debug_info .gnu.linkonce.wi.*)
 .debug_info    0x00000000      0xba9 C:/Program Files (x86)/Atmel/Studio/7.0/Packs/atmel/ATmega_DFP/1.7.374/gcc/dev/atmega640/avr5/crtatmega640.o
 .debug_info    0x00000ba9      0x375 Bolera.o
 .debug_info    0x00000f1e       0xf6 ConfiguracionV1.o
 .debug_info    0x00001014      0x1f4 Displays.o
 .debug_info    0x00001208      0x2d0 Elevadores.o
 .debug_info    0x000014d8      0x419 Lanzador.o
 .debug_info    0x000018f1      0x984 main.o
 .debug_info    0x00002275       0xd2 Sensores_bolos.o

.debug_abbrev   0x00000000     0x11f6
 *(.debug_abbrev)
 .debug_abbrev  0x00000000      0xb08 C:/Program Files (x86)/Atmel/Studio/7.0/Packs/atmel/ATmega_DFP/1.7.374/gcc/dev/atmega640/avr5/crtatmega640.o
 .debug_abbrev  0x00000b08      0x103 Bolera.o
 .debug_abbrev  0x00000c0b       0x4f ConfiguracionV1.o
 .debug_abbrev  0x00000c5a       0xf2 Displays.o
 .debug_abbrev  0x00000d4c      0x11e Elevadores.o
 .debug_abbrev  0x00000e6a      0x1ad Lanzador.o
 .debug_abbrev  0x00001017      0x151 main.o
 .debug_abbrev  0x00001168       0x8e Sensores_bolos.o

.debug_line     0x00000000     0x16b6
 *(.debug_line .debug_line.* .debug_line_end)
 .debug_line    0x00000000      0x1ee C:/Program Files (x86)/Atmel/Studio/7.0/Packs/atmel/ATmega_DFP/1.7.374/gcc/dev/atmega640/avr5/crtatmega640.o
 .debug_line    0x000001ee      0x374 Bolera.o
 .debug_line    0x00000562      0x19e ConfiguracionV1.o
 .debug_line    0x00000700      0x2e4 Displays.o
 .debug_line    0x000009e4      0x39c Elevadores.o
 .debug_line    0x00000d80      0x2eb Lanzador.o
 .debug_line    0x0000106b      0x4f9 main.o
 .debug_line    0x00001564      0x152 Sensores_bolos.o

.debug_frame    0x00000000      0x63c
 *(.debug_frame)
 .debug_frame   0x00000000      0x194 Bolera.o
 .debug_frame   0x00000194       0x74 ConfiguracionV1.o
 .debug_frame   0x00000208       0x44 Displays.o
 .debug_frame   0x0000024c       0xd4 Elevadores.o
 .debug_frame   0x00000320       0xa4 Lanzador.o
 .debug_frame   0x000003c4      0x234 main.o
 .debug_frame   0x000005f8       0x44 Sensores_bolos.o

.debug_str      0x00000000      0xadc
 *(.debug_str)
 .debug_str     0x00000000      0x3e0 C:/Program Files (x86)/Atmel/Studio/7.0/Packs/atmel/ATmega_DFP/1.7.374/gcc/dev/atmega640/avr5/crtatmega640.o
 .debug_str     0x000003e0      0x2ea Bolera.o
                                0x31e (size before relaxing)
 .debug_str     0x000006ca       0x75 ConfiguracionV1.o
                                0x210 (size before relaxing)
 .debug_str     0x0000073f       0x6c Displays.o
                                0x210 (size before relaxing)
 .debug_str     0x000007ab       0xea Elevadores.o
                                0x293 (size before relaxing)
 .debug_str     0x00000895      0x10a Lanzador.o
                                0x378 (size before relaxing)
 .debug_str     0x0000099f      0x10b main.o
                                0x554 (size before relaxing)
 .debug_str     0x00000aaa       0x32 Sensores_bolos.o
                                0x209 (size before relaxing)

.debug_loc      0x00000000      0xb13
 *(.debug_loc)
 .debug_loc     0x00000000       0x4e Bolera.o
 .debug_loc     0x0000004e      0x1b8 Displays.o
 .debug_loc     0x00000206       0x90 Elevadores.o
 .debug_loc     0x00000296       0x48 Lanzador.o
 .debug_loc     0x000002de      0x822 main.o
 .debug_loc     0x00000b00       0x13 Sensores_bolos.o

.debug_macinfo
 *(.debug_macinfo)

.debug_weaknames
 *(.debug_weaknames)

.debug_funcnames
 *(.debug_funcnames)

.debug_typenames
 *(.debug_typenames)

.debug_varnames
 *(.debug_varnames)

.debug_pubtypes
 *(.debug_pubtypes)

.debug_ranges   0x00000000      0x238
 *(.debug_ranges)
 .debug_ranges  0x00000000       0xc8 Bolera.o
 .debug_ranges  0x000000c8       0x38 ConfiguracionV1.o
 .debug_ranges  0x00000100       0x20 Displays.o
 .debug_ranges  0x00000120       0x68 Elevadores.o
 .debug_ranges  0x00000188       0x50 Lanzador.o
 .debug_ranges  0x000001d8       0x40 main.o
 .debug_ranges  0x00000218       0x20 Sensores_bolos.o

.debug_macro
 *(.debug_macro)
OUTPUT(PruebaGlobal.elf elf32-avr)
LOAD linker stubs
